******************************************************************************
                  TI ARM Linker PC v5.1.6                      
******************************************************************************
>> Linked Mon Feb 13 12:39:32 2017

OUTPUT FILE NAME:   <ADC.out>
ENTRY POINT SYMBOL: "_c_int00"  address: 00000861


MEMORY CONFIGURATION

         name            origin    length      used     unused   attr    fill
----------------------  --------  ---------  --------  --------  ----  --------
  FLASH                 00000000   00040000  0000099c  0003f664  R  X
  SRAM                  20000000   00008000  00000218  00007de8  RW X


SEGMENT ALLOCATION MAP

run origin  load origin   length   init length attrs members
----------  ----------- ---------- ----------- ----- -------
00000000    00000000    000009a0   000009a0    r-x
  00000000    00000000    0000026c   0000026c    r-- .intvecs
  0000026c    0000026c    00000710   00000710    r-x .text
  00000980    00000980    00000020   00000020    r-- .cinit
20000000    20000000    00000218   00000000    rw-
  20000000    20000000    00000200   00000000    rw- .stack
  20000200    20000200    00000018   00000000    rw- .data


SECTION ALLOCATION MAP

 output                                  attributes/
section   page    origin      length       input sections
--------  ----  ----------  ----------   ----------------
.intvecs   0    00000000    0000026c     
                  00000000    0000026c     tm4c123gh6pge_startup_ccs.obj (.intvecs)

.init_array 
*          0    00000000    00000000     UNINITIALIZED

.text      0    0000026c    00000710     
                  0000026c    00000228     main.obj (.text)
                  00000494    000001b6     rtsv7M4_T_le_v4SPD16_eabi.lib : fd_add_t2.obj (.text)
                  0000064a    0000009c                                   : memcpy_t2.obj (.text)
                  000006e6    00000002     --HOLE-- [fill = 0]
                  000006e8    00000094                                   : auto_init.obj (.text)
                  0000077c    00000086                                   : fd_cmp_t2.obj (.text:__aeabi_cdcmple)
                  00000802    0000005e                                   : copy_decompress_rle.obj (.text)
                  00000860    00000048                                   : boot.obj (.text)
                  000008a8    00000044                                   : cpy_tbl.obj (.text)
                  000008ec    00000044                                   : exit.obj (.text)
                  00000930    00000018                                   : args_main.obj (.text)
                  00000948    00000014                                   : _lock.obj (.text)
                  0000095c    0000000e                                   : copy_decompress_none.obj (.text:decompress:none)
                  0000096a    0000000c     tm4c123gh6pge_startup_ccs.obj (.text)
                  00000976    00000006     rtsv7M4_T_le_v4SPD16_eabi.lib : copy_decompress_rle.obj (.text:decompress:rle24)

.cinit     0    00000980    00000020     
                  00000980    0000000f     (.cinit..data.load) [load image, compression = rle]
                  0000098f    00000001     --HOLE-- [fill = 0]
                  00000990    00000008     (__TI_handler_table)
                  00000998    00000008     (__TI_cinit_table)

.stack     0    20000000    00000200     UNINITIALIZED
                  20000000    00000200     --HOLE--

.data      0    20000200    00000018     UNINITIALIZED
                  20000200    00000008     rtsv7M4_T_le_v4SPD16_eabi.lib : _lock.obj (.data)
                  20000208    00000008                                   : exit.obj (.data)
                  20000210    00000004     main.obj (.data)
                  20000214    00000004     rtsv7M4_T_le_v4SPD16_eabi.lib : stkdepth_vars.obj (.data)


LINKER GENERATED COPY TABLES

__TI_cinit_table @ 00000998 records: 1, size/record: 8, table size: 8
	.data: load addr=00000980, load size=0000000f bytes, run addr=20000200, run size=00000018 bytes, compression=rle


LINKER GENERATED HANDLER TABLE

__TI_handler_table @ 00000990 records: 2, size/record: 4, table size: 8
	index: 0, handler: __TI_decompress_rle24
	index: 1, handler: __TI_decompress_none


GLOBAL SYMBOLS: SORTED ALPHABETICALLY BY Name 

address    name
--------   ----
000008ed   C$$EXIT
0000096b   ResetISR
UNDEFED    SHT$$INIT_ARRAY$$Base
UNDEFED    SHT$$INIT_ARRAY$$Limit
000002c1   System80Mhz
20000200   __STACK_END
00000200   __STACK_SIZE
20000200   __STACK_TOP
00000998   __TI_CINIT_Base
000009a0   __TI_CINIT_Limit
00000990   __TI_Handler_Table_Base
00000998   __TI_Handler_Table_Limit
00000001   __TI_args_main
000006e9   __TI_auto_init
20000208   __TI_cleanup_ptr
0000095d   __TI_decompress_none
00000977   __TI_decompress_rle24
2000020c   __TI_dtors_ptr
00000000   __TI_static_base__
0000077d   __aeabi_cdcmpeq
0000077d   __aeabi_cdcmple
0000049f   __aeabi_dadd
00000495   __aeabi_dsub
0000064b   __aeabi_memcpy
0000064b   __aeabi_memcpy4
0000064b   __aeabi_memcpy8
ffffffff   __binit__
ffffffff   __c_args__
20000000   __stack
00000931   _args_main
00000861   _c_int00
20000200   _lock
00000957   _nop
0000094f   _register_lock
00000949   _register_unlock
20000204   _unlock
000008f1   abort
ffffffff   binit
000008a9   copy_in
0000026d   delay
000008f9   exit
00000000   g_pfnVectors
20000210   i
000003cf   main
20000214   main_func_sp
0000064b   memcpy


GLOBAL SYMBOLS: SORTED BY Symbol Address 

address    name
--------   ----
00000000   __TI_static_base__
00000000   g_pfnVectors
00000001   __TI_args_main
00000200   __STACK_SIZE
0000026d   delay
000002c1   System80Mhz
000003cf   main
00000495   __aeabi_dsub
0000049f   __aeabi_dadd
0000064b   __aeabi_memcpy
0000064b   __aeabi_memcpy4
0000064b   __aeabi_memcpy8
0000064b   memcpy
000006e9   __TI_auto_init
0000077d   __aeabi_cdcmpeq
0000077d   __aeabi_cdcmple
00000861   _c_int00
000008a9   copy_in
000008ed   C$$EXIT
000008f1   abort
000008f9   exit
00000931   _args_main
00000949   _register_unlock
0000094f   _register_lock
00000957   _nop
0000095d   __TI_decompress_none
0000096b   ResetISR
00000977   __TI_decompress_rle24
00000990   __TI_Handler_Table_Base
00000998   __TI_CINIT_Base
00000998   __TI_Handler_Table_Limit
000009a0   __TI_CINIT_Limit
20000000   __stack
20000200   __STACK_END
20000200   __STACK_TOP
20000200   _lock
20000204   _unlock
20000208   __TI_cleanup_ptr
2000020c   __TI_dtors_ptr
20000210   i
20000214   main_func_sp
ffffffff   __binit__
ffffffff   __c_args__
ffffffff   binit
UNDEFED    SHT$$INIT_ARRAY$$Base
UNDEFED    SHT$$INIT_ARRAY$$Limit

[46 symbols]
