******************************************************************************
                  TI ARM Linker PC v5.1.6                      
******************************************************************************
>> Linked Sun Feb 05 00:59:18 2017

OUTPUT FILE NAME:   <UART(reciver).out>
ENTRY POINT SYMBOL: "_c_int00"  address: 0000087d


MEMORY CONFIGURATION

         name            origin    length      used     unused   attr    fill
----------------------  --------  ---------  --------  --------  ----  --------
  FLASH                 00000000   00040000  000009e2  0003f61e  R  X
  SRAM                  20000000   00008000  00000218  00007de8  RW X


SEGMENT ALLOCATION MAP

run origin  load origin   length   init length attrs members
----------  ----------- ---------- ----------- ----- -------
00000000    00000000    000009e8   000009e8    r-x
  00000000    00000000    0000026c   0000026c    r-- .intvecs
  0000026c    0000026c    0000073e   0000073e    r-x .text
  000009b0    000009b0    00000038   00000038    r-- .cinit
20000000    20000000    00000218   00000000    rw-
  20000000    20000000    00000200   00000000    rw- .stack
  20000200    20000200    00000014   00000000    rw- .data
  20000214    20000214    00000004   00000000    rw- .bss


SECTION ALLOCATION MAP

 output                                  attributes/
section   page    origin      length       input sections
--------  ----  ----------  ----------   ----------------
.intvecs   0    00000000    0000026c     
                  00000000    0000026c     tm4c123gh6pge_startup_ccs.obj (.intvecs)

.init_array 
*          0    00000000    00000000     UNINITIALIZED

.text      0    0000026c    0000073e     
                  0000026c    00000244     main.obj (.text)
                  000004b0    000001b6     rtsv7M4_T_le_v4SPD16_eabi.lib : fd_add_t2.obj (.text)
                  00000666    0000009c                                   : memcpy_t2.obj (.text)
                  00000702    00000002     --HOLE-- [fill = 0]
                  00000704    00000094                                   : auto_init.obj (.text)
                  00000798    00000086                                   : fd_cmp_t2.obj (.text:__aeabi_cdcmple)
                  0000081e    0000005e                                   : copy_decompress_rle.obj (.text)
                  0000087c    00000048                                   : boot.obj (.text)
                  000008c4    00000044                                   : cpy_tbl.obj (.text)
                  00000908    00000044                                   : exit.obj (.text)
                  0000094c    00000018                                   : args_main.obj (.text)
                  00000964    00000014                                   : _lock.obj (.text)
                  00000978    00000012                                   : copy_zero_init.obj (.text:decompress:ZI)
                  0000098a    0000000e                                   : copy_decompress_none.obj (.text:decompress:none)
                  00000998    0000000c     tm4c123gh6pge_startup_ccs.obj (.text)
                  000009a4    00000006     rtsv7M4_T_le_v4SPD16_eabi.lib : copy_decompress_rle.obj (.text:decompress:rle24)

.cinit     0    000009b0    00000038     
                  000009b0    0000000f     (.cinit..data.load) [load image, compression = rle]
                  000009bf    00000001     --HOLE-- [fill = 0]
                  000009c0    0000000c     (__TI_handler_table)
                  000009cc    00000004     --HOLE-- [fill = 0]
                  000009d0    00000008     (.cinit..bss.load) [load image, compression = zero_init]
                  000009d8    00000010     (__TI_cinit_table)

.stack     0    20000000    00000200     UNINITIALIZED
                  20000000    00000200     --HOLE--

.data      0    20000200    00000014     UNINITIALIZED
                  20000200    00000008     rtsv7M4_T_le_v4SPD16_eabi.lib : _lock.obj (.data)
                  20000208    00000008                                   : exit.obj (.data)
                  20000210    00000004                                   : stkdepth_vars.obj (.data)

.bss       0    20000214    00000004     UNINITIALIZED
                  20000214    00000004     (.common:i)


LINKER GENERATED COPY TABLES

__TI_cinit_table @ 000009d8 records: 2, size/record: 8, table size: 16
	.data: load addr=000009b0, load size=0000000f bytes, run addr=20000200, run size=00000014 bytes, compression=rle
	.bss: load addr=000009d0, load size=00000008 bytes, run addr=20000214, run size=00000004 bytes, compression=zero_init


LINKER GENERATED HANDLER TABLE

__TI_handler_table @ 000009c0 records: 3, size/record: 4, table size: 12
	index: 0, handler: __TI_decompress_rle24
	index: 1, handler: __TI_decompress_none
	index: 2, handler: __TI_zero_init


GLOBAL SYMBOLS: SORTED ALPHABETICALLY BY Name 

address    name
--------   ----
00000909   C$$EXIT
00000999   ResetISR
UNDEFED    SHT$$INIT_ARRAY$$Base
UNDEFED    SHT$$INIT_ARRAY$$Limit
000002c1   System80Mhz
20000200   __STACK_END
00000200   __STACK_SIZE
20000200   __STACK_TOP
000009d8   __TI_CINIT_Base
000009e8   __TI_CINIT_Limit
000009c0   __TI_Handler_Table_Base
000009cc   __TI_Handler_Table_Limit
00000001   __TI_args_main
00000705   __TI_auto_init
20000208   __TI_cleanup_ptr
0000098b   __TI_decompress_none
000009a5   __TI_decompress_rle24
2000020c   __TI_dtors_ptr
00000000   __TI_static_base__
00000979   __TI_zero_init
00000799   __aeabi_cdcmpeq
00000799   __aeabi_cdcmple
000004bb   __aeabi_dadd
000004b1   __aeabi_dsub
00000667   __aeabi_memcpy
00000667   __aeabi_memcpy4
00000667   __aeabi_memcpy8
ffffffff   __binit__
ffffffff   __c_args__
20000000   __stack
0000094d   _args_main
0000087d   _c_int00
20000200   _lock
00000973   _nop
0000096b   _register_lock
00000965   _register_unlock
20000204   _unlock
0000090d   abort
ffffffff   binit
000008c5   copy_in
0000026d   delay
00000915   exit
00000000   g_pfnVectors
20000214   i
000003cf   main
20000210   main_func_sp
00000667   memcpy


GLOBAL SYMBOLS: SORTED BY Symbol Address 

address    name
--------   ----
00000000   __TI_static_base__
00000000   g_pfnVectors
00000001   __TI_args_main
00000200   __STACK_SIZE
0000026d   delay
000002c1   System80Mhz
000003cf   main
000004b1   __aeabi_dsub
000004bb   __aeabi_dadd
00000667   __aeabi_memcpy
00000667   __aeabi_memcpy4
00000667   __aeabi_memcpy8
00000667   memcpy
00000705   __TI_auto_init
00000799   __aeabi_cdcmpeq
00000799   __aeabi_cdcmple
0000087d   _c_int00
000008c5   copy_in
00000909   C$$EXIT
0000090d   abort
00000915   exit
0000094d   _args_main
00000965   _register_unlock
0000096b   _register_lock
00000973   _nop
00000979   __TI_zero_init
0000098b   __TI_decompress_none
00000999   ResetISR
000009a5   __TI_decompress_rle24
000009c0   __TI_Handler_Table_Base
000009cc   __TI_Handler_Table_Limit
000009d8   __TI_CINIT_Base
000009e8   __TI_CINIT_Limit
20000000   __stack
20000200   __STACK_END
20000200   __STACK_TOP
20000200   _lock
20000204   _unlock
20000208   __TI_cleanup_ptr
2000020c   __TI_dtors_ptr
20000210   main_func_sp
20000214   i
ffffffff   __binit__
ffffffff   __c_args__
ffffffff   binit
UNDEFED    SHT$$INIT_ARRAY$$Base
UNDEFED    SHT$$INIT_ARRAY$$Limit

[47 symbols]
