******************************************************************************
                  TI ARM Linker PC v5.1.6                      
******************************************************************************
>> Linked Thu Jan 05 03:20:33 2017

OUTPUT FILE NAME:   <MOSFET logic.out>
ENTRY POINT SYMBOL: "_c_int00"  address: 00000999


MEMORY CONFIGURATION

         name            origin    length      used     unused   attr    fill
----------------------  --------  ---------  --------  --------  ----  --------
  FLASH                 00000000   00040000  00000ad8  0003f528  R  X
  SRAM                  20000000   00008000  00000220  00007de0  RW X


SEGMENT ALLOCATION MAP

run origin  load origin   length   init length attrs members
----------  ----------- ---------- ----------- ----- -------
00000000    00000000    00000adc   00000adc    r-x
  00000000    00000000    0000026c   0000026c    r-- .intvecs
  0000026c    0000026c    00000848   00000848    r-x .text
  00000ab8    00000ab8    00000024   00000024    r-- .cinit
20000000    20000000    00000220   00000000    rw-
  20000000    20000000    00000200   00000000    rw- .stack
  20000200    20000200    00000020   00000000    rw- .data


SECTION ALLOCATION MAP

 output                                  attributes/
section   page    origin      length       input sections
--------  ----  ----------  ----------   ----------------
.intvecs   0    00000000    0000026c     
                  00000000    0000026c     tm4c123gh6pge_startup_ccs.obj (.intvecs)

.init_array 
*          0    00000000    00000000     UNINITIALIZED

.text      0    0000026c    00000848     
                  0000026c    00000360     main.obj (.text)
                  000005cc    000001b6     rtsv7M4_T_le_v4SPD16_eabi.lib : fd_add_t2.obj (.text)
                  00000782    0000009c                                   : memcpy_t2.obj (.text)
                  0000081e    00000002     --HOLE-- [fill = 0]
                  00000820    00000094                                   : auto_init.obj (.text)
                  000008b4    00000086                                   : fd_cmp_t2.obj (.text:__aeabi_cdcmple)
                  0000093a    0000005e                                   : copy_decompress_rle.obj (.text)
                  00000998    00000048                                   : boot.obj (.text)
                  000009e0    00000044                                   : cpy_tbl.obj (.text)
                  00000a24    00000044                                   : exit.obj (.text)
                  00000a68    00000018                                   : args_main.obj (.text)
                  00000a80    00000014                                   : _lock.obj (.text)
                  00000a94    0000000e                                   : copy_decompress_none.obj (.text:decompress:none)
                  00000aa2    0000000c     tm4c123gh6pge_startup_ccs.obj (.text)
                  00000aae    00000006     rtsv7M4_T_le_v4SPD16_eabi.lib : copy_decompress_rle.obj (.text:decompress:rle24)

.cinit     0    00000ab8    00000024     
                  00000ab8    00000012     (.cinit..data.load) [load image, compression = rle]
                  00000aca    00000002     --HOLE-- [fill = 0]
                  00000acc    00000008     (__TI_handler_table)
                  00000ad4    00000008     (__TI_cinit_table)

.stack     0    20000000    00000200     UNINITIALIZED
                  20000000    00000200     --HOLE--

.data      0    20000200    00000020     UNINITIALIZED
                  20000200    0000000c     main.obj (.data)
                  2000020c    00000008     rtsv7M4_T_le_v4SPD16_eabi.lib : _lock.obj (.data)
                  20000214    00000008                                   : exit.obj (.data)
                  2000021c    00000004                                   : stkdepth_vars.obj (.data)


LINKER GENERATED COPY TABLES

__TI_cinit_table @ 00000ad4 records: 1, size/record: 8, table size: 8
	.data: load addr=00000ab8, load size=00000012 bytes, run addr=20000200, run size=00000020 bytes, compression=rle


LINKER GENERATED HANDLER TABLE

__TI_handler_table @ 00000acc records: 2, size/record: 4, table size: 8
	index: 0, handler: __TI_decompress_rle24
	index: 1, handler: __TI_decompress_none


GLOBAL SYMBOLS: SORTED ALPHABETICALLY BY Name 

address    name
--------   ----
00000a25   C$$EXIT
00000aa3   ResetISR
UNDEFED    SHT$$INIT_ARRAY$$Base
UNDEFED    SHT$$INIT_ARRAY$$Limit
0000026d   System80Mhz
20000200   __STACK_END
00000200   __STACK_SIZE
20000200   __STACK_TOP
00000ad4   __TI_CINIT_Base
00000adc   __TI_CINIT_Limit
00000acc   __TI_Handler_Table_Base
00000ad4   __TI_Handler_Table_Limit
00000001   __TI_args_main
00000821   __TI_auto_init
20000214   __TI_cleanup_ptr
00000a95   __TI_decompress_none
00000aaf   __TI_decompress_rle24
20000218   __TI_dtors_ptr
00000000   __TI_static_base__
000008b5   __aeabi_cdcmpeq
000008b5   __aeabi_cdcmple
000005d7   __aeabi_dadd
000005cd   __aeabi_dsub
00000783   __aeabi_memcpy
00000783   __aeabi_memcpy4
00000783   __aeabi_memcpy8
ffffffff   __binit__
ffffffff   __c_args__
20000000   __stack
00000a69   _args_main
00000999   _c_int00
2000020c   _lock
00000a8f   _nop
00000a87   _register_lock
00000a81   _register_unlock
20000210   _unlock
00000a29   abort
ffffffff   binit
000009e1   copy_in
0000034f   delay
00000a31   exit
00000000   g_pfnVectors
20000200   i
20000204   j
20000208   k
000003a3   main
2000021c   main_func_sp
00000783   memcpy


GLOBAL SYMBOLS: SORTED BY Symbol Address 

address    name
--------   ----
00000000   __TI_static_base__
00000000   g_pfnVectors
00000001   __TI_args_main
00000200   __STACK_SIZE
0000026d   System80Mhz
0000034f   delay
000003a3   main
000005cd   __aeabi_dsub
000005d7   __aeabi_dadd
00000783   __aeabi_memcpy
00000783   __aeabi_memcpy4
00000783   __aeabi_memcpy8
00000783   memcpy
00000821   __TI_auto_init
000008b5   __aeabi_cdcmpeq
000008b5   __aeabi_cdcmple
00000999   _c_int00
000009e1   copy_in
00000a25   C$$EXIT
00000a29   abort
00000a31   exit
00000a69   _args_main
00000a81   _register_unlock
00000a87   _register_lock
00000a8f   _nop
00000a95   __TI_decompress_none
00000aa3   ResetISR
00000aaf   __TI_decompress_rle24
00000acc   __TI_Handler_Table_Base
00000ad4   __TI_CINIT_Base
00000ad4   __TI_Handler_Table_Limit
00000adc   __TI_CINIT_Limit
20000000   __stack
20000200   __STACK_END
20000200   __STACK_TOP
20000200   i
20000204   j
20000208   k
2000020c   _lock
20000210   _unlock
20000214   __TI_cleanup_ptr
20000218   __TI_dtors_ptr
2000021c   main_func_sp
ffffffff   __binit__
ffffffff   __c_args__
ffffffff   binit
UNDEFED    SHT$$INIT_ARRAY$$Base
UNDEFED    SHT$$INIT_ARRAY$$Limit

[48 symbols]
