******************************************************************************
                  TI ARM Linker PC v5.1.6                      
******************************************************************************
>> Linked Wed Jan 04 17:41:58 2017

OUTPUT FILE NAME:   <debouncing.out>
ENTRY POINT SYMBOL: "_c_int00"  address: 00000499


MEMORY CONFIGURATION

         name            origin    length      used     unused   attr    fill
----------------------  --------  ---------  --------  --------  ----  --------
  FLASH                 00000000   00040000  000005fe  0003fa02  R  X
  SRAM                  20000000   00008000  0000021c  00007de4  RW X


SEGMENT ALLOCATION MAP

run origin  load origin   length   init length attrs members
----------  ----------- ---------- ----------- ----- -------
00000000    00000000    00000600   00000600    r-x
  00000000    00000000    0000026c   0000026c    r-- .intvecs
  0000026c    0000026c    0000035a   0000035a    r-x .text
  000005c8    000005c8    00000038   00000038    r-- .cinit
20000000    20000000    0000021c   00000000    rw-
  20000000    20000000    00000200   00000000    rw- .stack
  20000200    20000200    00000018   00000000    rw- .data
  20000218    20000218    00000004   00000000    rw- .bss


SECTION ALLOCATION MAP

 output                                  attributes/
section   page    origin      length       input sections
--------  ----  ----------  ----------   ----------------
.intvecs   0    00000000    0000026c     
                  00000000    0000026c     tm4c123gh6pge_startup_ccs.obj (.intvecs)

.init_array 
*          0    00000000    00000000     UNINITIALIZED

.text      0    0000026c    0000035a     
                  0000026c    0000009c     main.obj (.text)
                  00000308    0000009c     rtsv7M4_T_le_v4SPD16_eabi.lib : memcpy_t2.obj (.text)
                  000003a4    00000094                                   : auto_init.obj (.text)
                  00000438    0000005e                                   : copy_decompress_rle.obj (.text)
                  00000496    00000002     --HOLE-- [fill = 0]
                  00000498    00000048                                   : boot.obj (.text)
                  000004e0    00000044                                   : cpy_tbl.obj (.text)
                  00000524    00000044                                   : exit.obj (.text)
                  00000568    00000018                                   : args_main.obj (.text)
                  00000580    00000014                                   : _lock.obj (.text)
                  00000594    00000012                                   : copy_zero_init.obj (.text:decompress:ZI)
                  000005a6    0000000e                                   : copy_decompress_none.obj (.text:decompress:none)
                  000005b4    0000000c     tm4c123gh6pge_startup_ccs.obj (.text)
                  000005c0    00000006     rtsv7M4_T_le_v4SPD16_eabi.lib : copy_decompress_rle.obj (.text:decompress:rle24)

.cinit     0    000005c8    00000038     
                  000005c8    0000000f     (.cinit..data.load) [load image, compression = rle]
                  000005d7    00000001     --HOLE-- [fill = 0]
                  000005d8    0000000c     (__TI_handler_table)
                  000005e4    00000004     --HOLE-- [fill = 0]
                  000005e8    00000008     (.cinit..bss.load) [load image, compression = zero_init]
                  000005f0    00000010     (__TI_cinit_table)

.stack     0    20000000    00000200     UNINITIALIZED
                  20000000    00000200     --HOLE--

.data      0    20000200    00000018     UNINITIALIZED
                  20000200    00000008     rtsv7M4_T_le_v4SPD16_eabi.lib : _lock.obj (.data)
                  20000208    00000008                                   : exit.obj (.data)
                  20000210    00000004     main.obj (.data)
                  20000214    00000004     rtsv7M4_T_le_v4SPD16_eabi.lib : stkdepth_vars.obj (.data)

.bss       0    20000218    00000004     UNINITIALIZED
                  20000218    00000004     (.common:j)


LINKER GENERATED COPY TABLES

__TI_cinit_table @ 000005f0 records: 2, size/record: 8, table size: 16
	.data: load addr=000005c8, load size=0000000f bytes, run addr=20000200, run size=00000018 bytes, compression=rle
	.bss: load addr=000005e8, load size=00000008 bytes, run addr=20000218, run size=00000004 bytes, compression=zero_init


LINKER GENERATED HANDLER TABLE

__TI_handler_table @ 000005d8 records: 3, size/record: 4, table size: 12
	index: 0, handler: __TI_decompress_rle24
	index: 1, handler: __TI_decompress_none
	index: 2, handler: __TI_zero_init


GLOBAL SYMBOLS: SORTED ALPHABETICALLY BY Name 

address    name
--------   ----
00000525   C$$EXIT
000005b5   ResetISR
UNDEFED    SHT$$INIT_ARRAY$$Base
UNDEFED    SHT$$INIT_ARRAY$$Limit
20000200   __STACK_END
00000200   __STACK_SIZE
20000200   __STACK_TOP
000005f0   __TI_CINIT_Base
00000600   __TI_CINIT_Limit
000005d8   __TI_Handler_Table_Base
000005e4   __TI_Handler_Table_Limit
00000001   __TI_args_main
000003a5   __TI_auto_init
20000208   __TI_cleanup_ptr
000005a7   __TI_decompress_none
000005c1   __TI_decompress_rle24
2000020c   __TI_dtors_ptr
00000000   __TI_static_base__
00000595   __TI_zero_init
00000309   __aeabi_memcpy
00000309   __aeabi_memcpy4
00000309   __aeabi_memcpy8
ffffffff   __binit__
ffffffff   __c_args__
20000000   __stack
00000569   _args_main
00000499   _c_int00
20000200   _lock
0000058f   _nop
00000587   _register_lock
00000581   _register_unlock
20000204   _unlock
00000529   abort
ffffffff   binit
000004e1   copy_in
00000531   exit
00000000   g_pfnVectors
20000210   i
20000218   j
0000026d   main
20000214   main_func_sp
00000309   memcpy


GLOBAL SYMBOLS: SORTED BY Symbol Address 

address    name
--------   ----
00000000   __TI_static_base__
00000000   g_pfnVectors
00000001   __TI_args_main
00000200   __STACK_SIZE
0000026d   main
00000309   __aeabi_memcpy
00000309   __aeabi_memcpy4
00000309   __aeabi_memcpy8
00000309   memcpy
000003a5   __TI_auto_init
00000499   _c_int00
000004e1   copy_in
00000525   C$$EXIT
00000529   abort
00000531   exit
00000569   _args_main
00000581   _register_unlock
00000587   _register_lock
0000058f   _nop
00000595   __TI_zero_init
000005a7   __TI_decompress_none
000005b5   ResetISR
000005c1   __TI_decompress_rle24
000005d8   __TI_Handler_Table_Base
000005e4   __TI_Handler_Table_Limit
000005f0   __TI_CINIT_Base
00000600   __TI_CINIT_Limit
20000000   __stack
20000200   __STACK_END
20000200   __STACK_TOP
20000200   _lock
20000204   _unlock
20000208   __TI_cleanup_ptr
2000020c   __TI_dtors_ptr
20000210   i
20000214   main_func_sp
20000218   j
ffffffff   __binit__
ffffffff   __c_args__
ffffffff   binit
UNDEFED    SHT$$INIT_ARRAY$$Base
UNDEFED    SHT$$INIT_ARRAY$$Limit

[42 symbols]
