******************************************************************************
                  TI ARM Linker PC v5.1.6                      
******************************************************************************
>> Linked Fri Dec 30 23:38:57 2016

OUTPUT FILE NAME:   <led_blink.out>
ENTRY POINT SYMBOL: "_c_int00"  address: 00000481


MEMORY CONFIGURATION

         name            origin    length      used     unused   attr    fill
----------------------  --------  ---------  --------  --------  ----  --------
  FLASH                 00000000   00040000  000005e6  0003fa1a  R  X
  SRAM                  20000000   00008000  00000218  00007de8  RW X


SEGMENT ALLOCATION MAP

run origin  load origin   length   init length attrs members
----------  ----------- ---------- ----------- ----- -------
00000000    00000000    000005e8   000005e8    r-x
  00000000    00000000    0000026c   0000026c    r-- .intvecs
  0000026c    0000026c    00000342   00000342    r-x .text
  000005b0    000005b0    00000038   00000038    r-- .cinit
20000000    20000000    00000218   00000000    rw-
  20000000    20000000    00000200   00000000    rw- .stack
  20000200    20000200    00000014   00000000    rw- .data
  20000214    20000214    00000004   00000000    rw- .bss


SECTION ALLOCATION MAP

 output                                  attributes/
section   page    origin      length       input sections
--------  ----  ----------  ----------   ----------------
.intvecs   0    00000000    0000026c     
                  00000000    0000026c     tm4c123gh6pge_startup_ccs.obj (.intvecs)

.init_array 
*          0    00000000    00000000     UNINITIALIZED

.text      0    0000026c    00000342     
                  0000026c    0000009c     rtsv7M4_T_le_v4SPD16_eabi.lib : memcpy_t2.obj (.text)
                  00000308    00000094                                   : auto_init.obj (.text)
                  0000039c    00000084     main.obj (.text)
                  00000420    0000005e     rtsv7M4_T_le_v4SPD16_eabi.lib : copy_decompress_rle.obj (.text)
                  0000047e    00000002     --HOLE-- [fill = 0]
                  00000480    00000048                                   : boot.obj (.text)
                  000004c8    00000044                                   : cpy_tbl.obj (.text)
                  0000050c    00000044                                   : exit.obj (.text)
                  00000550    00000018                                   : args_main.obj (.text)
                  00000568    00000014                                   : _lock.obj (.text)
                  0000057c    00000012                                   : copy_zero_init.obj (.text:decompress:ZI)
                  0000058e    0000000e                                   : copy_decompress_none.obj (.text:decompress:none)
                  0000059c    0000000c     tm4c123gh6pge_startup_ccs.obj (.text)
                  000005a8    00000006     rtsv7M4_T_le_v4SPD16_eabi.lib : copy_decompress_rle.obj (.text:decompress:rle24)

.cinit     0    000005b0    00000038     
                  000005b0    0000000f     (.cinit..data.load) [load image, compression = rle]
                  000005bf    00000001     --HOLE-- [fill = 0]
                  000005c0    0000000c     (__TI_handler_table)
                  000005cc    00000004     --HOLE-- [fill = 0]
                  000005d0    00000008     (.cinit..bss.load) [load image, compression = zero_init]
                  000005d8    00000010     (__TI_cinit_table)

.stack     0    20000000    00000200     UNINITIALIZED
                  20000000    00000200     --HOLE--

.data      0    20000200    00000014     UNINITIALIZED
                  20000200    00000008     rtsv7M4_T_le_v4SPD16_eabi.lib : _lock.obj (.data)
                  20000208    00000008                                   : exit.obj (.data)
                  20000210    00000004                                   : stkdepth_vars.obj (.data)

.bss       0    20000214    00000004     UNINITIALIZED
                  20000214    00000004     (.common:i)


LINKER GENERATED COPY TABLES

__TI_cinit_table @ 000005d8 records: 2, size/record: 8, table size: 16
	.data: load addr=000005b0, load size=0000000f bytes, run addr=20000200, run size=00000014 bytes, compression=rle
	.bss: load addr=000005d0, load size=00000008 bytes, run addr=20000214, run size=00000004 bytes, compression=zero_init


LINKER GENERATED HANDLER TABLE

__TI_handler_table @ 000005c0 records: 3, size/record: 4, table size: 12
	index: 0, handler: __TI_decompress_rle24
	index: 1, handler: __TI_decompress_none
	index: 2, handler: __TI_zero_init


GLOBAL SYMBOLS: SORTED ALPHABETICALLY BY Name 

address    name
--------   ----
0000050d   C$$EXIT
0000059d   ResetISR
UNDEFED    SHT$$INIT_ARRAY$$Base
UNDEFED    SHT$$INIT_ARRAY$$Limit
20000200   __STACK_END
00000200   __STACK_SIZE
20000200   __STACK_TOP
000005d8   __TI_CINIT_Base
000005e8   __TI_CINIT_Limit
000005c0   __TI_Handler_Table_Base
000005cc   __TI_Handler_Table_Limit
00000001   __TI_args_main
00000309   __TI_auto_init
20000208   __TI_cleanup_ptr
0000058f   __TI_decompress_none
000005a9   __TI_decompress_rle24
2000020c   __TI_dtors_ptr
00000000   __TI_static_base__
0000057d   __TI_zero_init
0000026d   __aeabi_memcpy
0000026d   __aeabi_memcpy4
0000026d   __aeabi_memcpy8
ffffffff   __binit__
ffffffff   __c_args__
20000000   __stack
00000551   _args_main
00000481   _c_int00
20000200   _lock
00000577   _nop
0000056f   _register_lock
00000569   _register_unlock
20000204   _unlock
00000511   abort
ffffffff   binit
000004c9   copy_in
00000519   exit
00000000   g_pfnVectors
20000214   i
0000039d   main
20000210   main_func_sp
0000026d   memcpy


GLOBAL SYMBOLS: SORTED BY Symbol Address 

address    name
--------   ----
00000000   __TI_static_base__
00000000   g_pfnVectors
00000001   __TI_args_main
00000200   __STACK_SIZE
0000026d   __aeabi_memcpy
0000026d   __aeabi_memcpy4
0000026d   __aeabi_memcpy8
0000026d   memcpy
00000309   __TI_auto_init
0000039d   main
00000481   _c_int00
000004c9   copy_in
0000050d   C$$EXIT
00000511   abort
00000519   exit
00000551   _args_main
00000569   _register_unlock
0000056f   _register_lock
00000577   _nop
0000057d   __TI_zero_init
0000058f   __TI_decompress_none
0000059d   ResetISR
000005a9   __TI_decompress_rle24
000005c0   __TI_Handler_Table_Base
000005cc   __TI_Handler_Table_Limit
000005d8   __TI_CINIT_Base
000005e8   __TI_CINIT_Limit
20000000   __stack
20000200   __STACK_END
20000200   __STACK_TOP
20000200   _lock
20000204   _unlock
20000208   __TI_cleanup_ptr
2000020c   __TI_dtors_ptr
20000210   main_func_sp
20000214   i
ffffffff   __binit__
ffffffff   __c_args__
ffffffff   binit
UNDEFED    SHT$$INIT_ARRAY$$Base
UNDEFED    SHT$$INIT_ARRAY$$Limit

[41 symbols]
