******************************************************************************
                  TI ARM Linker PC v5.1.6                      
******************************************************************************
>> Linked Thu Jan 05 04:22:58 2017

OUTPUT FILE NAME:   <IFM.out>
ENTRY POINT SYMBOL: "_c_int00"  address: 00000a1d


MEMORY CONFIGURATION

         name            origin    length      used     unused   attr    fill
----------------------  --------  ---------  --------  --------  ----  --------
  FLASH                 00000000   00040000  00000bb2  0003f44e  R  X
  SRAM                  20000000   00008000  0000021c  00007de4  RW X


SEGMENT ALLOCATION MAP

run origin  load origin   length   init length attrs members
----------  ----------- ---------- ----------- ----- -------
00000000    00000000    00000bb8   00000bb8    r-x
  00000000    00000000    0000026c   0000026c    r-- .intvecs
  0000026c    0000026c    0000090e   0000090e    r-x .text
  00000b80    00000b80    00000038   00000038    r-- .cinit
20000000    20000000    0000021c   00000000    rw-
  20000000    20000000    00000200   00000000    rw- .stack
  20000200    20000200    00000018   00000000    rw- .data
  20000218    20000218    00000004   00000000    rw- .bss


SECTION ALLOCATION MAP

 output                                  attributes/
section   page    origin      length       input sections
--------  ----  ----------  ----------   ----------------
.intvecs   0    00000000    0000026c     
                  00000000    0000026c     tm4c123gh6pge_startup_ccs.obj (.intvecs)

.init_array 
*          0    00000000    00000000     UNINITIALIZED

.text      0    0000026c    0000090e     
                  0000026c    00000264     main.obj (.text)
                  000004d0    000001b6     rtsv7M4_T_le_v4SPD16_eabi.lib : fd_add_t2.obj (.text)
                  00000686    00000136                                   : fd_div_t2.obj (.text)
                  000007bc    0000009c                                   : memcpy_t2.obj (.text)
                  00000858    00000094                                   : auto_init.obj (.text)
                  000008ec    00000086                                   : fd_cmp_t2.obj (.text:__aeabi_cdcmple)
                  00000972    0000005e                                   : copy_decompress_rle.obj (.text)
                  000009d0    0000004a                                   : fd_tos_t2.obj (.text)
                  00000a1a    00000002     --HOLE-- [fill = 0]
                  00000a1c    00000048                                   : boot.obj (.text)
                  00000a64    00000044                                   : cpy_tbl.obj (.text)
                  00000aa8    00000044                                   : exit.obj (.text)
                  00000aec    0000002e                                   : i_tofd_t2.obj (.text)
                  00000b1a    00000002     --HOLE-- [fill = 0]
                  00000b1c    00000018                                   : args_main.obj (.text)
                  00000b34    00000014                                   : _lock.obj (.text)
                  00000b48    00000012                                   : copy_zero_init.obj (.text:decompress:ZI)
                  00000b5a    0000000e                                   : copy_decompress_none.obj (.text:decompress:none)
                  00000b68    0000000c     tm4c123gh6pge_startup_ccs.obj (.text)
                  00000b74    00000006     rtsv7M4_T_le_v4SPD16_eabi.lib : copy_decompress_rle.obj (.text:decompress:rle24)

.cinit     0    00000b80    00000038     
                  00000b80    0000000f     (.cinit..data.load) [load image, compression = rle]
                  00000b8f    00000001     --HOLE-- [fill = 0]
                  00000b90    0000000c     (__TI_handler_table)
                  00000b9c    00000004     --HOLE-- [fill = 0]
                  00000ba0    00000008     (.cinit..bss.load) [load image, compression = zero_init]
                  00000ba8    00000010     (__TI_cinit_table)

.stack     0    20000000    00000200     UNINITIALIZED
                  20000000    00000200     --HOLE--

.data      0    20000200    00000018     UNINITIALIZED
                  20000200    00000008     rtsv7M4_T_le_v4SPD16_eabi.lib : _lock.obj (.data)
                  20000208    00000008                                   : exit.obj (.data)
                  20000210    00000004     main.obj (.data)
                  20000214    00000004     rtsv7M4_T_le_v4SPD16_eabi.lib : stkdepth_vars.obj (.data)

.bss       0    20000218    00000004     UNINITIALIZED
                  20000218    00000004     (.common:x)


LINKER GENERATED COPY TABLES

__TI_cinit_table @ 00000ba8 records: 2, size/record: 8, table size: 16
	.data: load addr=00000b80, load size=0000000f bytes, run addr=20000200, run size=00000018 bytes, compression=rle
	.bss: load addr=00000ba0, load size=00000008 bytes, run addr=20000218, run size=00000004 bytes, compression=zero_init


LINKER GENERATED HANDLER TABLE

__TI_handler_table @ 00000b90 records: 3, size/record: 4, table size: 12
	index: 0, handler: __TI_decompress_rle24
	index: 1, handler: __TI_decompress_none
	index: 2, handler: __TI_zero_init


GLOBAL SYMBOLS: SORTED ALPHABETICALLY BY Name 

address    name
--------   ----
00000aa9   C$$EXIT
00000b69   ResetISR
UNDEFED    SHT$$INIT_ARRAY$$Base
UNDEFED    SHT$$INIT_ARRAY$$Limit
000002c1   System80Mhz
20000200   __STACK_END
00000200   __STACK_SIZE
20000200   __STACK_TOP
00000ba8   __TI_CINIT_Base
00000bb8   __TI_CINIT_Limit
00000b90   __TI_Handler_Table_Base
00000b9c   __TI_Handler_Table_Limit
00000001   __TI_args_main
00000859   __TI_auto_init
20000208   __TI_cleanup_ptr
00000b5b   __TI_decompress_none
00000b75   __TI_decompress_rle24
2000020c   __TI_dtors_ptr
00000000   __TI_static_base__
00000b49   __TI_zero_init
000008ed   __aeabi_cdcmpeq
000008ed   __aeabi_cdcmple
000009d1   __aeabi_d2f
000004db   __aeabi_dadd
00000687   __aeabi_ddiv
000004d1   __aeabi_dsub
00000aed   __aeabi_i2d
000007bd   __aeabi_memcpy
000007bd   __aeabi_memcpy4
000007bd   __aeabi_memcpy8
ffffffff   __binit__
ffffffff   __c_args__
20000000   __stack
00000b1d   _args_main
00000a1d   _c_int00
20000200   _lock
00000b43   _nop
00000b3b   _register_lock
00000b35   _register_unlock
20000204   _unlock
00000aad   abort
ffffffff   binit
00000a65   copy_in
0000026d   delay
00000ab5   exit
00000000   g_pfnVectors
20000210   i
000003cf   main
20000214   main_func_sp
000007bd   memcpy
20000218   x


GLOBAL SYMBOLS: SORTED BY Symbol Address 

address    name
--------   ----
00000000   __TI_static_base__
00000000   g_pfnVectors
00000001   __TI_args_main
00000200   __STACK_SIZE
0000026d   delay
000002c1   System80Mhz
000003cf   main
000004d1   __aeabi_dsub
000004db   __aeabi_dadd
00000687   __aeabi_ddiv
000007bd   __aeabi_memcpy
000007bd   __aeabi_memcpy4
000007bd   __aeabi_memcpy8
000007bd   memcpy
00000859   __TI_auto_init
000008ed   __aeabi_cdcmpeq
000008ed   __aeabi_cdcmple
000009d1   __aeabi_d2f
00000a1d   _c_int00
00000a65   copy_in
00000aa9   C$$EXIT
00000aad   abort
00000ab5   exit
00000aed   __aeabi_i2d
00000b1d   _args_main
00000b35   _register_unlock
00000b3b   _register_lock
00000b43   _nop
00000b49   __TI_zero_init
00000b5b   __TI_decompress_none
00000b69   ResetISR
00000b75   __TI_decompress_rle24
00000b90   __TI_Handler_Table_Base
00000b9c   __TI_Handler_Table_Limit
00000ba8   __TI_CINIT_Base
00000bb8   __TI_CINIT_Limit
20000000   __stack
20000200   __STACK_END
20000200   __STACK_TOP
20000200   _lock
20000204   _unlock
20000208   __TI_cleanup_ptr
2000020c   __TI_dtors_ptr
20000210   i
20000214   main_func_sp
20000218   x
ffffffff   __binit__
ffffffff   __c_args__
ffffffff   binit
UNDEFED    SHT$$INIT_ARRAY$$Base
UNDEFED    SHT$$INIT_ARRAY$$Limit

[51 symbols]
