******************************************************************************
                  TI ARM Linker PC v5.1.6                      
******************************************************************************
>> Linked Mon Feb 06 21:20:03 2017

OUTPUT FILE NAME:   <RPM control.out>
ENTRY POINT SYMBOL: "_c_int00"  address: 00000f79


MEMORY CONFIGURATION

         name            origin    length      used     unused   attr    fill
----------------------  --------  ---------  --------  --------  ----  --------
  FLASH                 00000000   00040000  00001192  0003ee6e  R  X
  SRAM                  20000000   00008000  0000024c  00007db4  RW X


SEGMENT ALLOCATION MAP

run origin  load origin   length   init length attrs members
----------  ----------- ---------- ----------- ----- -------
00000000    00000000    00001198   00001198    r-x
  00000000    00000000    0000026c   0000026c    r-- .intvecs
  0000026c    0000026c    00000eb6   00000eb6    r-x .text
  00001124    00001124    00000030   00000030    r-- .const
  00001158    00001158    00000040   00000040    r-- .cinit
20000000    20000000    0000024c   00000000    rw-
  20000000    20000000    00000200   00000000    rw- .stack
  20000200    20000200    00000044   00000000    rw- .data
  20000244    20000244    00000008   00000000    rw- .bss


SECTION ALLOCATION MAP

 output                                  attributes/
section   page    origin      length       input sections
--------  ----  ----------  ----------   ----------------
.intvecs   0    00000000    0000026c     
                  00000000    0000026c     tm4c123gh6pge_startup_ccs.obj (.intvecs)

.init_array 
*          0    00000000    00000000     UNINITIALIZED

.text      0    0000026c    00000eb6     
                  0000026c    00000694     main.obj (.text)
                  00000900    000001b6     rtsv7M4_T_le_v4SPD16_eabi.lib : fd_add_t2.obj (.text)
                  00000ab6    00000136                                   : fd_div_t2.obj (.text)
                  00000bec    000000c4                                   : xdint.obj (.text)
                  00000cb0    0000009c                                   : memcpy_t2.obj (.text)
                  00000d4c    00000094                                   : auto_init.obj (.text)
                  00000de0    00000086                                   : fd_cmp_t2.obj (.text:__aeabi_cdcmple)
                  00000e66    00000002     --HOLE-- [fill = 0]
                  00000e68    00000068                                   : round.obj (.text)
                  00000ed0    0000005e                                   : copy_decompress_rle.obj (.text)
                  00000f2e    0000004a                                   : fd_tos_t2.obj (.text)
                  00000f78    00000048                                   : boot.obj (.text)
                  00000fc0    00000044                                   : cpy_tbl.obj (.text)
                  00001004    00000044                                   : exit.obj (.text)
                  00001048    00000044                                   : xdtest.obj (.text)
                  0000108c    00000038                                   : fs_tod_t2.obj (.text)
                  000010c4    00000018                                   : args_main.obj (.text)
                  000010dc    00000014                                   : _lock.obj (.text)
                  000010f0    00000012                                   : copy_zero_init.obj (.text:decompress:ZI)
                  00001102    0000000e                                   : copy_decompress_none.obj (.text:decompress:none)
                  00001110    0000000c     tm4c123gh6pge_startup_ccs.obj (.text)
                  0000111c    00000006     rtsv7M4_T_le_v4SPD16_eabi.lib : copy_decompress_rle.obj (.text:decompress:rle24)

.const     0    00001124    00000030     
                  00001124    00000030     rtsv7M4_T_le_v4SPD16_eabi.lib : xdint.obj (.const)

.cinit     0    00001158    00000040     
                  00001158    00000019     (.cinit..data.load) [load image, compression = rle]
                  00001171    00000003     --HOLE-- [fill = 0]
                  00001174    0000000c     (__TI_handler_table)
                  00001180    00000008     (.cinit..bss.load) [load image, compression = zero_init]
                  00001188    00000010     (__TI_cinit_table)

.stack     0    20000000    00000200     UNINITIALIZED
                  20000000    00000200     --HOLE--

.data      0    20000200    00000044     UNINITIALIZED
                  20000200    00000030     main.obj (.data)
                  20000230    00000008     rtsv7M4_T_le_v4SPD16_eabi.lib : _lock.obj (.data)
                  20000238    00000008                                   : exit.obj (.data)
                  20000240    00000004                                   : stkdepth_vars.obj (.data)

.bss       0    20000244    00000008     UNINITIALIZED
                  20000244    00000004     (.common:x)
                  20000248    00000004     (.common:y)


LINKER GENERATED COPY TABLES

__TI_cinit_table @ 00001188 records: 2, size/record: 8, table size: 16
	.data: load addr=00001158, load size=00000019 bytes, run addr=20000200, run size=00000044 bytes, compression=rle
	.bss: load addr=00001180, load size=00000008 bytes, run addr=20000244, run size=00000008 bytes, compression=zero_init


LINKER GENERATED HANDLER TABLE

__TI_handler_table @ 00001174 records: 3, size/record: 4, table size: 12
	index: 0, handler: __TI_decompress_rle24
	index: 1, handler: __TI_decompress_none
	index: 2, handler: __TI_zero_init


GLOBAL SYMBOLS: SORTED ALPHABETICALLY BY Name 

address    name
--------   ----
00001005   C$$EXIT
0000065d   ISR1
000006a1   ISR2
000003f1   PID
00000709   PWM_init
00001111   ResetISR
UNDEFED    SHT$$INIT_ARRAY$$Base
UNDEFED    SHT$$INIT_ARRAY$$Limit
000002c1   System80Mhz
00000bed   _Dint
00001049   _Dtest
20000200   __STACK_END
00000200   __STACK_SIZE
20000200   __STACK_TOP
00001188   __TI_CINIT_Base
00001198   __TI_CINIT_Limit
00001174   __TI_Handler_Table_Base
00001180   __TI_Handler_Table_Limit
00000001   __TI_args_main
00000d4d   __TI_auto_init
20000238   __TI_cleanup_ptr
00001103   __TI_decompress_none
0000111d   __TI_decompress_rle24
2000023c   __TI_dtors_ptr
00000000   __TI_static_base__
000010f1   __TI_zero_init
00000de1   __aeabi_cdcmpeq
00000de1   __aeabi_cdcmple
00000f2f   __aeabi_d2f
0000090b   __aeabi_dadd
00000ab7   __aeabi_ddiv
00000901   __aeabi_dsub
0000108d   __aeabi_f2d
00000cb1   __aeabi_memcpy
00000cb1   __aeabi_memcpy4
00000cb1   __aeabi_memcpy8
ffffffff   __binit__
ffffffff   __c_args__
20000000   __stack
000010c5   _args_main
00000f79   _c_int00
20000230   _lock
000010eb   _nop
000010e3   _register_lock
000010dd   _register_unlock
20000234   _unlock
00001009   abort
ffffffff   binit
00000fc1   copy_in
20000220   curr
0000026d   delay
20000208   duty
2000022c   enc_count
0000079d   encoder_init
20000210   error
00001011   exit
00000000   g_pfnVectors
20000228   k
20000218   kp
0000080d   main
20000240   main_func_sp
00000cb1   memcpy
2000021c   p
20000224   prev
20000204   req_rpm
00000e69   round
20000200   rpm
20000214   setpoint
00000751   timer_init
2000020c   value
20000244   x
20000248   y


GLOBAL SYMBOLS: SORTED BY Symbol Address 

address    name
--------   ----
00000000   __TI_static_base__
00000000   g_pfnVectors
00000001   __TI_args_main
00000200   __STACK_SIZE
0000026d   delay
000002c1   System80Mhz
000003f1   PID
0000065d   ISR1
000006a1   ISR2
00000709   PWM_init
00000751   timer_init
0000079d   encoder_init
0000080d   main
00000901   __aeabi_dsub
0000090b   __aeabi_dadd
00000ab7   __aeabi_ddiv
00000bed   _Dint
00000cb1   __aeabi_memcpy
00000cb1   __aeabi_memcpy4
00000cb1   __aeabi_memcpy8
00000cb1   memcpy
00000d4d   __TI_auto_init
00000de1   __aeabi_cdcmpeq
00000de1   __aeabi_cdcmple
00000e69   round
00000f2f   __aeabi_d2f
00000f79   _c_int00
00000fc1   copy_in
00001005   C$$EXIT
00001009   abort
00001011   exit
00001049   _Dtest
0000108d   __aeabi_f2d
000010c5   _args_main
000010dd   _register_unlock
000010e3   _register_lock
000010eb   _nop
000010f1   __TI_zero_init
00001103   __TI_decompress_none
00001111   ResetISR
0000111d   __TI_decompress_rle24
00001174   __TI_Handler_Table_Base
00001180   __TI_Handler_Table_Limit
00001188   __TI_CINIT_Base
00001198   __TI_CINIT_Limit
20000000   __stack
20000200   __STACK_END
20000200   __STACK_TOP
20000200   rpm
20000204   req_rpm
20000208   duty
2000020c   value
20000210   error
20000214   setpoint
20000218   kp
2000021c   p
20000220   curr
20000224   prev
20000228   k
2000022c   enc_count
20000230   _lock
20000234   _unlock
20000238   __TI_cleanup_ptr
2000023c   __TI_dtors_ptr
20000240   main_func_sp
20000244   x
20000248   y
ffffffff   __binit__
ffffffff   __c_args__
ffffffff   binit
UNDEFED    SHT$$INIT_ARRAY$$Base
UNDEFED    SHT$$INIT_ARRAY$$Limit

[72 symbols]
