<?xml version="1.0"?>
<link_info>
   <banner>TI ARM Linker PC v5.1.6</banner>
   <copyright>Copyright (c) 1996-2014 Texas Instruments Incorporated</copyright>
   <link_time>0x58989b2b</link_time>
   <link_errors>0x0</link_errors>
   <output_file>RPM control.out</output_file>
   <entry_point>
      <name>_c_int00</name>
      <address>0xf79</address>
   </entry_point>
   <input_file_list>
      <input_file id="fl-2">
         <path>.\</path>
         <kind>object</kind>
         <file>main.obj</file>
         <name>main.obj</name>
      </input_file>
      <input_file id="fl-3">
         <path>.\</path>
         <kind>object</kind>
         <file>tm4c123gh6pge_startup_ccs.obj</file>
         <name>tm4c123gh6pge_startup_ccs.obj</name>
      </input_file>
      <input_file id="fl-130">
         <path>c:\ti\ccsv6\tools\compiler\arm_5.1.6\lib\</path>
         <kind>archive</kind>
         <file>rtsv7M4_T_le_v4SPD16_eabi.lib</file>
         <name>boot.obj</name>
      </input_file>
      <input_file id="fl-131">
         <path>c:\ti\ccsv6\tools\compiler\arm_5.1.6\lib\</path>
         <kind>archive</kind>
         <file>rtsv7M4_T_le_v4SPD16_eabi.lib</file>
         <name>copy_decompress_none.obj</name>
      </input_file>
      <input_file id="fl-132">
         <path>c:\ti\ccsv6\tools\compiler\arm_5.1.6\lib\</path>
         <kind>archive</kind>
         <file>rtsv7M4_T_le_v4SPD16_eabi.lib</file>
         <name>copy_decompress_rle.obj</name>
      </input_file>
      <input_file id="fl-133">
         <path>c:\ti\ccsv6\tools\compiler\arm_5.1.6\lib\</path>
         <kind>archive</kind>
         <file>rtsv7M4_T_le_v4SPD16_eabi.lib</file>
         <name>copy_zero_init.obj</name>
      </input_file>
      <input_file id="fl-134">
         <path>c:\ti\ccsv6\tools\compiler\arm_5.1.6\lib\</path>
         <kind>archive</kind>
         <file>rtsv7M4_T_le_v4SPD16_eabi.lib</file>
         <name>exit.obj</name>
      </input_file>
      <input_file id="fl-135">
         <path>c:\ti\ccsv6\tools\compiler\arm_5.1.6\lib\</path>
         <kind>archive</kind>
         <file>rtsv7M4_T_le_v4SPD16_eabi.lib</file>
         <name>fd_add_t2.obj</name>
      </input_file>
      <input_file id="fl-136">
         <path>c:\ti\ccsv6\tools\compiler\arm_5.1.6\lib\</path>
         <kind>archive</kind>
         <file>rtsv7M4_T_le_v4SPD16_eabi.lib</file>
         <name>fd_cmp_t2.obj</name>
      </input_file>
      <input_file id="fl-137">
         <path>c:\ti\ccsv6\tools\compiler\arm_5.1.6\lib\</path>
         <kind>archive</kind>
         <file>rtsv7M4_T_le_v4SPD16_eabi.lib</file>
         <name>fd_div_t2.obj</name>
      </input_file>
      <input_file id="fl-138">
         <path>c:\ti\ccsv6\tools\compiler\arm_5.1.6\lib\</path>
         <kind>archive</kind>
         <file>rtsv7M4_T_le_v4SPD16_eabi.lib</file>
         <name>fd_tos_t2.obj</name>
      </input_file>
      <input_file id="fl-139">
         <path>c:\ti\ccsv6\tools\compiler\arm_5.1.6\lib\</path>
         <kind>archive</kind>
         <file>rtsv7M4_T_le_v4SPD16_eabi.lib</file>
         <name>fs_tod_t2.obj</name>
      </input_file>
      <input_file id="fl-13a">
         <path>c:\ti\ccsv6\tools\compiler\arm_5.1.6\lib\</path>
         <kind>archive</kind>
         <file>rtsv7M4_T_le_v4SPD16_eabi.lib</file>
         <name>memcpy_t2.obj</name>
      </input_file>
      <input_file id="fl-13b">
         <path>c:\ti\ccsv6\tools\compiler\arm_5.1.6\lib\</path>
         <kind>archive</kind>
         <file>rtsv7M4_T_le_v4SPD16_eabi.lib</file>
         <name>round.obj</name>
      </input_file>
      <input_file id="fl-13c">
         <path>c:\ti\ccsv6\tools\compiler\arm_5.1.6\lib\</path>
         <kind>archive</kind>
         <file>rtsv7M4_T_le_v4SPD16_eabi.lib</file>
         <name>stkdepth_vars.obj</name>
      </input_file>
      <input_file id="fl-13d">
         <path>c:\ti\ccsv6\tools\compiler\arm_5.1.6\lib\</path>
         <kind>archive</kind>
         <file>rtsv7M4_T_le_v4SPD16_eabi.lib</file>
         <name>xdint.obj</name>
      </input_file>
      <input_file id="fl-13e">
         <path>c:\ti\ccsv6\tools\compiler\arm_5.1.6\lib\</path>
         <kind>archive</kind>
         <file>rtsv7M4_T_le_v4SPD16_eabi.lib</file>
         <name>xdtest.obj</name>
      </input_file>
      <input_file id="fl-13f">
         <path>c:\ti\ccsv6\tools\compiler\arm_5.1.6\lib\</path>
         <kind>archive</kind>
         <file>rtsv7M4_T_le_v4SPD16_eabi.lib</file>
         <name>_lock.obj</name>
      </input_file>
      <input_file id="fl-140">
         <path>c:\ti\ccsv6\tools\compiler\arm_5.1.6\lib\</path>
         <kind>archive</kind>
         <file>rtsv7M4_T_le_v4SPD16_eabi.lib</file>
         <name>args_main.obj</name>
      </input_file>
      <input_file id="fl-141">
         <path>c:\ti\ccsv6\tools\compiler\arm_5.1.6\lib\</path>
         <kind>archive</kind>
         <file>rtsv7M4_T_le_v4SPD16_eabi.lib</file>
         <name>auto_init.obj</name>
      </input_file>
      <input_file id="fl-142">
         <path>c:\ti\ccsv6\tools\compiler\arm_5.1.6\lib\</path>
         <kind>archive</kind>
         <file>rtsv7M4_T_le_v4SPD16_eabi.lib</file>
         <name>cpy_tbl.obj</name>
      </input_file>
   </input_file_list>
   <object_component_list>
      <object_component id="oc-e">
         <name>.intvecs</name>
         <load_address>0x0</load_address>
         <run_address>0x0</run_address>
         <size>0x26c</size>
         <input_file_ref idref="fl-3"/>
      </object_component>
      <object_component id="oc-2f">
         <name>.text</name>
         <load_address>0x26c</load_address>
         <run_address>0x26c</run_address>
         <size>0x694</size>
         <input_file_ref idref="fl-2"/>
      </object_component>
      <object_component id="oc-73">
         <name>.text</name>
         <load_address>0x900</load_address>
         <run_address>0x900</run_address>
         <size>0x1b6</size>
         <input_file_ref idref="fl-135"/>
      </object_component>
      <object_component id="oc-7d">
         <name>.text</name>
         <load_address>0xab6</load_address>
         <run_address>0xab6</run_address>
         <size>0x136</size>
         <input_file_ref idref="fl-137"/>
      </object_component>
      <object_component id="oc-d2">
         <name>.text</name>
         <load_address>0xbec</load_address>
         <run_address>0xbec</run_address>
         <size>0xc4</size>
         <input_file_ref idref="fl-13d"/>
      </object_component>
      <object_component id="oc-4d">
         <name>.text</name>
         <load_address>0xcb0</load_address>
         <run_address>0xcb0</run_address>
         <size>0x9c</size>
         <input_file_ref idref="fl-13a"/>
      </object_component>
      <object_component id="oc-38">
         <name>.text</name>
         <load_address>0xd4c</load_address>
         <run_address>0xd4c</run_address>
         <size>0x94</size>
         <input_file_ref idref="fl-141"/>
      </object_component>
      <object_component id="oc-6e">
         <name>.text:__aeabi_cdcmple</name>
         <load_address>0xde0</load_address>
         <run_address>0xde0</run_address>
         <size>0x86</size>
         <input_file_ref idref="fl-136"/>
      </object_component>
      <object_component id="oc-87">
         <name>.text</name>
         <load_address>0xe68</load_address>
         <run_address>0xe68</run_address>
         <size>0x68</size>
         <input_file_ref idref="fl-13b"/>
      </object_component>
      <object_component id="oc-60">
         <name>.text</name>
         <load_address>0xed0</load_address>
         <run_address>0xed0</run_address>
         <size>0x5e</size>
         <input_file_ref idref="fl-132"/>
      </object_component>
      <object_component id="oc-82">
         <name>.text</name>
         <load_address>0xf2e</load_address>
         <run_address>0xf2e</run_address>
         <size>0x4a</size>
         <input_file_ref idref="fl-138"/>
      </object_component>
      <object_component id="oc-11">
         <name>.text</name>
         <load_address>0xf78</load_address>
         <run_address>0xf78</run_address>
         <size>0x48</size>
         <input_file_ref idref="fl-130"/>
      </object_component>
      <object_component id="oc-a1">
         <name>.text</name>
         <load_address>0xfc0</load_address>
         <run_address>0xfc0</run_address>
         <size>0x44</size>
         <input_file_ref idref="fl-142"/>
      </object_component>
      <object_component id="oc-43">
         <name>.text</name>
         <load_address>0x1004</load_address>
         <run_address>0x1004</run_address>
         <size>0x44</size>
         <input_file_ref idref="fl-134"/>
      </object_component>
      <object_component id="oc-cc">
         <name>.text</name>
         <load_address>0x1048</load_address>
         <run_address>0x1048</run_address>
         <size>0x44</size>
         <input_file_ref idref="fl-13e"/>
      </object_component>
      <object_component id="oc-78">
         <name>.text</name>
         <load_address>0x108c</load_address>
         <run_address>0x108c</run_address>
         <size>0x38</size>
         <input_file_ref idref="fl-139"/>
      </object_component>
      <object_component id="oc-3d">
         <name>.text</name>
         <load_address>0x10c4</load_address>
         <run_address>0x10c4</run_address>
         <size>0x18</size>
         <input_file_ref idref="fl-140"/>
      </object_component>
      <object_component id="oc-e6">
         <name>.text</name>
         <load_address>0x10dc</load_address>
         <run_address>0x10dc</run_address>
         <size>0x14</size>
         <input_file_ref idref="fl-13f"/>
      </object_component>
      <object_component id="oc-1c">
         <name>.text:decompress:ZI</name>
         <load_address>0x10f0</load_address>
         <run_address>0x10f0</run_address>
         <size>0x12</size>
         <input_file_ref idref="fl-133"/>
      </object_component>
      <object_component id="oc-16">
         <name>.text:decompress:none</name>
         <load_address>0x1102</load_address>
         <run_address>0x1102</run_address>
         <size>0xe</size>
         <input_file_ref idref="fl-131"/>
      </object_component>
      <object_component id="oc-29">
         <name>.text</name>
         <load_address>0x1110</load_address>
         <run_address>0x1110</run_address>
         <size>0xc</size>
         <input_file_ref idref="fl-3"/>
      </object_component>
      <object_component id="oc-22">
         <name>.text:decompress:rle24</name>
         <load_address>0x111c</load_address>
         <run_address>0x111c</run_address>
         <size>0x6</size>
         <input_file_ref idref="fl-132"/>
      </object_component>
      <object_component id="oc-f6">
         <name>.const</name>
         <load_address>0x1124</load_address>
         <run_address>0x1124</run_address>
         <size>0x30</size>
         <input_file_ref idref="fl-13d"/>
      </object_component>
      <object_component id="oc-126">
         <name>.cinit..data.load</name>
         <load_address>0x1158</load_address>
         <run_address>0x1158</run_address>
         <size>0x19</size>
      </object_component>
      <object_component id="oc-124">
         <name>__TI_handler_table</name>
         <load_address>0x1174</load_address>
         <run_address>0x1174</run_address>
         <size>0xc</size>
      </object_component>
      <object_component id="oc-127">
         <name>.cinit..bss.load</name>
         <load_address>0x1180</load_address>
         <run_address>0x1180</run_address>
         <size>0x8</size>
      </object_component>
      <object_component id="oc-125">
         <name>__TI_cinit_table</name>
         <load_address>0x1188</load_address>
         <run_address>0x1188</run_address>
         <size>0x10</size>
      </object_component>
      <object_component id="oc-49">
         <name>.data</name>
         <load_address>0x20000240</load_address>
         <run_address>0x20000240</run_address>
         <size>0x4</size>
         <input_file_ref idref="fl-13c"/>
      </object_component>
      <object_component id="oc-8d">
         <name>.data</name>
         <load_address>0x20000200</load_address>
         <run_address>0x20000200</run_address>
         <size>0x30</size>
         <input_file_ref idref="fl-2"/>
      </object_component>
      <object_component id="oc-aa">
         <name>.data</name>
         <load_address>0x20000230</load_address>
         <run_address>0x20000230</run_address>
         <size>0x8</size>
         <input_file_ref idref="fl-13f"/>
      </object_component>
      <object_component id="oc-ad">
         <name>.data</name>
         <load_address>0x20000238</load_address>
         <run_address>0x20000238</run_address>
         <size>0x8</size>
         <input_file_ref idref="fl-134"/>
      </object_component>
      <object_component id="oc-93">
         <name>.common:y</name>
         <uninitialized>true</uninitialized>
         <run_address>0x20000248</run_address>
         <size>0x4</size>
      </object_component>
      <object_component id="oc-90">
         <name>.common:x</name>
         <uninitialized>true</uninitialized>
         <run_address>0x20000244</run_address>
         <size>0x4</size>
      </object_component>
      <object_component id="oc-28">
         <name>.stack</name>
         <uninitialized>true</uninitialized>
         <run_address>0x20000000</run_address>
         <size>0x0</size>
         <input_file_ref idref="fl-130"/>
      </object_component>
      <object_component id="oc-128">
         <name>.stack</name>
         <uninitialized>true</uninitialized>
         <run_address>0x20000000</run_address>
         <size>0x0</size>
      </object_component>
      <object_component id="oc-f">
         <name>.debug_info</name>
         <load_address>0x0</load_address>
         <run_address>0x0</run_address>
         <size>0xe4</size>
         <input_file_ref idref="fl-3"/>
      </object_component>
      <object_component id="oc-14">
         <name>.debug_info</name>
         <load_address>0xe4</load_address>
         <run_address>0xe4</run_address>
         <size>0xf3</size>
         <input_file_ref idref="fl-130"/>
      </object_component>
      <object_component id="oc-19">
         <name>.debug_info</name>
         <load_address>0x1d7</load_address>
         <run_address>0x1d7</run_address>
         <size>0x194</size>
         <input_file_ref idref="fl-131"/>
      </object_component>
      <object_component id="oc-1d">
         <name>.debug_info</name>
         <load_address>0x36b</load_address>
         <run_address>0x36b</run_address>
         <size>0x16a</size>
         <input_file_ref idref="fl-133"/>
      </object_component>
      <object_component id="oc-26">
         <name>.debug_info</name>
         <load_address>0x4d5</load_address>
         <run_address>0x4d5</run_address>
         <size>0x18e</size>
         <input_file_ref idref="fl-132"/>
      </object_component>
      <object_component id="oc-2b">
         <name>.debug_info</name>
         <load_address>0x663</load_address>
         <run_address>0x663</run_address>
         <size>0x268</size>
         <input_file_ref idref="fl-3"/>
      </object_component>
      <object_component id="oc-30">
         <name>.debug_info</name>
         <load_address>0x8cb</load_address>
         <run_address>0x8cb</run_address>
         <size>0x66a</size>
         <input_file_ref idref="fl-2"/>
      </object_component>
      <object_component id="oc-37">
         <name>.debug_info</name>
         <load_address>0xf35</load_address>
         <run_address>0xf35</run_address>
         <size>0x11f</size>
         <input_file_ref idref="fl-3"/>
      </object_component>
      <object_component id="oc-3a">
         <name>.debug_info</name>
         <load_address>0x1054</load_address>
         <run_address>0x1054</run_address>
         <size>0x13d</size>
         <input_file_ref idref="fl-141"/>
      </object_component>
      <object_component id="oc-3f">
         <name>.debug_info</name>
         <load_address>0x1191</load_address>
         <run_address>0x1191</run_address>
         <size>0x11c</size>
         <input_file_ref idref="fl-140"/>
      </object_component>
      <object_component id="oc-44">
         <name>.debug_info</name>
         <load_address>0x12ad</load_address>
         <run_address>0x12ad</run_address>
         <size>0x1c2</size>
         <input_file_ref idref="fl-134"/>
      </object_component>
      <object_component id="oc-4a">
         <name>.debug_info</name>
         <load_address>0x146f</load_address>
         <run_address>0x146f</run_address>
         <size>0xbe</size>
         <input_file_ref idref="fl-13c"/>
      </object_component>
      <object_component id="oc-50">
         <name>.debug_info</name>
         <load_address>0x152d</load_address>
         <run_address>0x152d</run_address>
         <size>0xcc</size>
         <input_file_ref idref="fl-13a"/>
      </object_component>
      <object_component id="oc-53">
         <name>.debug_info</name>
         <load_address>0x15f9</load_address>
         <run_address>0x15f9</run_address>
         <size>0x46</size>
         <input_file_ref idref="fl-131"/>
      </object_component>
      <object_component id="oc-58">
         <name>.debug_info</name>
         <load_address>0x163f</load_address>
         <run_address>0x163f</run_address>
         <size>0xf2</size>
         <input_file_ref idref="fl-131"/>
      </object_component>
      <object_component id="oc-5a">
         <name>.debug_info</name>
         <load_address>0x1731</load_address>
         <run_address>0x1731</run_address>
         <size>0x46</size>
         <input_file_ref idref="fl-133"/>
      </object_component>
      <object_component id="oc-5f">
         <name>.debug_info</name>
         <load_address>0x1777</load_address>
         <run_address>0x1777</run_address>
         <size>0xad</size>
         <input_file_ref idref="fl-133"/>
      </object_component>
      <object_component id="oc-63">
         <name>.debug_info</name>
         <load_address>0x1824</load_address>
         <run_address>0x1824</run_address>
         <size>0x1ef</size>
         <input_file_ref idref="fl-132"/>
      </object_component>
      <object_component id="oc-67">
         <name>.debug_info</name>
         <load_address>0x1a13</load_address>
         <run_address>0x1a13</run_address>
         <size>0xb7</size>
         <input_file_ref idref="fl-132"/>
      </object_component>
      <object_component id="oc-68">
         <name>.debug_info</name>
         <load_address>0x1aca</load_address>
         <run_address>0x1aca</run_address>
         <size>0x39</size>
         <input_file_ref idref="fl-132"/>
      </object_component>
      <object_component id="oc-71">
         <name>.debug_info</name>
         <load_address>0x1b03</load_address>
         <run_address>0x1b03</run_address>
         <size>0xdb</size>
         <input_file_ref idref="fl-136"/>
      </object_component>
      <object_component id="oc-75">
         <name>.debug_info</name>
         <load_address>0x1bde</load_address>
         <run_address>0x1bde</run_address>
         <size>0xff</size>
         <input_file_ref idref="fl-135"/>
      </object_component>
      <object_component id="oc-79">
         <name>.debug_info</name>
         <load_address>0x1cdd</load_address>
         <run_address>0x1cdd</run_address>
         <size>0xdf</size>
         <input_file_ref idref="fl-139"/>
      </object_component>
      <object_component id="oc-7e">
         <name>.debug_info</name>
         <load_address>0x1dbc</load_address>
         <run_address>0x1dbc</run_address>
         <size>0xed</size>
         <input_file_ref idref="fl-137"/>
      </object_component>
      <object_component id="oc-83">
         <name>.debug_info</name>
         <load_address>0x1ea9</load_address>
         <run_address>0x1ea9</run_address>
         <size>0xe8</size>
         <input_file_ref idref="fl-138"/>
      </object_component>
      <object_component id="oc-89">
         <name>.debug_info</name>
         <load_address>0x1f91</load_address>
         <run_address>0x1f91</run_address>
         <size>0x14f</size>
         <input_file_ref idref="fl-13b"/>
      </object_component>
      <object_component id="oc-8e">
         <name>.debug_info</name>
         <load_address>0x20e0</load_address>
         <run_address>0x20e0</run_address>
         <size>0x1dc</size>
         <input_file_ref idref="fl-2"/>
      </object_component>
      <object_component id="oc-91">
         <name>.debug_info</name>
         <load_address>0x22bc</load_address>
         <run_address>0x22bc</run_address>
         <size>0x116</size>
         <input_file_ref idref="fl-2"/>
      </object_component>
      <object_component id="oc-95">
         <name>.debug_info</name>
         <load_address>0x23d2</load_address>
         <run_address>0x23d2</run_address>
         <size>0x84</size>
         <input_file_ref idref="fl-2"/>
      </object_component>
      <object_component id="oc-9c">
         <name>.debug_info</name>
         <load_address>0x2456</load_address>
         <run_address>0x2456</run_address>
         <size>0x18b</size>
         <input_file_ref idref="fl-2"/>
      </object_component>
      <object_component id="oc-a4">
         <name>.debug_info</name>
         <load_address>0x25e1</load_address>
         <run_address>0x25e1</run_address>
         <size>0x14b</size>
         <input_file_ref idref="fl-142"/>
      </object_component>
      <object_component id="oc-a9">
         <name>.debug_info</name>
         <load_address>0x272c</load_address>
         <run_address>0x272c</run_address>
         <size>0x11b</size>
         <input_file_ref idref="fl-140"/>
      </object_component>
      <object_component id="oc-ab">
         <name>.debug_info</name>
         <load_address>0x2847</load_address>
         <run_address>0x2847</run_address>
         <size>0xc8</size>
         <input_file_ref idref="fl-13f"/>
      </object_component>
      <object_component id="oc-ae">
         <name>.debug_info</name>
         <load_address>0x290f</load_address>
         <run_address>0x290f</run_address>
         <size>0xeb</size>
         <input_file_ref idref="fl-134"/>
      </object_component>
      <object_component id="oc-b1">
         <name>.debug_info</name>
         <load_address>0x29fa</load_address>
         <run_address>0x29fa</run_address>
         <size>0x146</size>
         <input_file_ref idref="fl-134"/>
      </object_component>
      <object_component id="oc-b6">
         <name>.debug_info</name>
         <load_address>0x2b40</load_address>
         <run_address>0x2b40</run_address>
         <size>0x2c</size>
         <input_file_ref idref="fl-131"/>
      </object_component>
      <object_component id="oc-bd">
         <name>.debug_info</name>
         <load_address>0x2b6c</load_address>
         <run_address>0x2b6c</run_address>
         <size>0x2c</size>
         <input_file_ref idref="fl-133"/>
      </object_component>
      <object_component id="oc-ce">
         <name>.debug_info</name>
         <load_address>0x2b98</load_address>
         <run_address>0x2b98</run_address>
         <size>0x10f</size>
         <input_file_ref idref="fl-13e"/>
      </object_component>
      <object_component id="oc-d3">
         <name>.debug_info</name>
         <load_address>0x2ca7</load_address>
         <run_address>0x2ca7</run_address>
         <size>0x176</size>
         <input_file_ref idref="fl-13d"/>
      </object_component>
      <object_component id="oc-de">
         <name>.debug_info</name>
         <load_address>0x2e1d</load_address>
         <run_address>0x2e1d</run_address>
         <size>0x148</size>
         <input_file_ref idref="fl-142"/>
      </object_component>
      <object_component id="oc-e1">
         <name>.debug_info</name>
         <load_address>0x2f65</load_address>
         <run_address>0x2f65</run_address>
         <size>0x5e</size>
         <input_file_ref idref="fl-140"/>
      </object_component>
      <object_component id="oc-e8">
         <name>.debug_info</name>
         <load_address>0x2fc3</load_address>
         <run_address>0x2fc3</run_address>
         <size>0x1d4</size>
         <input_file_ref idref="fl-13f"/>
      </object_component>
      <object_component id="oc-ee">
         <name>.debug_info</name>
         <load_address>0x3197</load_address>
         <run_address>0x3197</run_address>
         <size>0xd9</size>
         <input_file_ref idref="fl-13f"/>
      </object_component>
      <object_component id="oc-f5">
         <name>.debug_info</name>
         <load_address>0x3270</load_address>
         <run_address>0x3270</run_address>
         <size>0x9a</size>
         <input_file_ref idref="fl-13e"/>
      </object_component>
      <object_component id="oc-f8">
         <name>.debug_info</name>
         <load_address>0x330a</load_address>
         <run_address>0x330a</run_address>
         <size>0x10f</size>
         <input_file_ref idref="fl-13d"/>
      </object_component>
      <object_component id="oc-fc">
         <name>.debug_info</name>
         <load_address>0x3419</load_address>
         <run_address>0x3419</run_address>
         <size>0xcd</size>
         <input_file_ref idref="fl-142"/>
      </object_component>
      <object_component id="oc-129">
         <name>.debug_info</name>
         <load_address>0x34e6</load_address>
         <run_address>0x34e6</run_address>
         <size>0x9d</size>
      </object_component>
      <object_component id="oc-10">
         <name>.debug_pubnames</name>
         <load_address>0x0</load_address>
         <run_address>0x0</run_address>
         <size>0x23</size>
         <input_file_ref idref="fl-3"/>
      </object_component>
      <object_component id="oc-15">
         <name>.debug_pubnames</name>
         <load_address>0x23</load_address>
         <run_address>0x23</run_address>
         <size>0x1f</size>
         <input_file_ref idref="fl-130"/>
      </object_component>
      <object_component id="oc-1b">
         <name>.debug_pubnames</name>
         <load_address>0x42</load_address>
         <run_address>0x42</run_address>
         <size>0x2b</size>
         <input_file_ref idref="fl-131"/>
      </object_component>
      <object_component id="oc-1e">
         <name>.debug_pubnames</name>
         <load_address>0x6d</load_address>
         <run_address>0x6d</run_address>
         <size>0x25</size>
         <input_file_ref idref="fl-133"/>
      </object_component>
      <object_component id="oc-27">
         <name>.debug_pubnames</name>
         <load_address>0x92</load_address>
         <run_address>0x92</run_address>
         <size>0x2c</size>
         <input_file_ref idref="fl-132"/>
      </object_component>
      <object_component id="oc-2c">
         <name>.debug_pubnames</name>
         <load_address>0xbe</load_address>
         <run_address>0xbe</run_address>
         <size>0x4c</size>
         <input_file_ref idref="fl-3"/>
      </object_component>
      <object_component id="oc-32">
         <name>.debug_pubnames</name>
         <load_address>0x10a</load_address>
         <run_address>0x10a</run_address>
         <size>0x7c</size>
         <input_file_ref idref="fl-2"/>
      </object_component>
      <object_component id="oc-3b">
         <name>.debug_pubnames</name>
         <load_address>0x186</load_address>
         <run_address>0x186</run_address>
         <size>0x37</size>
         <input_file_ref idref="fl-141"/>
      </object_component>
      <object_component id="oc-40">
         <name>.debug_pubnames</name>
         <load_address>0x1bd</load_address>
         <run_address>0x1bd</run_address>
         <size>0x21</size>
         <input_file_ref idref="fl-140"/>
      </object_component>
      <object_component id="oc-45">
         <name>.debug_pubnames</name>
         <load_address>0x1de</load_address>
         <run_address>0x1de</run_address>
         <size>0x35</size>
         <input_file_ref idref="fl-134"/>
      </object_component>
      <object_component id="oc-4b">
         <name>.debug_pubnames</name>
         <load_address>0x213</load_address>
         <run_address>0x213</run_address>
         <size>0x23</size>
         <input_file_ref idref="fl-13c"/>
      </object_component>
      <object_component id="oc-51">
         <name>.debug_pubnames</name>
         <load_address>0x236</load_address>
         <run_address>0x236</run_address>
         <size>0x1d</size>
         <input_file_ref idref="fl-13a"/>
      </object_component>
      <object_component id="oc-64">
         <name>.debug_pubnames</name>
         <load_address>0x253</load_address>
         <run_address>0x253</run_address>
         <size>0x2f</size>
         <input_file_ref idref="fl-132"/>
      </object_component>
      <object_component id="oc-72">
         <name>.debug_pubnames</name>
         <load_address>0x282</load_address>
         <run_address>0x282</run_address>
         <size>0x26</size>
         <input_file_ref idref="fl-136"/>
      </object_component>
      <object_component id="oc-76">
         <name>.debug_pubnames</name>
         <load_address>0x2a8</load_address>
         <run_address>0x2a8</run_address>
         <size>0x23</size>
         <input_file_ref idref="fl-135"/>
      </object_component>
      <object_component id="oc-7b">
         <name>.debug_pubnames</name>
         <load_address>0x2cb</load_address>
         <run_address>0x2cb</run_address>
         <size>0x22</size>
         <input_file_ref idref="fl-139"/>
      </object_component>
      <object_component id="oc-80">
         <name>.debug_pubnames</name>
         <load_address>0x2ed</load_address>
         <run_address>0x2ed</run_address>
         <size>0x23</size>
         <input_file_ref idref="fl-137"/>
      </object_component>
      <object_component id="oc-85">
         <name>.debug_pubnames</name>
         <load_address>0x310</load_address>
         <run_address>0x310</run_address>
         <size>0x22</size>
         <input_file_ref idref="fl-138"/>
      </object_component>
      <object_component id="oc-8b">
         <name>.debug_pubnames</name>
         <load_address>0x332</load_address>
         <run_address>0x332</run_address>
         <size>0x1c</size>
         <input_file_ref idref="fl-13b"/>
      </object_component>
      <object_component id="oc-8f">
         <name>.debug_pubnames</name>
         <load_address>0x34e</load_address>
         <run_address>0x34e</run_address>
         <size>0x83</size>
         <input_file_ref idref="fl-2"/>
      </object_component>
      <object_component id="oc-92">
         <name>.debug_pubnames</name>
         <load_address>0x3d1</load_address>
         <run_address>0x3d1</run_address>
         <size>0x1e</size>
         <input_file_ref idref="fl-2"/>
      </object_component>
      <object_component id="oc-a5">
         <name>.debug_pubnames</name>
         <load_address>0x3ef</load_address>
         <run_address>0x3ef</run_address>
         <size>0x1e</size>
         <input_file_ref idref="fl-142"/>
      </object_component>
      <object_component id="oc-ac">
         <name>.debug_pubnames</name>
         <load_address>0x40d</load_address>
         <run_address>0x40d</run_address>
         <size>0x28</size>
         <input_file_ref idref="fl-13f"/>
      </object_component>
      <object_component id="oc-af">
         <name>.debug_pubnames</name>
         <load_address>0x435</load_address>
         <run_address>0x435</run_address>
         <size>0x3a</size>
         <input_file_ref idref="fl-134"/>
      </object_component>
      <object_component id="oc-d0">
         <name>.debug_pubnames</name>
         <load_address>0x46f</load_address>
         <run_address>0x46f</run_address>
         <size>0x1d</size>
         <input_file_ref idref="fl-13e"/>
      </object_component>
      <object_component id="oc-d5">
         <name>.debug_pubnames</name>
         <load_address>0x48c</load_address>
         <run_address>0x48c</run_address>
         <size>0x1c</size>
         <input_file_ref idref="fl-13d"/>
      </object_component>
      <object_component id="oc-e9">
         <name>.debug_pubnames</name>
         <load_address>0x4a8</load_address>
         <run_address>0x4a8</run_address>
         <size>0x43</size>
         <input_file_ref idref="fl-13f"/>
      </object_component>
      <object_component id="oc-12">
         <name>.debug_aranges</name>
         <load_address>0x0</load_address>
         <run_address>0x0</run_address>
         <size>0x20</size>
         <input_file_ref idref="fl-130"/>
      </object_component>
      <object_component id="oc-1a">
         <name>.debug_aranges</name>
         <load_address>0x20</load_address>
         <run_address>0x20</run_address>
         <size>0x20</size>
         <input_file_ref idref="fl-131"/>
      </object_component>
      <object_component id="oc-1f">
         <name>.debug_aranges</name>
         <load_address>0x40</load_address>
         <run_address>0x40</run_address>
         <size>0x20</size>
         <input_file_ref idref="fl-133"/>
      </object_component>
      <object_component id="oc-24">
         <name>.debug_aranges</name>
         <load_address>0x60</load_address>
         <run_address>0x60</run_address>
         <size>0x20</size>
         <input_file_ref idref="fl-132"/>
      </object_component>
      <object_component id="oc-2d">
         <name>.debug_aranges</name>
         <load_address>0x80</load_address>
         <run_address>0x80</run_address>
         <size>0x38</size>
         <input_file_ref idref="fl-3"/>
      </object_component>
      <object_component id="oc-31">
         <name>.debug_aranges</name>
         <load_address>0xb8</load_address>
         <run_address>0xb8</run_address>
         <size>0x60</size>
         <input_file_ref idref="fl-2"/>
      </object_component>
      <object_component id="oc-3c">
         <name>.debug_aranges</name>
         <load_address>0x118</load_address>
         <run_address>0x118</run_address>
         <size>0x28</size>
         <input_file_ref idref="fl-141"/>
      </object_component>
      <object_component id="oc-3e">
         <name>.debug_aranges</name>
         <load_address>0x140</load_address>
         <run_address>0x140</run_address>
         <size>0x20</size>
         <input_file_ref idref="fl-140"/>
      </object_component>
      <object_component id="oc-46">
         <name>.debug_aranges</name>
         <load_address>0x160</load_address>
         <run_address>0x160</run_address>
         <size>0x30</size>
         <input_file_ref idref="fl-134"/>
      </object_component>
      <object_component id="oc-4f">
         <name>.debug_aranges</name>
         <load_address>0x190</load_address>
         <run_address>0x190</run_address>
         <size>0x20</size>
         <input_file_ref idref="fl-13a"/>
      </object_component>
      <object_component id="oc-62">
         <name>.debug_aranges</name>
         <load_address>0x1b0</load_address>
         <run_address>0x1b0</run_address>
         <size>0x20</size>
         <input_file_ref idref="fl-132"/>
      </object_component>
      <object_component id="oc-6f">
         <name>.debug_aranges</name>
         <load_address>0x1d0</load_address>
         <run_address>0x1d0</run_address>
         <size>0x20</size>
         <input_file_ref idref="fl-136"/>
      </object_component>
      <object_component id="oc-74">
         <name>.debug_aranges</name>
         <load_address>0x1f0</load_address>
         <run_address>0x1f0</run_address>
         <size>0x20</size>
         <input_file_ref idref="fl-135"/>
      </object_component>
      <object_component id="oc-7a">
         <name>.debug_aranges</name>
         <load_address>0x210</load_address>
         <run_address>0x210</run_address>
         <size>0x20</size>
         <input_file_ref idref="fl-139"/>
      </object_component>
      <object_component id="oc-7f">
         <name>.debug_aranges</name>
         <load_address>0x230</load_address>
         <run_address>0x230</run_address>
         <size>0x20</size>
         <input_file_ref idref="fl-137"/>
      </object_component>
      <object_component id="oc-84">
         <name>.debug_aranges</name>
         <load_address>0x250</load_address>
         <run_address>0x250</run_address>
         <size>0x20</size>
         <input_file_ref idref="fl-138"/>
      </object_component>
      <object_component id="oc-8a">
         <name>.debug_aranges</name>
         <load_address>0x270</load_address>
         <run_address>0x270</run_address>
         <size>0x20</size>
         <input_file_ref idref="fl-13b"/>
      </object_component>
      <object_component id="oc-a6">
         <name>.debug_aranges</name>
         <load_address>0x290</load_address>
         <run_address>0x290</run_address>
         <size>0x20</size>
         <input_file_ref idref="fl-142"/>
      </object_component>
      <object_component id="oc-cf">
         <name>.debug_aranges</name>
         <load_address>0x2b0</load_address>
         <run_address>0x2b0</run_address>
         <size>0x20</size>
         <input_file_ref idref="fl-13e"/>
      </object_component>
      <object_component id="oc-d4">
         <name>.debug_aranges</name>
         <load_address>0x2d0</load_address>
         <run_address>0x2d0</run_address>
         <size>0x20</size>
         <input_file_ref idref="fl-13d"/>
      </object_component>
      <object_component id="oc-e7">
         <name>.debug_aranges</name>
         <load_address>0x2f0</load_address>
         <run_address>0x2f0</run_address>
         <size>0x30</size>
         <input_file_ref idref="fl-13f"/>
      </object_component>
      <object_component id="oc-13">
         <name>.debug_line</name>
         <load_address>0x0</load_address>
         <run_address>0x0</run_address>
         <size>0x4f</size>
         <input_file_ref idref="fl-130"/>
      </object_component>
      <object_component id="oc-17">
         <name>.debug_line</name>
         <load_address>0x4f</load_address>
         <run_address>0x4f</run_address>
         <size>0x55</size>
         <input_file_ref idref="fl-131"/>
      </object_component>
      <object_component id="oc-20">
         <name>.debug_line</name>
         <load_address>0xa4</load_address>
         <run_address>0xa4</run_address>
         <size>0x4c</size>
         <input_file_ref idref="fl-133"/>
      </object_component>
      <object_component id="oc-23">
         <name>.debug_line</name>
         <load_address>0xf0</load_address>
         <run_address>0xf0</run_address>
         <size>0x4b</size>
         <input_file_ref idref="fl-132"/>
      </object_component>
      <object_component id="oc-2e">
         <name>.debug_line</name>
         <load_address>0x13b</load_address>
         <run_address>0x13b</run_address>
         <size>0xa2</size>
         <input_file_ref idref="fl-3"/>
      </object_component>
      <object_component id="oc-33">
         <name>.debug_line</name>
         <load_address>0x1dd</load_address>
         <run_address>0x1dd</run_address>
         <size>0x26b</size>
         <input_file_ref idref="fl-2"/>
      </object_component>
      <object_component id="oc-36">
         <name>.debug_line</name>
         <load_address>0x448</load_address>
         <run_address>0x448</run_address>
         <size>0x42</size>
         <input_file_ref idref="fl-3"/>
      </object_component>
      <object_component id="oc-39">
         <name>.debug_line</name>
         <load_address>0x48a</load_address>
         <run_address>0x48a</run_address>
         <size>0x87</size>
         <input_file_ref idref="fl-141"/>
      </object_component>
      <object_component id="oc-41">
         <name>.debug_line</name>
         <load_address>0x511</load_address>
         <run_address>0x511</run_address>
         <size>0x50</size>
         <input_file_ref idref="fl-140"/>
      </object_component>
      <object_component id="oc-48">
         <name>.debug_line</name>
         <load_address>0x561</load_address>
         <run_address>0x561</run_address>
         <size>0x7a</size>
         <input_file_ref idref="fl-134"/>
      </object_component>
      <object_component id="oc-4e">
         <name>.debug_line</name>
         <load_address>0x5db</load_address>
         <run_address>0x5db</run_address>
         <size>0x88</size>
         <input_file_ref idref="fl-13a"/>
      </object_component>
      <object_component id="oc-56">
         <name>.debug_line</name>
         <load_address>0x663</load_address>
         <run_address>0x663</run_address>
         <size>0x3a</size>
         <input_file_ref idref="fl-131"/>
      </object_component>
      <object_component id="oc-5d">
         <name>.debug_line</name>
         <load_address>0x69d</load_address>
         <run_address>0x69d</run_address>
         <size>0x34</size>
         <input_file_ref idref="fl-133"/>
      </object_component>
      <object_component id="oc-65">
         <name>.debug_line</name>
         <load_address>0x6d1</load_address>
         <run_address>0x6d1</run_address>
         <size>0x8c</size>
         <input_file_ref idref="fl-132"/>
      </object_component>
      <object_component id="oc-6b">
         <name>.debug_line</name>
         <load_address>0x75d</load_address>
         <run_address>0x75d</run_address>
         <size>0x39</size>
         <input_file_ref idref="fl-132"/>
      </object_component>
      <object_component id="oc-70">
         <name>.debug_line</name>
         <load_address>0x796</load_address>
         <run_address>0x796</run_address>
         <size>0x77</size>
         <input_file_ref idref="fl-136"/>
      </object_component>
      <object_component id="oc-77">
         <name>.debug_line</name>
         <load_address>0x80d</load_address>
         <run_address>0x80d</run_address>
         <size>0xd2</size>
         <input_file_ref idref="fl-135"/>
      </object_component>
      <object_component id="oc-7c">
         <name>.debug_line</name>
         <load_address>0x8df</load_address>
         <run_address>0x8df</run_address>
         <size>0x56</size>
         <input_file_ref idref="fl-139"/>
      </object_component>
      <object_component id="oc-81">
         <name>.debug_line</name>
         <load_address>0x935</load_address>
         <run_address>0x935</run_address>
         <size>0xa8</size>
         <input_file_ref idref="fl-137"/>
      </object_component>
      <object_component id="oc-86">
         <name>.debug_line</name>
         <load_address>0x9dd</load_address>
         <run_address>0x9dd</run_address>
         <size>0x58</size>
         <input_file_ref idref="fl-138"/>
      </object_component>
      <object_component id="oc-8c">
         <name>.debug_line</name>
         <load_address>0xa35</load_address>
         <run_address>0xa35</run_address>
         <size>0x54</size>
         <input_file_ref idref="fl-13b"/>
      </object_component>
      <object_component id="oc-98">
         <name>.debug_line</name>
         <load_address>0xa89</load_address>
         <run_address>0xa89</run_address>
         <size>0x20</size>
         <input_file_ref idref="fl-2"/>
      </object_component>
      <object_component id="oc-9b">
         <name>.debug_line</name>
         <load_address>0xaa9</load_address>
         <run_address>0xaa9</run_address>
         <size>0x42</size>
         <input_file_ref idref="fl-3"/>
      </object_component>
      <object_component id="oc-9f">
         <name>.debug_line</name>
         <load_address>0xaeb</load_address>
         <run_address>0xaeb</run_address>
         <size>0x59</size>
         <input_file_ref idref="fl-2"/>
      </object_component>
      <object_component id="oc-a3">
         <name>.debug_line</name>
         <load_address>0xb44</load_address>
         <run_address>0xb44</run_address>
         <size>0x6d</size>
         <input_file_ref idref="fl-142"/>
      </object_component>
      <object_component id="oc-b4">
         <name>.debug_line</name>
         <load_address>0xbb1</load_address>
         <run_address>0xbb1</run_address>
         <size>0x33</size>
         <input_file_ref idref="fl-13c"/>
      </object_component>
      <object_component id="oc-b9">
         <name>.debug_line</name>
         <load_address>0xbe4</load_address>
         <run_address>0xbe4</run_address>
         <size>0x44</size>
         <input_file_ref idref="fl-131"/>
      </object_component>
      <object_component id="oc-bc">
         <name>.debug_line</name>
         <load_address>0xc28</load_address>
         <run_address>0xc28</run_address>
         <size>0x20</size>
         <input_file_ref idref="fl-131"/>
      </object_component>
      <object_component id="oc-c0">
         <name>.debug_line</name>
         <load_address>0xc48</load_address>
         <run_address>0xc48</run_address>
         <size>0x44</size>
         <input_file_ref idref="fl-133"/>
      </object_component>
      <object_component id="oc-c3">
         <name>.debug_line</name>
         <load_address>0xc8c</load_address>
         <run_address>0xc8c</run_address>
         <size>0x20</size>
         <input_file_ref idref="fl-133"/>
      </object_component>
      <object_component id="oc-c6">
         <name>.debug_line</name>
         <load_address>0xcac</load_address>
         <run_address>0xcac</run_address>
         <size>0x20</size>
         <input_file_ref idref="fl-132"/>
      </object_component>
      <object_component id="oc-cd">
         <name>.debug_line</name>
         <load_address>0xccc</load_address>
         <run_address>0xccc</run_address>
         <size>0x46</size>
         <input_file_ref idref="fl-13e"/>
      </object_component>
      <object_component id="oc-d6">
         <name>.debug_line</name>
         <load_address>0xd12</load_address>
         <run_address>0xd12</run_address>
         <size>0x76</size>
         <input_file_ref idref="fl-13d"/>
      </object_component>
      <object_component id="oc-da">
         <name>.debug_line</name>
         <load_address>0xd88</load_address>
         <run_address>0xd88</run_address>
         <size>0x2d</size>
         <input_file_ref idref="fl-2"/>
      </object_component>
      <object_component id="oc-dc">
         <name>.debug_line</name>
         <load_address>0xdb5</load_address>
         <run_address>0xdb5</run_address>
         <size>0x64</size>
         <input_file_ref idref="fl-2"/>
      </object_component>
      <object_component id="oc-e0">
         <name>.debug_line</name>
         <load_address>0xe19</load_address>
         <run_address>0xe19</run_address>
         <size>0x2b</size>
         <input_file_ref idref="fl-140"/>
      </object_component>
      <object_component id="oc-e4">
         <name>.debug_line</name>
         <load_address>0xe44</load_address>
         <run_address>0xe44</run_address>
         <size>0x2b</size>
         <input_file_ref idref="fl-140"/>
      </object_component>
      <object_component id="oc-ea">
         <name>.debug_line</name>
         <load_address>0xe6f</load_address>
         <run_address>0xe6f</run_address>
         <size>0x66</size>
         <input_file_ref idref="fl-13f"/>
      </object_component>
      <object_component id="oc-ed">
         <name>.debug_line</name>
         <load_address>0xed5</load_address>
         <run_address>0xed5</run_address>
         <size>0x2b</size>
         <input_file_ref idref="fl-13f"/>
      </object_component>
      <object_component id="oc-f1">
         <name>.debug_line</name>
         <load_address>0xf00</load_address>
         <run_address>0xf00</run_address>
         <size>0x2a</size>
         <input_file_ref idref="fl-134"/>
      </object_component>
      <object_component id="oc-f3">
         <name>.debug_line</name>
         <load_address>0xf2a</load_address>
         <run_address>0xf2a</run_address>
         <size>0x43</size>
         <input_file_ref idref="fl-134"/>
      </object_component>
      <object_component id="oc-fb">
         <name>.debug_line</name>
         <load_address>0xf6d</load_address>
         <run_address>0xf6d</run_address>
         <size>0x51</size>
         <input_file_ref idref="fl-142"/>
      </object_component>
      <object_component id="oc-ff">
         <name>.debug_line</name>
         <load_address>0xfbe</load_address>
         <run_address>0xfbe</run_address>
         <size>0x45</size>
         <input_file_ref idref="fl-142"/>
      </object_component>
      <object_component id="oc-103">
         <name>.debug_line</name>
         <load_address>0x1003</load_address>
         <run_address>0x1003</run_address>
         <size>0x20</size>
         <input_file_ref idref="fl-13f"/>
      </object_component>
      <object_component id="oc-105">
         <name>.debug_line</name>
         <load_address>0x1023</load_address>
         <run_address>0x1023</run_address>
         <size>0x20</size>
         <input_file_ref idref="fl-13e"/>
      </object_component>
      <object_component id="oc-107">
         <name>.debug_line</name>
         <load_address>0x1043</load_address>
         <run_address>0x1043</run_address>
         <size>0x20</size>
         <input_file_ref idref="fl-13d"/>
      </object_component>
      <object_component id="oc-18">
         <name>.debug_frame</name>
         <load_address>0x0</load_address>
         <run_address>0x0</run_address>
         <size>0x7f</size>
         <input_file_ref idref="fl-131"/>
      </object_component>
      <object_component id="oc-21">
         <name>.debug_frame</name>
         <load_address>0x7f</load_address>
         <run_address>0x7f</run_address>
         <size>0x7f</size>
         <input_file_ref idref="fl-133"/>
      </object_component>
      <object_component id="oc-25">
         <name>.debug_frame</name>
         <load_address>0xfe</load_address>
         <run_address>0xfe</run_address>
         <size>0x7f</size>
         <input_file_ref idref="fl-132"/>
      </object_component>
      <object_component id="oc-2a">
         <name>.debug_frame</name>
         <load_address>0x17d</load_address>
         <run_address>0x17d</run_address>
         <size>0xb2</size>
         <input_file_ref idref="fl-3"/>
      </object_component>
      <object_component id="oc-34">
         <name>.debug_frame</name>
         <load_address>0x22f</load_address>
         <run_address>0x22f</run_address>
         <size>0x135</size>
         <input_file_ref idref="fl-2"/>
      </object_component>
      <object_component id="oc-42">
         <name>.debug_frame</name>
         <load_address>0x364</load_address>
         <run_address>0x364</run_address>
         <size>0x7f</size>
         <input_file_ref idref="fl-140"/>
      </object_component>
      <object_component id="oc-47">
         <name>.debug_frame</name>
         <load_address>0x3e3</load_address>
         <run_address>0x3e3</run_address>
         <size>0xb3</size>
         <input_file_ref idref="fl-134"/>
      </object_component>
      <object_component id="oc-61">
         <name>.debug_frame</name>
         <load_address>0x496</load_address>
         <run_address>0x496</run_address>
         <size>0x8a</size>
         <input_file_ref idref="fl-132"/>
      </object_component>
      <object_component id="oc-88">
         <name>.debug_frame</name>
         <load_address>0x520</load_address>
         <run_address>0x520</run_address>
         <size>0x8e</size>
         <input_file_ref idref="fl-13b"/>
      </object_component>
      <object_component id="oc-a2">
         <name>.debug_frame</name>
         <load_address>0x5ae</load_address>
         <run_address>0x5ae</run_address>
         <size>0x8a</size>
         <input_file_ref idref="fl-142"/>
      </object_component>
      <object_component id="oc-d1">
         <name>.debug_frame</name>
         <load_address>0x638</load_address>
         <run_address>0x638</run_address>
         <size>0x7f</size>
         <input_file_ref idref="fl-13e"/>
      </object_component>
      <object_component id="oc-d7">
         <name>.debug_frame</name>
         <load_address>0x6b7</load_address>
         <run_address>0x6b7</run_address>
         <size>0x91</size>
         <input_file_ref idref="fl-13d"/>
      </object_component>
      <object_component id="oc-eb">
         <name>.debug_frame</name>
         <load_address>0x748</load_address>
         <run_address>0x748</run_address>
         <size>0xa1</size>
         <input_file_ref idref="fl-13f"/>
      </object_component>
      <object_component id="oc-35">
         <name>.debug_abbrev</name>
         <load_address>0x0</load_address>
         <run_address>0x0</run_address>
         <size>0x29</size>
         <input_file_ref idref="fl-3"/>
      </object_component>
      <object_component id="oc-4c">
         <name>.debug_abbrev</name>
         <load_address>0x29</load_address>
         <run_address>0x29</run_address>
         <size>0x3d</size>
         <input_file_ref idref="fl-130"/>
      </object_component>
      <object_component id="oc-52">
         <name>.debug_abbrev</name>
         <load_address>0x66</load_address>
         <run_address>0x66</run_address>
         <size>0x74</size>
         <input_file_ref idref="fl-131"/>
      </object_component>
      <object_component id="oc-55">
         <name>.debug_abbrev</name>
         <load_address>0xda</load_address>
         <run_address>0xda</run_address>
         <size>0x24</size>
         <input_file_ref idref="fl-131"/>
      </object_component>
      <object_component id="oc-59">
         <name>.debug_abbrev</name>
         <load_address>0xfe</load_address>
         <run_address>0xfe</run_address>
         <size>0x6f</size>
         <input_file_ref idref="fl-133"/>
      </object_component>
      <object_component id="oc-5c">
         <name>.debug_abbrev</name>
         <load_address>0x16d</load_address>
         <run_address>0x16d</run_address>
         <size>0x24</size>
         <input_file_ref idref="fl-133"/>
      </object_component>
      <object_component id="oc-66">
         <name>.debug_abbrev</name>
         <load_address>0x191</load_address>
         <run_address>0x191</run_address>
         <size>0x74</size>
         <input_file_ref idref="fl-132"/>
      </object_component>
      <object_component id="oc-6a">
         <name>.debug_abbrev</name>
         <load_address>0x205</load_address>
         <run_address>0x205</run_address>
         <size>0x24</size>
         <input_file_ref idref="fl-132"/>
      </object_component>
      <object_component id="oc-6d">
         <name>.debug_abbrev</name>
         <load_address>0x229</load_address>
         <run_address>0x229</run_address>
         <size>0x79</size>
         <input_file_ref idref="fl-3"/>
      </object_component>
      <object_component id="oc-94">
         <name>.debug_abbrev</name>
         <load_address>0x2a2</load_address>
         <run_address>0x2a2</run_address>
         <size>0x103</size>
         <input_file_ref idref="fl-2"/>
      </object_component>
      <object_component id="oc-97">
         <name>.debug_abbrev</name>
         <load_address>0x3a5</load_address>
         <run_address>0x3a5</run_address>
         <size>0x1f</size>
         <input_file_ref idref="fl-2"/>
      </object_component>
      <object_component id="oc-9a">
         <name>.debug_abbrev</name>
         <load_address>0x3c4</load_address>
         <run_address>0x3c4</run_address>
         <size>0x71</size>
         <input_file_ref idref="fl-3"/>
      </object_component>
      <object_component id="oc-9e">
         <name>.debug_abbrev</name>
         <load_address>0x435</load_address>
         <run_address>0x435</run_address>
         <size>0x35</size>
         <input_file_ref idref="fl-2"/>
      </object_component>
      <object_component id="oc-a7">
         <name>.debug_abbrev</name>
         <load_address>0x46a</load_address>
         <run_address>0x46a</run_address>
         <size>0x80</size>
         <input_file_ref idref="fl-141"/>
      </object_component>
      <object_component id="oc-a8">
         <name>.debug_abbrev</name>
         <load_address>0x4ea</load_address>
         <run_address>0x4ea</run_address>
         <size>0x68</size>
         <input_file_ref idref="fl-140"/>
      </object_component>
      <object_component id="oc-b0">
         <name>.debug_abbrev</name>
         <load_address>0x552</load_address>
         <run_address>0x552</run_address>
         <size>0xba</size>
         <input_file_ref idref="fl-134"/>
      </object_component>
      <object_component id="oc-b3">
         <name>.debug_abbrev</name>
         <load_address>0x60c</load_address>
         <run_address>0x60c</run_address>
         <size>0x27</size>
         <input_file_ref idref="fl-13c"/>
      </object_component>
      <object_component id="oc-b5">
         <name>.debug_abbrev</name>
         <load_address>0x633</load_address>
         <run_address>0x633</run_address>
         <size>0x3d</size>
         <input_file_ref idref="fl-13a"/>
      </object_component>
      <object_component id="oc-b8">
         <name>.debug_abbrev</name>
         <load_address>0x670</load_address>
         <run_address>0x670</run_address>
         <size>0x24</size>
         <input_file_ref idref="fl-131"/>
      </object_component>
      <object_component id="oc-bb">
         <name>.debug_abbrev</name>
         <load_address>0x694</load_address>
         <run_address>0x694</run_address>
         <size>0x4c</size>
         <input_file_ref idref="fl-131"/>
      </object_component>
      <object_component id="oc-bf">
         <name>.debug_abbrev</name>
         <load_address>0x6e0</load_address>
         <run_address>0x6e0</run_address>
         <size>0x24</size>
         <input_file_ref idref="fl-133"/>
      </object_component>
      <object_component id="oc-c2">
         <name>.debug_abbrev</name>
         <load_address>0x704</load_address>
         <run_address>0x704</run_address>
         <size>0x2c</size>
         <input_file_ref idref="fl-133"/>
      </object_component>
      <object_component id="oc-c4">
         <name>.debug_abbrev</name>
         <load_address>0x730</load_address>
         <run_address>0x730</run_address>
         <size>0x6d</size>
         <input_file_ref idref="fl-132"/>
      </object_component>
      <object_component id="oc-c5">
         <name>.debug_abbrev</name>
         <load_address>0x79d</load_address>
         <run_address>0x79d</run_address>
         <size>0x2c</size>
         <input_file_ref idref="fl-132"/>
      </object_component>
      <object_component id="oc-c7">
         <name>.debug_abbrev</name>
         <load_address>0x7c9</load_address>
         <run_address>0x7c9</run_address>
         <size>0x3b</size>
         <input_file_ref idref="fl-136"/>
      </object_component>
      <object_component id="oc-c8">
         <name>.debug_abbrev</name>
         <load_address>0x804</load_address>
         <run_address>0x804</run_address>
         <size>0x3b</size>
         <input_file_ref idref="fl-135"/>
      </object_component>
      <object_component id="oc-c9">
         <name>.debug_abbrev</name>
         <load_address>0x83f</load_address>
         <run_address>0x83f</run_address>
         <size>0x3b</size>
         <input_file_ref idref="fl-139"/>
      </object_component>
      <object_component id="oc-ca">
         <name>.debug_abbrev</name>
         <load_address>0x87a</load_address>
         <run_address>0x87a</run_address>
         <size>0x3b</size>
         <input_file_ref idref="fl-137"/>
      </object_component>
      <object_component id="oc-cb">
         <name>.debug_abbrev</name>
         <load_address>0x8b5</load_address>
         <run_address>0x8b5</run_address>
         <size>0x3d</size>
         <input_file_ref idref="fl-138"/>
      </object_component>
      <object_component id="oc-d8">
         <name>.debug_abbrev</name>
         <load_address>0x8f2</load_address>
         <run_address>0x8f2</run_address>
         <size>0x7f</size>
         <input_file_ref idref="fl-13b"/>
      </object_component>
      <object_component id="oc-d9">
         <name>.debug_abbrev</name>
         <load_address>0x971</load_address>
         <run_address>0x971</run_address>
         <size>0x29</size>
         <input_file_ref idref="fl-2"/>
      </object_component>
      <object_component id="oc-db">
         <name>.debug_abbrev</name>
         <load_address>0x99a</load_address>
         <run_address>0x99a</run_address>
         <size>0x6c</size>
         <input_file_ref idref="fl-2"/>
      </object_component>
      <object_component id="oc-dd">
         <name>.debug_abbrev</name>
         <load_address>0xa06</load_address>
         <run_address>0xa06</run_address>
         <size>0x8c</size>
         <input_file_ref idref="fl-142"/>
      </object_component>
      <object_component id="oc-df">
         <name>.debug_abbrev</name>
         <load_address>0xa92</load_address>
         <run_address>0xa92</run_address>
         <size>0x8e</size>
         <input_file_ref idref="fl-140"/>
      </object_component>
      <object_component id="oc-e3">
         <name>.debug_abbrev</name>
         <load_address>0xb20</load_address>
         <run_address>0xb20</run_address>
         <size>0x49</size>
         <input_file_ref idref="fl-140"/>
      </object_component>
      <object_component id="oc-ec">
         <name>.debug_abbrev</name>
         <load_address>0xb69</load_address>
         <run_address>0xb69</run_address>
         <size>0x29</size>
         <input_file_ref idref="fl-13f"/>
      </object_component>
      <object_component id="oc-f0">
         <name>.debug_abbrev</name>
         <load_address>0xb92</load_address>
         <run_address>0xb92</run_address>
         <size>0x29</size>
         <input_file_ref idref="fl-134"/>
      </object_component>
      <object_component id="oc-f2">
         <name>.debug_abbrev</name>
         <load_address>0xbbb</load_address>
         <run_address>0xbbb</run_address>
         <size>0x6b</size>
         <input_file_ref idref="fl-134"/>
      </object_component>
      <object_component id="oc-f4">
         <name>.debug_abbrev</name>
         <load_address>0xc26</load_address>
         <run_address>0xc26</run_address>
         <size>0x71</size>
         <input_file_ref idref="fl-13e"/>
      </object_component>
      <object_component id="oc-f7">
         <name>.debug_abbrev</name>
         <load_address>0xc97</load_address>
         <run_address>0xc97</run_address>
         <size>0x71</size>
         <input_file_ref idref="fl-13d"/>
      </object_component>
      <object_component id="oc-fa">
         <name>.debug_abbrev</name>
         <load_address>0xd08</load_address>
         <run_address>0xd08</run_address>
         <size>0x8c</size>
         <input_file_ref idref="fl-142"/>
      </object_component>
      <object_component id="oc-fe">
         <name>.debug_abbrev</name>
         <load_address>0xd94</load_address>
         <run_address>0xd94</run_address>
         <size>0x4b</size>
         <input_file_ref idref="fl-142"/>
      </object_component>
      <object_component id="oc-101">
         <name>.debug_abbrev</name>
         <load_address>0xddf</load_address>
         <run_address>0xddf</run_address>
         <size>0x6f</size>
         <input_file_ref idref="fl-13f"/>
      </object_component>
      <object_component id="oc-102">
         <name>.debug_abbrev</name>
         <load_address>0xe4e</load_address>
         <run_address>0xe4e</run_address>
         <size>0x45</size>
         <input_file_ref idref="fl-13f"/>
      </object_component>
      <object_component id="oc-104">
         <name>.debug_abbrev</name>
         <load_address>0xe93</load_address>
         <run_address>0xe93</run_address>
         <size>0x23</size>
         <input_file_ref idref="fl-13e"/>
      </object_component>
      <object_component id="oc-106">
         <name>.debug_abbrev</name>
         <load_address>0xeb6</load_address>
         <run_address>0xeb6</run_address>
         <size>0x59</size>
         <input_file_ref idref="fl-13d"/>
      </object_component>
      <object_component id="oc-12a">
         <name>.debug_abbrev</name>
         <load_address>0xf0f</load_address>
         <run_address>0xf0f</run_address>
         <size>0xf</size>
      </object_component>
      <object_component id="oc-54">
         <name>.debug_pubtypes</name>
         <load_address>0x0</load_address>
         <run_address>0x0</run_address>
         <size>0x48</size>
         <input_file_ref idref="fl-131"/>
      </object_component>
      <object_component id="oc-5b">
         <name>.debug_pubtypes</name>
         <load_address>0x48</load_address>
         <run_address>0x48</run_address>
         <size>0x48</size>
         <input_file_ref idref="fl-133"/>
      </object_component>
      <object_component id="oc-69">
         <name>.debug_pubtypes</name>
         <load_address>0x90</load_address>
         <run_address>0x90</run_address>
         <size>0x37</size>
         <input_file_ref idref="fl-132"/>
      </object_component>
      <object_component id="oc-96">
         <name>.debug_pubtypes</name>
         <load_address>0xc7</load_address>
         <run_address>0xc7</run_address>
         <size>0xed</size>
         <input_file_ref idref="fl-2"/>
      </object_component>
      <object_component id="oc-9d">
         <name>.debug_pubtypes</name>
         <load_address>0x1b4</load_address>
         <run_address>0x1b4</run_address>
         <size>0x1c6</size>
         <input_file_ref idref="fl-2"/>
      </object_component>
      <object_component id="oc-b2">
         <name>.debug_pubtypes</name>
         <load_address>0x37a</load_address>
         <run_address>0x37a</run_address>
         <size>0x1f</size>
         <input_file_ref idref="fl-134"/>
      </object_component>
      <object_component id="oc-b7">
         <name>.debug_pubtypes</name>
         <load_address>0x399</load_address>
         <run_address>0x399</run_address>
         <size>0x1d</size>
         <input_file_ref idref="fl-131"/>
      </object_component>
      <object_component id="oc-be">
         <name>.debug_pubtypes</name>
         <load_address>0x3b6</load_address>
         <run_address>0x3b6</run_address>
         <size>0x1d</size>
         <input_file_ref idref="fl-133"/>
      </object_component>
      <object_component id="oc-e2">
         <name>.debug_pubtypes</name>
         <load_address>0x3d3</load_address>
         <run_address>0x3d3</run_address>
         <size>0x1b</size>
         <input_file_ref idref="fl-140"/>
      </object_component>
      <object_component id="oc-ef">
         <name>.debug_pubtypes</name>
         <load_address>0x3ee</load_address>
         <run_address>0x3ee</run_address>
         <size>0x1f</size>
         <input_file_ref idref="fl-13f"/>
      </object_component>
      <object_component id="oc-f9">
         <name>.debug_pubtypes</name>
         <load_address>0x40d</load_address>
         <run_address>0x40d</run_address>
         <size>0x1f</size>
         <input_file_ref idref="fl-13d"/>
      </object_component>
      <object_component id="oc-fd">
         <name>.debug_pubtypes</name>
         <load_address>0x42c</load_address>
         <run_address>0x42c</run_address>
         <size>0x50</size>
         <input_file_ref idref="fl-142"/>
      </object_component>
      <object_component id="oc-57">
         <name>.debug_str</name>
         <load_address>0x0</load_address>
         <run_address>0x0</run_address>
         <size>0xb5</size>
         <input_file_ref idref="fl-131"/>
      </object_component>
      <object_component id="oc-5e">
         <name>.debug_str</name>
         <load_address>0xb5</load_address>
         <run_address>0xb5</run_address>
         <size>0xaf</size>
         <input_file_ref idref="fl-133"/>
      </object_component>
      <object_component id="oc-6c">
         <name>.debug_str</name>
         <load_address>0x164</load_address>
         <run_address>0x164</run_address>
         <size>0xa7</size>
         <input_file_ref idref="fl-132"/>
      </object_component>
      <object_component id="oc-99">
         <name>.debug_str</name>
         <load_address>0x20b</load_address>
         <run_address>0x20b</run_address>
         <size>0xf5</size>
         <input_file_ref idref="fl-2"/>
      </object_component>
      <object_component id="oc-a0">
         <name>.debug_str</name>
         <load_address>0x300</load_address>
         <run_address>0x300</run_address>
         <size>0x204</size>
         <input_file_ref idref="fl-2"/>
      </object_component>
      <object_component id="oc-ba">
         <name>.debug_str</name>
         <load_address>0x504</load_address>
         <run_address>0x504</run_address>
         <size>0x9c</size>
         <input_file_ref idref="fl-131"/>
      </object_component>
      <object_component id="oc-c1">
         <name>.debug_str</name>
         <load_address>0x5a0</load_address>
         <run_address>0x5a0</run_address>
         <size>0x9c</size>
         <input_file_ref idref="fl-133"/>
      </object_component>
      <object_component id="oc-e5">
         <name>.debug_str</name>
         <load_address>0x63c</load_address>
         <run_address>0x63c</run_address>
         <size>0x8b</size>
         <input_file_ref idref="fl-140"/>
      </object_component>
      <object_component id="oc-100">
         <name>.debug_str</name>
         <load_address>0x6c7</load_address>
         <run_address>0x6c7</run_address>
         <size>0xf3</size>
         <input_file_ref idref="fl-142"/>
      </object_component>
   </object_component_list>
   <logical_group_list>
      <logical_group id="lg-3" display="no" color="cyan">
         <name>.intvecs</name>
         <load_address>0x0</load_address>
         <run_address>0x0</run_address>
         <size>0x26c</size>
         <contents>
            <object_component_ref idref="oc-e"/>
         </contents>
      </logical_group>
      <logical_group id="lg-4" display="no" color="cyan">
         <name>.text</name>
         <load_address>0x26c</load_address>
         <run_address>0x26c</run_address>
         <size>0xeb6</size>
         <contents>
            <object_component_ref idref="oc-2f"/>
            <object_component_ref idref="oc-73"/>
            <object_component_ref idref="oc-7d"/>
            <object_component_ref idref="oc-d2"/>
            <object_component_ref idref="oc-4d"/>
            <object_component_ref idref="oc-38"/>
            <object_component_ref idref="oc-6e"/>
            <object_component_ref idref="oc-87"/>
            <object_component_ref idref="oc-60"/>
            <object_component_ref idref="oc-82"/>
            <object_component_ref idref="oc-11"/>
            <object_component_ref idref="oc-a1"/>
            <object_component_ref idref="oc-43"/>
            <object_component_ref idref="oc-cc"/>
            <object_component_ref idref="oc-78"/>
            <object_component_ref idref="oc-3d"/>
            <object_component_ref idref="oc-e6"/>
            <object_component_ref idref="oc-1c"/>
            <object_component_ref idref="oc-16"/>
            <object_component_ref idref="oc-29"/>
            <object_component_ref idref="oc-22"/>
         </contents>
      </logical_group>
      <logical_group id="lg-5" display="no" color="cyan">
         <name>.const</name>
         <load_address>0x1124</load_address>
         <run_address>0x1124</run_address>
         <size>0x30</size>
         <contents>
            <object_component_ref idref="oc-f6"/>
         </contents>
      </logical_group>
      <logical_group id="lg-6" display="no" color="cyan">
         <name>.cinit</name>
         <load_address>0x1158</load_address>
         <run_address>0x1158</run_address>
         <size>0x40</size>
         <contents>
            <object_component_ref idref="oc-126"/>
            <object_component_ref idref="oc-124"/>
            <object_component_ref idref="oc-127"/>
            <object_component_ref idref="oc-125"/>
         </contents>
      </logical_group>
      <logical_group id="lg-7" display="no" color="cyan">
         <name>.pinit</name>
         <run_address>0x0</run_address>
         <size>0x0</size>
         <contents>
         </contents>
      </logical_group>
      <logical_group id="lg-8" display="no" color="cyan">
         <name>.init_array</name>
         <run_address>0x0</run_address>
         <size>0x0</size>
         <contents>
         </contents>
      </logical_group>
      <logical_group id="lg-9" display="no" color="cyan">
         <name>.vtable</name>
         <run_address>0x0</run_address>
         <size>0x0</size>
         <contents>
         </contents>
      </logical_group>
      <logical_group id="lg-a" display="no" color="cyan">
         <name>.data</name>
         <run_address>0x20000200</run_address>
         <size>0x44</size>
         <contents>
            <object_component_ref idref="oc-49"/>
            <object_component_ref idref="oc-8d"/>
            <object_component_ref idref="oc-aa"/>
            <object_component_ref idref="oc-ad"/>
         </contents>
      </logical_group>
      <logical_group id="lg-b" display="no" color="cyan">
         <name>.bss</name>
         <run_address>0x20000244</run_address>
         <size>0x8</size>
         <contents>
            <object_component_ref idref="oc-93"/>
            <object_component_ref idref="oc-90"/>
         </contents>
      </logical_group>
      <logical_group id="lg-c" display="no" color="cyan">
         <name>.sysmem</name>
         <run_address>0x0</run_address>
         <size>0x0</size>
         <contents>
         </contents>
      </logical_group>
      <logical_group id="lg-d" display="no" color="cyan">
         <name>.stack</name>
         <run_address>0x20000000</run_address>
         <size>0x200</size>
         <contents>
            <object_component_ref idref="oc-28"/>
            <object_component_ref idref="oc-128"/>
         </contents>
      </logical_group>
      <logical_group id="lg-114" display="never" color="cyan">
         <name>.debug_info</name>
         <load_address>0x0</load_address>
         <run_address>0x0</run_address>
         <size>0x3583</size>
         <contents>
            <object_component_ref idref="oc-f"/>
            <object_component_ref idref="oc-14"/>
            <object_component_ref idref="oc-19"/>
            <object_component_ref idref="oc-1d"/>
            <object_component_ref idref="oc-26"/>
            <object_component_ref idref="oc-2b"/>
            <object_component_ref idref="oc-30"/>
            <object_component_ref idref="oc-37"/>
            <object_component_ref idref="oc-3a"/>
            <object_component_ref idref="oc-3f"/>
            <object_component_ref idref="oc-44"/>
            <object_component_ref idref="oc-4a"/>
            <object_component_ref idref="oc-50"/>
            <object_component_ref idref="oc-53"/>
            <object_component_ref idref="oc-58"/>
            <object_component_ref idref="oc-5a"/>
            <object_component_ref idref="oc-5f"/>
            <object_component_ref idref="oc-63"/>
            <object_component_ref idref="oc-67"/>
            <object_component_ref idref="oc-68"/>
            <object_component_ref idref="oc-71"/>
            <object_component_ref idref="oc-75"/>
            <object_component_ref idref="oc-79"/>
            <object_component_ref idref="oc-7e"/>
            <object_component_ref idref="oc-83"/>
            <object_component_ref idref="oc-89"/>
            <object_component_ref idref="oc-8e"/>
            <object_component_ref idref="oc-91"/>
            <object_component_ref idref="oc-95"/>
            <object_component_ref idref="oc-9c"/>
            <object_component_ref idref="oc-a4"/>
            <object_component_ref idref="oc-a9"/>
            <object_component_ref idref="oc-ab"/>
            <object_component_ref idref="oc-ae"/>
            <object_component_ref idref="oc-b1"/>
            <object_component_ref idref="oc-b6"/>
            <object_component_ref idref="oc-bd"/>
            <object_component_ref idref="oc-ce"/>
            <object_component_ref idref="oc-d3"/>
            <object_component_ref idref="oc-de"/>
            <object_component_ref idref="oc-e1"/>
            <object_component_ref idref="oc-e8"/>
            <object_component_ref idref="oc-ee"/>
            <object_component_ref idref="oc-f5"/>
            <object_component_ref idref="oc-f8"/>
            <object_component_ref idref="oc-fc"/>
            <object_component_ref idref="oc-129"/>
         </contents>
      </logical_group>
      <logical_group id="lg-116" display="never" color="cyan">
         <name>.debug_pubnames</name>
         <load_address>0x0</load_address>
         <run_address>0x0</run_address>
         <size>0x4eb</size>
         <contents>
            <object_component_ref idref="oc-10"/>
            <object_component_ref idref="oc-15"/>
            <object_component_ref idref="oc-1b"/>
            <object_component_ref idref="oc-1e"/>
            <object_component_ref idref="oc-27"/>
            <object_component_ref idref="oc-2c"/>
            <object_component_ref idref="oc-32"/>
            <object_component_ref idref="oc-3b"/>
            <object_component_ref idref="oc-40"/>
            <object_component_ref idref="oc-45"/>
            <object_component_ref idref="oc-4b"/>
            <object_component_ref idref="oc-51"/>
            <object_component_ref idref="oc-64"/>
            <object_component_ref idref="oc-72"/>
            <object_component_ref idref="oc-76"/>
            <object_component_ref idref="oc-7b"/>
            <object_component_ref idref="oc-80"/>
            <object_component_ref idref="oc-85"/>
            <object_component_ref idref="oc-8b"/>
            <object_component_ref idref="oc-8f"/>
            <object_component_ref idref="oc-92"/>
            <object_component_ref idref="oc-a5"/>
            <object_component_ref idref="oc-ac"/>
            <object_component_ref idref="oc-af"/>
            <object_component_ref idref="oc-d0"/>
            <object_component_ref idref="oc-d5"/>
            <object_component_ref idref="oc-e9"/>
         </contents>
      </logical_group>
      <logical_group id="lg-118" display="never" color="cyan">
         <name>.debug_aranges</name>
         <load_address>0x0</load_address>
         <run_address>0x0</run_address>
         <size>0x320</size>
         <contents>
            <object_component_ref idref="oc-12"/>
            <object_component_ref idref="oc-1a"/>
            <object_component_ref idref="oc-1f"/>
            <object_component_ref idref="oc-24"/>
            <object_component_ref idref="oc-2d"/>
            <object_component_ref idref="oc-31"/>
            <object_component_ref idref="oc-3c"/>
            <object_component_ref idref="oc-3e"/>
            <object_component_ref idref="oc-46"/>
            <object_component_ref idref="oc-4f"/>
            <object_component_ref idref="oc-62"/>
            <object_component_ref idref="oc-6f"/>
            <object_component_ref idref="oc-74"/>
            <object_component_ref idref="oc-7a"/>
            <object_component_ref idref="oc-7f"/>
            <object_component_ref idref="oc-84"/>
            <object_component_ref idref="oc-8a"/>
            <object_component_ref idref="oc-a6"/>
            <object_component_ref idref="oc-cf"/>
            <object_component_ref idref="oc-d4"/>
            <object_component_ref idref="oc-e7"/>
         </contents>
      </logical_group>
      <logical_group id="lg-11a" display="never" color="cyan">
         <name>.debug_line</name>
         <load_address>0x0</load_address>
         <run_address>0x0</run_address>
         <size>0x1063</size>
         <contents>
            <object_component_ref idref="oc-13"/>
            <object_component_ref idref="oc-17"/>
[...]
            <object_component_ref idref="oc-25"/>
            <object_component_ref idref="oc-2a"/>
            <object_component_ref idref="oc-34"/>
            <object_component_ref idref="oc-42"/>
            <object_component_ref idref="oc-47"/>
            <object_component_ref idref="oc-61"/>
            <object_component_ref idref="oc-88"/>
            <object_component_ref idref="oc-a2"/>
            <object_component_ref idref="oc-d1"/>
            <object_component_ref idref="oc-d7"/>
            <object_component_ref idref="oc-eb"/>
         </contents>
      </logical_group>
      <logical_group id="lg-11e" display="never" color="cyan">
         <name>.debug_abbrev</name>
         <load_address>0x0</load_address>
         <run_address>0x0</run_address>
         <size>0xf1e</size>
         <contents>
            <object_component_ref idref="oc-35"/>
            <object_component_ref idref="oc-4c"/>
            <object_component_ref idref="oc-52"/>
            <object_component_ref idref="oc-55"/>
            <object_component_ref idref="oc-59"/>
            <object_component_ref idref="oc-5c"/>
            <object_component_ref idref="oc-66"/>
            <object_component_ref idref="oc-6a"/>
            <object_component_ref idref="oc-6d"/>
            <object_component_ref idref="oc-94"/>
            <object_component_ref idref="oc-97"/>
            <object_component_ref idref="oc-9a"/>
            <object_component_ref idref="oc-9e"/>
            <object_component_ref idref="oc-a7"/>
            <object_component_ref idref="oc-a8"/>
            <object_component_ref idref="oc-b0"/>
            <object_component_ref idref="oc-b3"/>
            <object_component_ref idref="oc-b5"/>
            <object_component_ref idref="oc-b8"/>
            <object_component_ref idref="oc-bb"/>
            <object_component_ref idref="oc-bf"/>
            <object_component_ref idref="oc-c2"/>
            <object_component_ref idref="oc-c4"/>
            <object_component_ref idref="oc-c5"/>
            <object_component_ref idref="oc-c7"/>
            <object_component_ref idref="oc-c8"/>
            <object_component_ref idref="oc-c9"/>
            <object_component_ref idref="oc-ca"/>
            <object_component_ref idref="oc-cb"/>
            <object_component_ref idref="oc-d8"/>
            <object_component_ref idref="oc-d9"/>
            <object_component_ref idref="oc-db"/>
            <object_component_ref idref="oc-dd"/>
            <object_component_ref idref="oc-df"/>
            <object_component_ref idref="oc-e3"/>
            <object_component_ref idref="oc-ec"/>
            <object_component_ref idref="oc-f0"/>
            <object_component_ref idref="oc-f2"/>
            <object_component_ref idref="oc-f4"/>
            <object_component_ref idref="oc-f7"/>
            <object_component_ref idref="oc-fa"/>
            <object_component_ref idref="oc-fe"/>
            <object_component_ref idref="oc-101"/>
            <object_component_ref idref="oc-102"/>
            <object_component_ref idref="oc-104"/>
            <object_component_ref idref="oc-106"/>
            <object_component_ref idref="oc-12a"/>
         </contents>
      </logical_group>
      <logical_group id="lg-120" display="never" color="cyan">
         <name>.debug_pubtypes</name>
         <load_address>0x0</load_address>
         <run_address>0x0</run_address>
         <size>0x47c</size>
         <contents>
            <object_component_ref idref="oc-54"/>
            <object_component_ref idref="oc-5b"/>
            <object_component_ref idref="oc-69"/>
            <object_component_ref idref="oc-96"/>
            <object_component_ref idref="oc-9d"/>
            <object_component_ref idref="oc-b2"/>
            <object_component_ref idref="oc-b7"/>
            <object_component_ref idref="oc-be"/>
            <object_component_ref idref="oc-e2"/>
            <object_component_ref idref="oc-ef"/>
            <object_component_ref idref="oc-f9"/>
            <object_component_ref idref="oc-fd"/>
         </contents>
      </logical_group>
      <logical_group id="lg-122" display="never" color="cyan">
         <name>.debug_str</name>
         <load_address>0x0</load_address>
         <run_address>0x0</run_address>
         <size>0x7ba</size>
         <contents>
            <object_component_ref idref="oc-57"/>
            <object_component_ref idref="oc-5e"/>
            <object_component_ref idref="oc-6c"/>
            <object_component_ref idref="oc-99"/>
            <object_component_ref idref="oc-a0"/>
            <object_component_ref idref="oc-ba"/>
            <object_component_ref idref="oc-c1"/>
            <object_component_ref idref="oc-e5"/>
            <object_component_ref idref="oc-100"/>
         </contents>
      </logical_group>
      <load_segment id="lg-12d" display="no" color="cyan">
         <name>SEGMENT_0</name>
         <load_address>0x0</load_address>
         <run_address>0x0</run_address>
         <size>0x1198</size>
         <flags>0x5</flags>
         <contents>
            <logical_group_ref idref="lg-3"/>
            <logical_group_ref idref="lg-4"/>
            <logical_group_ref idref="lg-5"/>
            <logical_group_ref idref="lg-6"/>
         </contents>
      </load_segment>
      <load_segment id="lg-12e" display="no" color="cyan">
         <name>SEGMENT_1</name>
         <run_address>0x20000000</run_address>
         <size>0x24c</size>
         <flags>0x6</flags>
         <contents>
            <logical_group_ref idref="lg-d"/>
            <logical_group_ref idref="lg-a"/>
            <logical_group_ref idref="lg-b"/>
         </contents>
      </load_segment>
   </logical_group_list>
   <placement_map>
      <memory_area display="yes" color="green">
         <name>FLASH</name>
         <page_id>0x0</page_id>
         <origin>0x0</origin>
         <length>0x40000</length>
         <used_space>0x1192</used_space>
         <unused_space>0x3ee6e</unused_space>
         <attributes>RX</attributes>
         <usage_details>
            <allocated_space>
               <start_address>0x0</start_address>
               <size>0x26c</size>
               <logical_group_ref idref="lg-3"/>
            </allocated_space>
            <allocated_space>
               <start_address>0x26c</start_address>
               <size>0xeb6</size>
               <logical_group_ref idref="lg-4"/>
            </allocated_space>
            <available_space>
               <start_address>0x1122</start_address>
               <size>0x2</size>
            </available_space>
            <allocated_space>
               <start_address>0x1124</start_address>
               <size>0x30</size>
               <logical_group_ref idref="lg-5"/>
            </allocated_space>
            <available_space>
               <start_address>0x1154</start_address>
               <size>0x4</size>
            </available_space>
            <allocated_space>
               <start_address>0x1158</start_address>
               <size>0x40</size>
               <logical_group_ref idref="lg-6"/>
            </allocated_space>
            <available_space>
               <start_address>0x1198</start_address>
               <size>0x3ee68</size>
            </available_space>
         </usage_details>
      </memory_area>
      <memory_area display="yes" color="green">
         <name>SRAM</name>
         <page_id>0x0</page_id>
         <origin>0x20000000</origin>
         <length>0x8000</length>
         <used_space>0x24c</used_space>
         <unused_space>0x7db4</unused_space>
         <attributes>RWX</attributes>
         <usage_details>
            <allocated_space>
               <start_address>0x20000000</start_address>
               <size>0x200</size>
               <logical_group_ref idref="lg-d"/>
            </allocated_space>
            <allocated_space>
               <start_address>0x20000200</start_address>
               <size>0x44</size>
               <logical_group_ref idref="lg-a"/>
            </allocated_space>
            <allocated_space>
               <start_address>0x20000244</start_address>
               <size>0x8</size>
               <logical_group_ref idref="lg-b"/>
            </allocated_space>
            <available_space>
               <start_address>0x2000024c</start_address>
               <size>0x7db4</size>
            </available_space>
         </usage_details>
      </memory_area>
   </placement_map>
   <cptbl_list>
      <cptbl>
         <name>__TI_cinit_table</name>
         <cprec>
            <name>.data</name>
            <load_address>0x1158</load_address>
            <load_size>0x19</load_size>
            <run_address>0x20000200</run_address>
            <run_size>0x44</run_size>
            <compression>rle</compression>
         </cprec>
         <cprec>
            <name>.bss</name>
            <load_address>0x1180</load_address>
            <load_size>0x8</load_size>
            <run_address>0x20000244</run_address>
            <run_size>0x8</run_size>
            <compression>zero_init</compression>
         </cprec>
      </cptbl>
   </cptbl_list>
   <handler_table>
      <handler_table_name>__TI_handler_table</handler_table_name>
      <handler>
         <index>0x0</index>
         <name>__TI_decompress_rle24</name>
      </handler>
      <handler>
         <index>0x1</index>
         <name>__TI_decompress_none</name>
      </handler>
      <handler>
         <index>0x2</index>
         <name>__TI_zero_init</name>
      </handler>
   </handler_table>
   <symbol_table>
      <symbol id="sm-1">
         <name>__STACK_TOP</name>
         <value>0x20000200</value>
      </symbol>
      <symbol id="sm-2">
         <name>__TI_CINIT_Base</name>
         <value>0x1188</value>
      </symbol>
      <symbol id="sm-3">
         <name>__TI_CINIT_Limit</name>
         <value>0x1198</value>
      </symbol>
      <symbol id="sm-4">
         <name>__TI_Handler_Table_Base</name>
         <value>0x1174</value>
      </symbol>
      <symbol id="sm-5">
         <name>__TI_Handler_Table_Limit</name>
         <value>0x1180</value>
      </symbol>
      <symbol id="sm-6">
         <name>binit</name>
         <value>0xffffffff</value>
      </symbol>
      <symbol id="sm-7">
         <name>__binit__</name>
         <value>0xffffffff</value>
      </symbol>
      <symbol id="sm-8">
         <name>__STACK_SIZE</name>
         <value>0x200</value>
      </symbol>
      <symbol id="sm-9">
         <name>__STACK_END</name>
         <value>0x20000200</value>
      </symbol>
      <symbol id="sm-a">
         <name>__c_args__</name>
         <value>0xffffffff</value>
      </symbol>
      <symbol id="sm-ac">
         <name>y</name>
         <value>0x20000248</value>
      </symbol>
      <symbol id="sm-ad">
         <name>x</name>
         <value>0x20000244</value>
      </symbol>
      <symbol id="sm-ae">
         <name>rpm</name>
         <value>0x20000200</value>
         <object_component_ref idref="oc-8d"/>
      </symbol>
      <symbol id="sm-af">
         <name>error</name>
         <value>0x20000210</value>
         <object_component_ref idref="oc-8d"/>
      </symbol>
      <symbol id="sm-b0">
         <name>duty</name>
         <value>0x20000208</value>
         <object_component_ref idref="oc-8d"/>
      </symbol>
      <symbol id="sm-b1">
         <name>p</name>
         <value>0x2000021c</value>
         <object_component_ref idref="oc-8d"/>
      </symbol>
      <symbol id="sm-b2">
         <name>k</name>
         <value>0x20000228</value>
         <object_component_ref idref="oc-8d"/>
      </symbol>
      <symbol id="sm-b3">
         <name>setpoint</name>
         <value>0x20000214</value>
         <object_component_ref idref="oc-8d"/>
      </symbol>
      <symbol id="sm-b4">
         <name>ISR2</name>
         <value>0x6a1</value>
         <object_component_ref idref="oc-2f"/>
      </symbol>
      <symbol id="sm-b5">
         <name>ISR1</name>
         <value>0x65d</value>
         <object_component_ref idref="oc-2f"/>
      </symbol>
      <symbol id="sm-b6">
         <name>prev</name>
         <value>0x20000224</value>
         <object_component_ref idref="oc-8d"/>
      </symbol>
      <symbol id="sm-b7">
         <name>System80Mhz</name>
         <value>0x2c1</value>
         <object_component_ref idref="oc-2f"/>
      </symbol>
      <symbol id="sm-b8">
         <name>enc_count</name>
         <value>0x2000022c</value>
         <object_component_ref idref="oc-8d"/>
      </symbol>
      <symbol id="sm-b9">
         <name>timer_init</name>
         <value>0x751</value>
         <object_component_ref idref="oc-2f"/>
      </symbol>
      <symbol id="sm-ba">
         <name>PID</name>
         <value>0x3f1</value>
         <object_component_ref idref="oc-2f"/>
      </symbol>
      <symbol id="sm-bb">
         <name>main</name>
         <value>0x80d</value>
         <object_component_ref idref="oc-2f"/>
      </symbol>
      <symbol id="sm-bc">
         <name>delay</name>
         <value>0x26d</value>
         <object_component_ref idref="oc-2f"/>
      </symbol>
      <symbol id="sm-bd">
         <name>encoder_init</name>
         <value>0x79d</value>
         <object_component_ref idref="oc-2f"/>
      </symbol>
      <symbol id="sm-be">
         <name>curr</name>
         <value>0x20000220</value>
         <object_component_ref idref="oc-8d"/>
      </symbol>
      <symbol id="sm-bf">
         <name>kp</name>
         <value>0x20000218</value>
         <object_component_ref idref="oc-8d"/>
      </symbol>
      <symbol id="sm-c0">
         <name>req_rpm</name>
         <value>0x20000204</value>
         <object_component_ref idref="oc-8d"/>
      </symbol>
      <symbol id="sm-c1">
         <name>value</name>
         <value>0x2000020c</value>
         <object_component_ref idref="oc-8d"/>
      </symbol>
      <symbol id="sm-c2">
         <name>PWM_init</name>
         <value>0x709</value>
         <object_component_ref idref="oc-2f"/>
      </symbol>
      <symbol id="sm-de">
         <name>ResetISR</name>
         <value>0x1111</value>
         <object_component_ref idref="oc-29"/>
      </symbol>
      <symbol id="sm-df">
         <name>g_pfnVectors</name>
         <value>0x0</value>
         <object_component_ref idref="oc-e"/>
      </symbol>
      <symbol id="sm-ef">
         <name>_c_int00</name>
         <value>0xf79</value>
         <object_component_ref idref="oc-11"/>
      </symbol>
      <symbol id="sm-f0">
         <name>__stack</name>
         <value>0x20000000</value>
         <object_component_ref idref="oc-28"/>
      </symbol>
      <symbol id="sm-107">
         <name>__TI_decompress_none</name>
         <value>0x1103</value>
         <object_component_ref idref="oc-16"/>
      </symbol>
      <symbol id="sm-12b">
         <name>__TI_decompress_rle24</name>
         <value>0x111d</value>
         <object_component_ref idref="oc-22"/>
      </symbol>
      <symbol id="sm-144">
         <name>__TI_zero_init</name>
         <value>0x10f1</value>
         <object_component_ref idref="oc-1c"/>
      </symbol>
      <symbol id="sm-163">
         <name>C$$EXIT</name>
         <value>0x1005</value>
         <object_component_ref idref="oc-43"/>
      </symbol>
      <symbol id="sm-164">
         <name>abort</name>
         <value>0x1009</value>
         <object_component_ref idref="oc-43"/>
      </symbol>
      <symbol id="sm-165">
         <name>exit</name>
         <value>0x1011</value>
         <object_component_ref idref="oc-43"/>
      </symbol>
      <symbol id="sm-166">
         <name>__TI_dtors_ptr</name>
         <value>0x2000023c</value>
         <object_component_ref idref="oc-ad"/>
      </symbol>
      <symbol id="sm-167">
         <name>__TI_cleanup_ptr</name>
         <value>0x20000238</value>
         <object_component_ref idref="oc-ad"/>
      </symbol>
      <symbol id="sm-17e">
         <name>__aeabi_dsub</name>
         <value>0x901</value>
         <object_component_ref idref="oc-73"/>
      </symbol>
      <symbol id="sm-17f">
         <name>__aeabi_dadd</name>
         <value>0x90b</value>
         <object_component_ref idref="oc-73"/>
      </symbol>
      <symbol id="sm-191">
         <name>__aeabi_cdcmpeq</name>
         <value>0xde1</value>
         <object_component_ref idref="oc-6e"/>
      </symbol>
      <symbol id="sm-192">
         <name>__aeabi_cdcmple</name>
         <value>0xde1</value>
         <object_component_ref idref="oc-6e"/>
      </symbol>
      <symbol id="sm-1a6">
         <name>__aeabi_ddiv</name>
         <value>0xab7</value>
         <object_component_ref idref="oc-7d"/>
      </symbol>
      <symbol id="sm-1b0">
         <name>__aeabi_d2f</name>
         <value>0xf2f</value>
         <object_component_ref idref="oc-82"/>
      </symbol>
      <symbol id="sm-1bb">
         <name>__aeabi_f2d</name>
         <value>0x108d</value>
         <object_component_ref idref="oc-78"/>
      </symbol>
      <symbol id="sm-1d6">
         <name>memcpy</name>
         <value>0xcb1</value>
         <object_component_ref idref="oc-4d"/>
      </symbol>
      <symbol id="sm-1d7">
         <name>__aeabi_memcpy</name>
         <value>0xcb1</value>
         <object_component_ref idref="oc-4d"/>
      </symbol>
      <symbol id="sm-1d8">
         <name>__aeabi_memcpy8</name>
         <value>0xcb1</value>
         <object_component_ref idref="oc-4d"/>
      </symbol>
      <symbol id="sm-1d9">
         <name>__aeabi_memcpy4</name>
         <value>0xcb1</value>
         <object_component_ref idref="oc-4d"/>
      </symbol>
      <symbol id="sm-1e9">
         <name>round</name>
         <value>0xe69</value>
         <object_component_ref idref="oc-87"/>
      </symbol>
      <symbol id="sm-1f1">
         <name>main_func_sp</name>
         <value>0x20000240</value>
         <object_component_ref idref="oc-49"/>
      </symbol>
      <symbol id="sm-20e">
         <name>_Dint</name>
         <value>0xbed</value>
         <object_component_ref idref="oc-d2"/>
      </symbol>
      <symbol id="sm-220">
         <name>_Dtest</name>
         <value>0x1049</value>
         <object_component_ref idref="oc-cc"/>
      </symbol>
      <symbol id="sm-239">
         <name>_nop</name>
         <value>0x10eb</value>
         <object_component_ref idref="oc-e6"/>
      </symbol>
      <symbol id="sm-23a">
         <name>_lock</name>
         <value>0x20000230</value>
         <object_component_ref idref="oc-aa"/>
      </symbol>
      <symbol id="sm-23b">
         <name>_unlock</name>
         <value>0x20000234</value>
         <object_component_ref idref="oc-aa"/>
      </symbol>
      <symbol id="sm-23c">
         <name>_register_lock</name>
         <value>0x10e3</value>
         <object_component_ref idref="oc-e6"/>
      </symbol>
      <symbol id="sm-23d">
         <name>_register_unlock</name>
         <value>0x10dd</value>
         <object_component_ref idref="oc-e6"/>
      </symbol>
      <symbol id="sm-251">
         <name>_args_main</name>
         <value>0x10c5</value>
         <object_component_ref idref="oc-3d"/>
      </symbol>
      <symbol id="sm-26e">
         <name>__TI_auto_init</name>
         <value>0xd4d</value>
         <object_component_ref idref="oc-38"/>
      </symbol>
      <symbol id="sm-287">
         <name>copy_in</name>
         <value>0xfc1</value>
         <object_component_ref idref="oc-a1"/>
      </symbol>
      <symbol id="sm-288">
         <name>__TI_static_base__</name>
         <value>0x0</value>
      </symbol>
      <symbol id="sm-289">
         <name>__TI_args_main</name>
         <value>0x1</value>
      </symbol>
      <symbol id="sm-28a">
         <name>SHT$$INIT_ARRAY$$Limit</name>
         <value>0x0</value>
      </symbol>
      <symbol id="sm-28b">
         <name>SHT$$INIT_ARRAY$$Base</name>
         <value>0x0</value>
      </symbol>
   </symbol_table>
   <title>Link successful</title>
</link_info>
