******************************************************************************
                  TI ARM Linker PC v5.1.6                      
******************************************************************************
>> Linked Sat Feb 04 16:27:08 2017

OUTPUT FILE NAME:   <encoder.out>
ENTRY POINT SYMBOL: "_c_int00"  address: 000004a9


MEMORY CONFIGURATION

         name            origin    length      used     unused   attr    fill
----------------------  --------  ---------  --------  --------  ----  --------
  FLASH                 00000000   00040000  000005e4  0003fa1c  R  X
  SRAM                  20000000   00008000  00000218  00007de8  RW X


SEGMENT ALLOCATION MAP

run origin  load origin   length   init length attrs members
----------  ----------- ---------- ----------- ----- -------
00000000    00000000    000005e8   000005e8    r-x
  00000000    00000000    0000026c   0000026c    r-- .intvecs
  0000026c    0000026c    00000358   00000358    r-x .text
  000005c8    000005c8    00000020   00000020    r-- .cinit
20000000    20000000    00000218   00000000    rw-
  20000000    20000000    00000200   00000000    rw- .stack
  20000200    20000200    00000018   00000000    rw- .data


SECTION ALLOCATION MAP

 output                                  attributes/
section   page    origin      length       input sections
--------  ----  ----------  ----------   ----------------
.intvecs   0    00000000    0000026c     
                  00000000    0000026c     tm4c123gh6pge_startup_ccs.obj (.intvecs)

.init_array 
*          0    00000000    00000000     UNINITIALIZED

.text      0    0000026c    00000358     
                  0000026c    000000ac     main.obj (.text)
                  00000318    0000009c     rtsv7M4_T_le_v4SPD16_eabi.lib : memcpy_t2.obj (.text)
                  000003b4    00000094                                   : auto_init.obj (.text)
                  00000448    0000005e                                   : copy_decompress_rle.obj (.text)
                  000004a6    00000002     --HOLE-- [fill = 0]
                  000004a8    00000048                                   : boot.obj (.text)
                  000004f0    00000044                                   : cpy_tbl.obj (.text)
                  00000534    00000044                                   : exit.obj (.text)
                  00000578    00000018                                   : args_main.obj (.text)
                  00000590    00000014                                   : _lock.obj (.text)
                  000005a4    0000000e                                   : copy_decompress_none.obj (.text:decompress:none)
                  000005b2    0000000c     tm4c123gh6pge_startup_ccs.obj (.text)
                  000005be    00000006     rtsv7M4_T_le_v4SPD16_eabi.lib : copy_decompress_rle.obj (.text:decompress:rle24)

.cinit     0    000005c8    00000020     
                  000005c8    0000000f     (.cinit..data.load) [load image, compression = rle]
                  000005d7    00000001     --HOLE-- [fill = 0]
                  000005d8    00000008     (__TI_handler_table)
                  000005e0    00000008     (__TI_cinit_table)

.stack     0    20000000    00000200     UNINITIALIZED
                  20000000    00000200     --HOLE--

.data      0    20000200    00000018     UNINITIALIZED
                  20000200    00000008     rtsv7M4_T_le_v4SPD16_eabi.lib : _lock.obj (.data)
                  20000208    00000008                                   : exit.obj (.data)
                  20000210    00000004     main.obj (.data)
                  20000214    00000004     rtsv7M4_T_le_v4SPD16_eabi.lib : stkdepth_vars.obj (.data)


LINKER GENERATED COPY TABLES

__TI_cinit_table @ 000005e0 records: 1, size/record: 8, table size: 8
	.data: load addr=000005c8, load size=0000000f bytes, run addr=20000200, run size=00000018 bytes, compression=rle


LINKER GENERATED HANDLER TABLE

__TI_handler_table @ 000005d8 records: 2, size/record: 4, table size: 8
	index: 0, handler: __TI_decompress_rle24
	index: 1, handler: __TI_decompress_none


GLOBAL SYMBOLS: SORTED ALPHABETICALLY BY Name 

address    name
--------   ----
00000535   C$$EXIT
0000026d   ISR1
000005b3   ResetISR
UNDEFED    SHT$$INIT_ARRAY$$Base
UNDEFED    SHT$$INIT_ARRAY$$Limit
20000200   __STACK_END
00000200   __STACK_SIZE
20000200   __STACK_TOP
000005e0   __TI_CINIT_Base
000005e8   __TI_CINIT_Limit
000005d8   __TI_Handler_Table_Base
000005e0   __TI_Handler_Table_Limit
00000001   __TI_args_main
000003b5   __TI_auto_init
20000208   __TI_cleanup_ptr
000005a5   __TI_decompress_none
000005bf   __TI_decompress_rle24
2000020c   __TI_dtors_ptr
00000000   __TI_static_base__
00000319   __aeabi_memcpy
00000319   __aeabi_memcpy4
00000319   __aeabi_memcpy8
ffffffff   __binit__
ffffffff   __c_args__
20000000   __stack
00000579   _args_main
000004a9   _c_int00
20000200   _lock
0000059f   _nop
00000597   _register_lock
00000591   _register_unlock
20000204   _unlock
00000539   abort
ffffffff   binit
000004f1   copy_in
00000541   exit
00000000   g_pfnVectors
20000210   i
0000029f   main
20000214   main_func_sp
00000319   memcpy


GLOBAL SYMBOLS: SORTED BY Symbol Address 

address    name
--------   ----
00000000   __TI_static_base__
00000000   g_pfnVectors
00000001   __TI_args_main
00000200   __STACK_SIZE
0000026d   ISR1
0000029f   main
00000319   __aeabi_memcpy
00000319   __aeabi_memcpy4
00000319   __aeabi_memcpy8
00000319   memcpy
000003b5   __TI_auto_init
000004a9   _c_int00
000004f1   copy_in
00000535   C$$EXIT
00000539   abort
00000541   exit
00000579   _args_main
00000591   _register_unlock
00000597   _register_lock
0000059f   _nop
000005a5   __TI_decompress_none
000005b3   ResetISR
000005bf   __TI_decompress_rle24
000005d8   __TI_Handler_Table_Base
000005e0   __TI_CINIT_Base
000005e0   __TI_Handler_Table_Limit
000005e8   __TI_CINIT_Limit
20000000   __stack
20000200   __STACK_END
20000200   __STACK_TOP
20000200   _lock
20000204   _unlock
20000208   __TI_cleanup_ptr
2000020c   __TI_dtors_ptr
20000210   i
20000214   main_func_sp
ffffffff   __binit__
ffffffff   __c_args__
ffffffff   binit
UNDEFED    SHT$$INIT_ARRAY$$Base
UNDEFED    SHT$$INIT_ARRAY$$Limit

[41 symbols]
