******************************************************************************
                  TI ARM Linker PC v5.1.6                      
******************************************************************************
>> Linked Wed Jan 04 18:52:21 2017

OUTPUT FILE NAME:   <hit switch.out>
ENTRY POINT SYMBOL: "_c_int00"  address: 000004b5


MEMORY CONFIGURATION

         name            origin    length      used     unused   attr    fill
----------------------  --------  ---------  --------  --------  ----  --------
  FLASH                 00000000   00040000  000005f4  0003fa0c  R  X
  SRAM                  20000000   00008000  00000220  00007de0  RW X


SEGMENT ALLOCATION MAP

run origin  load origin   length   init length attrs members
----------  ----------- ---------- ----------- ----- -------
00000000    00000000    000005f4   000005f4    r-x
  00000000    00000000    0000026c   0000026c    r-- .intvecs
  0000026c    0000026c    00000364   00000364    r-x .text
  000005d0    000005d0    00000024   00000024    r-- .cinit
20000000    20000000    00000220   00000000    rw-
  20000000    20000000    00000200   00000000    rw- .stack
  20000200    20000200    00000020   00000000    rw- .data


SECTION ALLOCATION MAP

 output                                  attributes/
section   page    origin      length       input sections
--------  ----  ----------  ----------   ----------------
.intvecs   0    00000000    0000026c     
                  00000000    0000026c     tm4c123gh6pge_startup_ccs.obj (.intvecs)

.init_array 
*          0    00000000    00000000     UNINITIALIZED

.text      0    0000026c    00000364     
                  0000026c    000000b8     main.obj (.text)
                  00000324    0000009c     rtsv7M4_T_le_v4SPD16_eabi.lib : memcpy_t2.obj (.text)
                  000003c0    00000094                                   : auto_init.obj (.text)
                  00000454    0000005e                                   : copy_decompress_rle.obj (.text)
                  000004b2    00000002     --HOLE-- [fill = 0]
                  000004b4    00000048                                   : boot.obj (.text)
                  000004fc    00000044                                   : cpy_tbl.obj (.text)
                  00000540    00000044                                   : exit.obj (.text)
                  00000584    00000018                                   : args_main.obj (.text)
                  0000059c    00000014                                   : _lock.obj (.text)
                  000005b0    0000000e                                   : copy_decompress_none.obj (.text:decompress:none)
                  000005be    0000000c     tm4c123gh6pge_startup_ccs.obj (.text)
                  000005ca    00000006     rtsv7M4_T_le_v4SPD16_eabi.lib : copy_decompress_rle.obj (.text:decompress:rle24)

.cinit     0    000005d0    00000024     
                  000005d0    00000012     (.cinit..data.load) [load image, compression = rle]
                  000005e2    00000002     --HOLE-- [fill = 0]
                  000005e4    00000008     (__TI_handler_table)
                  000005ec    00000008     (__TI_cinit_table)

.stack     0    20000000    00000200     UNINITIALIZED
                  20000000    00000200     --HOLE--

.data      0    20000200    00000020     UNINITIALIZED
                  20000200    0000000c     main.obj (.data)
                  2000020c    00000008     rtsv7M4_T_le_v4SPD16_eabi.lib : _lock.obj (.data)
                  20000214    00000008                                   : exit.obj (.data)
                  2000021c    00000004                                   : stkdepth_vars.obj (.data)


LINKER GENERATED COPY TABLES

__TI_cinit_table @ 000005ec records: 1, size/record: 8, table size: 8
	.data: load addr=000005d0, load size=00000012 bytes, run addr=20000200, run size=00000020 bytes, compression=rle


LINKER GENERATED HANDLER TABLE

__TI_handler_table @ 000005e4 records: 2, size/record: 4, table size: 8
	index: 0, handler: __TI_decompress_rle24
	index: 1, handler: __TI_decompress_none


GLOBAL SYMBOLS: SORTED ALPHABETICALLY BY Name 

address    name
--------   ----
00000541   C$$EXIT
000005bf   ResetISR
UNDEFED    SHT$$INIT_ARRAY$$Base
UNDEFED    SHT$$INIT_ARRAY$$Limit
20000200   __STACK_END
00000200   __STACK_SIZE
20000200   __STACK_TOP
000005ec   __TI_CINIT_Base
000005f4   __TI_CINIT_Limit
000005e4   __TI_Handler_Table_Base
000005ec   __TI_Handler_Table_Limit
00000001   __TI_args_main
000003c1   __TI_auto_init
20000214   __TI_cleanup_ptr
000005b1   __TI_decompress_none
000005cb   __TI_decompress_rle24
20000218   __TI_dtors_ptr
00000000   __TI_static_base__
00000325   __aeabi_memcpy
00000325   __aeabi_memcpy4
00000325   __aeabi_memcpy8
ffffffff   __binit__
ffffffff   __c_args__
20000000   __stack
00000585   _args_main
000004b5   _c_int00
2000020c   _lock
000005ab   _nop
000005a3   _register_lock
0000059d   _register_unlock
20000210   _unlock
00000545   abort
ffffffff   binit
000004fd   copy_in
0000054d   exit
00000000   g_pfnVectors
20000200   i
20000204   j
20000208   k
0000026d   main
2000021c   main_func_sp
00000325   memcpy


GLOBAL SYMBOLS: SORTED BY Symbol Address 

address    name
--------   ----
00000000   __TI_static_base__
00000000   g_pfnVectors
00000001   __TI_args_main
00000200   __STACK_SIZE
0000026d   main
00000325   __aeabi_memcpy
00000325   __aeabi_memcpy4
00000325   __aeabi_memcpy8
00000325   memcpy
000003c1   __TI_auto_init
000004b5   _c_int00
000004fd   copy_in
00000541   C$$EXIT
00000545   abort
0000054d   exit
00000585   _args_main
0000059d   _register_unlock
000005a3   _register_lock
000005ab   _nop
000005b1   __TI_decompress_none
000005bf   ResetISR
000005cb   __TI_decompress_rle24
000005e4   __TI_Handler_Table_Base
000005ec   __TI_CINIT_Base
000005ec   __TI_Handler_Table_Limit
000005f4   __TI_CINIT_Limit
20000000   __stack
20000200   __STACK_END
20000200   __STACK_TOP
20000200   i
20000204   j
20000208   k
2000020c   _lock
20000210   _unlock
20000214   __TI_cleanup_ptr
20000218   __TI_dtors_ptr
2000021c   main_func_sp
ffffffff   __binit__
ffffffff   __c_args__
ffffffff   binit
UNDEFED    SHT$$INIT_ARRAY$$Base
UNDEFED    SHT$$INIT_ARRAY$$Limit

[42 symbols]
