******************************************************************************
                  TI ARM Linker PC v5.1.6                      
******************************************************************************
>> Linked Sun Feb 05 01:01:58 2017

OUTPUT FILE NAME:   <UART(reci_multiple).out>
ENTRY POINT SYMBOL: "_c_int00"  address: 000008e9


MEMORY CONFIGURATION

         name            origin    length      used     unused   attr    fill
----------------------  --------  ---------  --------  --------  ----  --------
  FLASH                 00000000   00040000  00000a4e  0003f5b2  R  X
  SRAM                  20000000   00008000  0000022c  00007dd4  RW X


SEGMENT ALLOCATION MAP

run origin  load origin   length   init length attrs members
----------  ----------- ---------- ----------- ----- -------
00000000    00000000    00000a50   00000a50    r-x
  00000000    00000000    0000026c   0000026c    r-- .intvecs
  0000026c    0000026c    000007aa   000007aa    r-x .text
  00000a18    00000a18    00000038   00000038    r-- .cinit
20000000    20000000    0000022c   00000000    rw-
  20000000    20000000    00000200   00000000    rw- .stack
  20000200    20000200    0000001c   00000000    rw- .data
  2000021c    2000021c    00000010   00000000    rw- .bss


SECTION ALLOCATION MAP

 output                                  attributes/
section   page    origin      length       input sections
--------  ----  ----------  ----------   ----------------
.intvecs   0    00000000    0000026c     
                  00000000    0000026c     tm4c123gh6pge_startup_ccs.obj (.intvecs)

.init_array 
*          0    00000000    00000000     UNINITIALIZED

.text      0    0000026c    000007aa     
                  0000026c    000002b0     main.obj (.text)
                  0000051c    000001b6     rtsv7M4_T_le_v4SPD16_eabi.lib : fd_add_t2.obj (.text)
                  000006d2    0000009c                                   : memcpy_t2.obj (.text)
                  0000076e    00000002     --HOLE-- [fill = 0]
                  00000770    00000094                                   : auto_init.obj (.text)
                  00000804    00000086                                   : fd_cmp_t2.obj (.text:__aeabi_cdcmple)
                  0000088a    0000005e                                   : copy_decompress_rle.obj (.text)
                  000008e8    00000048                                   : boot.obj (.text)
                  00000930    00000044                                   : cpy_tbl.obj (.text)
                  00000974    00000044                                   : exit.obj (.text)
                  000009b8    00000018                                   : args_main.obj (.text)
                  000009d0    00000014                                   : _lock.obj (.text)
                  000009e4    00000012                                   : copy_zero_init.obj (.text:decompress:ZI)
                  000009f6    0000000e                                   : copy_decompress_none.obj (.text:decompress:none)
                  00000a04    0000000c     tm4c123gh6pge_startup_ccs.obj (.text)
                  00000a10    00000006     rtsv7M4_T_le_v4SPD16_eabi.lib : copy_decompress_rle.obj (.text:decompress:rle24)

.cinit     0    00000a18    00000038     
                  00000a18    00000012     (.cinit..data.load) [load image, compression = rle]
                  00000a2a    00000002     --HOLE-- [fill = 0]
                  00000a2c    0000000c     (__TI_handler_table)
                  00000a38    00000008     (.cinit..bss.load) [load image, compression = zero_init]
                  00000a40    00000010     (__TI_cinit_table)

.stack     0    20000000    00000200     UNINITIALIZED
                  20000000    00000200     --HOLE--

.data      0    20000200    0000001c     UNINITIALIZED
                  20000200    00000008     main.obj (.data)
                  20000208    00000008     rtsv7M4_T_le_v4SPD16_eabi.lib : _lock.obj (.data)
                  20000210    00000008                                   : exit.obj (.data)
                  20000218    00000004                                   : stkdepth_vars.obj (.data)

.bss       0    2000021c    00000010     UNINITIALIZED
                  2000021c    00000010     (.common:data)


LINKER GENERATED COPY TABLES

__TI_cinit_table @ 00000a40 records: 2, size/record: 8, table size: 16
	.data: load addr=00000a18, load size=00000012 bytes, run addr=20000200, run size=0000001c bytes, compression=rle
	.bss: load addr=00000a38, load size=00000008 bytes, run addr=2000021c, run size=00000010 bytes, compression=zero_init


LINKER GENERATED HANDLER TABLE

__TI_handler_table @ 00000a2c records: 3, size/record: 4, table size: 12
	index: 0, handler: __TI_decompress_rle24
	index: 1, handler: __TI_decompress_none
	index: 2, handler: __TI_zero_init


GLOBAL SYMBOLS: SORTED ALPHABETICALLY BY Name 

address    name
--------   ----
00000975   C$$EXIT
000003cf   ISR1
00000a05   ResetISR
UNDEFED    SHT$$INIT_ARRAY$$Base
UNDEFED    SHT$$INIT_ARRAY$$Limit
000002c1   System80Mhz
20000200   __STACK_END
00000200   __STACK_SIZE
20000200   __STACK_TOP
00000a40   __TI_CINIT_Base
00000a50   __TI_CINIT_Limit
00000a2c   __TI_Handler_Table_Base
00000a38   __TI_Handler_Table_Limit
00000001   __TI_args_main
00000771   __TI_auto_init
20000210   __TI_cleanup_ptr
000009f7   __TI_decompress_none
00000a11   __TI_decompress_rle24
20000214   __TI_dtors_ptr
00000000   __TI_static_base__
000009e5   __TI_zero_init
00000805   __aeabi_cdcmpeq
00000805   __aeabi_cdcmple
00000527   __aeabi_dadd
0000051d   __aeabi_dsub
000006d3   __aeabi_memcpy
000006d3   __aeabi_memcpy4
000006d3   __aeabi_memcpy8
ffffffff   __binit__
ffffffff   __c_args__
20000000   __stack
000009b9   _args_main
000008e9   _c_int00
20000208   _lock
000009df   _nop
000009d7   _register_lock
000009d1   _register_unlock
2000020c   _unlock
00000979   abort
ffffffff   binit
00000931   copy_in
2000021c   data
0000026d   delay
00000981   exit
00000000   g_pfnVectors
20000200   i
20000204   k
00000429   main
20000218   main_func_sp
000006d3   memcpy


GLOBAL SYMBOLS: SORTED BY Symbol Address 

address    name
--------   ----
00000000   __TI_static_base__
00000000   g_pfnVectors
00000001   __TI_args_main
00000200   __STACK_SIZE
0000026d   delay
000002c1   System80Mhz
000003cf   ISR1
00000429   main
0000051d   __aeabi_dsub
00000527   __aeabi_dadd
000006d3   __aeabi_memcpy
000006d3   __aeabi_memcpy4
000006d3   __aeabi_memcpy8
000006d3   memcpy
00000771   __TI_auto_init
00000805   __aeabi_cdcmpeq
00000805   __aeabi_cdcmple
000008e9   _c_int00
00000931   copy_in
00000975   C$$EXIT
00000979   abort
00000981   exit
000009b9   _args_main
000009d1   _register_unlock
000009d7   _register_lock
000009df   _nop
000009e5   __TI_zero_init
000009f7   __TI_decompress_none
00000a05   ResetISR
00000a11   __TI_decompress_rle24
00000a2c   __TI_Handler_Table_Base
00000a38   __TI_Handler_Table_Limit
00000a40   __TI_CINIT_Base
00000a50   __TI_CINIT_Limit
20000000   __stack
20000200   __STACK_END
20000200   __STACK_TOP
20000200   i
20000204   k
20000208   _lock
2000020c   _unlock
20000210   __TI_cleanup_ptr
20000214   __TI_dtors_ptr
20000218   main_func_sp
2000021c   data
ffffffff   __binit__
ffffffff   __c_args__
ffffffff   binit
UNDEFED    SHT$$INIT_ARRAY$$Base
UNDEFED    SHT$$INIT_ARRAY$$Limit

[50 symbols]
