******************************************************************************
                  TI ARM Linker PC v5.1.6                      
******************************************************************************
>> Linked Sat Jan 07 23:31:27 2017

OUTPUT FILE NAME:   <timer_1Hz.out>
ENTRY POINT SYMBOL: "_c_int00"  address: 00000889


MEMORY CONFIGURATION

         name            origin    length      used     unused   attr    fill
----------------------  --------  ---------  --------  --------  ----  --------
  FLASH                 00000000   00040000  000009c4  0003f63c  R  X
  SRAM                  20000000   00008000  00000214  00007dec  RW X


SEGMENT ALLOCATION MAP

run origin  load origin   length   init length attrs members
----------  ----------- ---------- ----------- ----- -------
00000000    00000000    000009c8   000009c8    r-x
  00000000    00000000    0000026c   0000026c    r-- .intvecs
  0000026c    0000026c    00000738   00000738    r-x .text
  000009a8    000009a8    00000020   00000020    r-- .cinit
20000000    20000000    00000214   00000000    rw-
  20000000    20000000    00000200   00000000    rw- .stack
  20000200    20000200    00000014   00000000    rw- .data


SECTION ALLOCATION MAP

 output                                  attributes/
section   page    origin      length       input sections
--------  ----  ----------  ----------   ----------------
.intvecs   0    00000000    0000026c     
                  00000000    0000026c     tm4c123gh6pge_startup_ccs.obj (.intvecs)

.init_array 
*          0    00000000    00000000     UNINITIALIZED

.text      0    0000026c    00000738     
                  0000026c    00000250     main.obj (.text)
                  000004bc    000001b6     rtsv7M4_T_le_v4SPD16_eabi.lib : fd_add_t2.obj (.text)
                  00000672    0000009c                                   : memcpy_t2.obj (.text)
                  0000070e    00000002     --HOLE-- [fill = 0]
                  00000710    00000094                                   : auto_init.obj (.text)
                  000007a4    00000086                                   : fd_cmp_t2.obj (.text:__aeabi_cdcmple)
                  0000082a    0000005e                                   : copy_decompress_rle.obj (.text)
                  00000888    00000048                                   : boot.obj (.text)
                  000008d0    00000044                                   : cpy_tbl.obj (.text)
                  00000914    00000044                                   : exit.obj (.text)
                  00000958    00000018                                   : args_main.obj (.text)
                  00000970    00000014                                   : _lock.obj (.text)
                  00000984    0000000e                                   : copy_decompress_none.obj (.text:decompress:none)
                  00000992    0000000c     tm4c123gh6pge_startup_ccs.obj (.text)
                  0000099e    00000006     rtsv7M4_T_le_v4SPD16_eabi.lib : copy_decompress_rle.obj (.text:decompress:rle24)

.cinit     0    000009a8    00000020     
                  000009a8    0000000f     (.cinit..data.load) [load image, compression = rle]
                  000009b7    00000001     --HOLE-- [fill = 0]
                  000009b8    00000008     (__TI_handler_table)
                  000009c0    00000008     (__TI_cinit_table)

.stack     0    20000000    00000200     UNINITIALIZED
                  20000000    00000200     --HOLE--

.data      0    20000200    00000014     UNINITIALIZED
                  20000200    00000008     rtsv7M4_T_le_v4SPD16_eabi.lib : _lock.obj (.data)
                  20000208    00000008                                   : exit.obj (.data)
                  20000210    00000004                                   : stkdepth_vars.obj (.data)


LINKER GENERATED COPY TABLES

__TI_cinit_table @ 000009c0 records: 1, size/record: 8, table size: 8
	.data: load addr=000009a8, load size=0000000f bytes, run addr=20000200, run size=00000014 bytes, compression=rle


LINKER GENERATED HANDLER TABLE

__TI_handler_table @ 000009b8 records: 2, size/record: 4, table size: 8
	index: 0, handler: __TI_decompress_rle24
	index: 1, handler: __TI_decompress_none


GLOBAL SYMBOLS: SORTED ALPHABETICALLY BY Name 

address    name
--------   ----
00000915   C$$EXIT
00000993   ResetISR
UNDEFED    SHT$$INIT_ARRAY$$Base
UNDEFED    SHT$$INIT_ARRAY$$Limit
000002c1   System80Mhz
20000200   __STACK_END
00000200   __STACK_SIZE
20000200   __STACK_TOP
000009c0   __TI_CINIT_Base
000009c8   __TI_CINIT_Limit
000009b8   __TI_Handler_Table_Base
000009c0   __TI_Handler_Table_Limit
00000001   __TI_args_main
00000711   __TI_auto_init
20000208   __TI_cleanup_ptr
00000985   __TI_decompress_none
0000099f   __TI_decompress_rle24
2000020c   __TI_dtors_ptr
00000000   __TI_static_base__
000007a5   __aeabi_cdcmpeq
000007a5   __aeabi_cdcmple
000004c7   __aeabi_dadd
000004bd   __aeabi_dsub
00000673   __aeabi_memcpy
00000673   __aeabi_memcpy4
00000673   __aeabi_memcpy8
ffffffff   __binit__
ffffffff   __c_args__
20000000   __stack
00000959   _args_main
00000889   _c_int00
20000200   _lock
0000097f   _nop
00000977   _register_lock
00000971   _register_unlock
20000204   _unlock
00000919   abort
ffffffff   binit
000008d1   copy_in
0000026d   delay
00000921   exit
00000000   g_pfnVectors
000003cf   main
20000210   main_func_sp
00000673   memcpy


GLOBAL SYMBOLS: SORTED BY Symbol Address 

address    name
--------   ----
00000000   __TI_static_base__
00000000   g_pfnVectors
00000001   __TI_args_main
00000200   __STACK_SIZE
0000026d   delay
000002c1   System80Mhz
000003cf   main
000004bd   __aeabi_dsub
000004c7   __aeabi_dadd
00000673   __aeabi_memcpy
00000673   __aeabi_memcpy4
00000673   __aeabi_memcpy8
00000673   memcpy
00000711   __TI_auto_init
000007a5   __aeabi_cdcmpeq
000007a5   __aeabi_cdcmple
00000889   _c_int00
000008d1   copy_in
00000915   C$$EXIT
00000919   abort
00000921   exit
00000959   _args_main
00000971   _register_unlock
00000977   _register_lock
0000097f   _nop
00000985   __TI_decompress_none
00000993   ResetISR
0000099f   __TI_decompress_rle24
000009b8   __TI_Handler_Table_Base
000009c0   __TI_CINIT_Base
000009c0   __TI_Handler_Table_Limit
000009c8   __TI_CINIT_Limit
20000000   __stack
20000200   __STACK_END
20000200   __STACK_TOP
20000200   _lock
20000204   _unlock
20000208   __TI_cleanup_ptr
2000020c   __TI_dtors_ptr
20000210   main_func_sp
ffffffff   __binit__
ffffffff   __c_args__
ffffffff   binit
UNDEFED    SHT$$INIT_ARRAY$$Base
UNDEFED    SHT$$INIT_ARRAY$$Limit

[45 symbols]
