******************************************************************************
                  TI ARM Linker PC v5.1.6                      
******************************************************************************
>> Linked Tue Jan 03 21:42:05 2017

OUTPUT FILE NAME:   <PWM duty_hit.out>
ENTRY POINT SYMBOL: "_c_int00"  address: 000008f5


MEMORY CONFIGURATION

         name            origin    length      used     unused   attr    fill
----------------------  --------  ---------  --------  --------  ----  --------
  FLASH                 00000000   00040000  00000a5a  0003f5a6  R  X
  SRAM                  20000000   00008000  00000220  00007de0  RW X


SEGMENT ALLOCATION MAP

run origin  load origin   length   init length attrs members
----------  ----------- ---------- ----------- ----- -------
00000000    00000000    00000a60   00000a60    r-x
  00000000    00000000    0000026c   0000026c    r-- .intvecs
  0000026c    0000026c    000007b6   000007b6    r-x .text
  00000a28    00000a28    00000038   00000038    r-- .cinit
20000000    20000000    00000220   00000000    rw-
  20000000    20000000    00000200   00000000    rw- .stack
  20000200    20000200    0000001c   00000000    rw- .data
  2000021c    2000021c    00000004   00000000    rw- .bss


SECTION ALLOCATION MAP

 output                                  attributes/
section   page    origin      length       input sections
--------  ----  ----------  ----------   ----------------
.intvecs   0    00000000    0000026c     
                  00000000    0000026c     tm4c123gh6pge_startup_ccs.obj (.intvecs)

.init_array 
*          0    00000000    00000000     UNINITIALIZED

.text      0    0000026c    000007b6     
                  0000026c    000002bc     main.obj (.text)
                  00000528    000001b6     rtsv7M4_T_le_v4SPD16_eabi.lib : fd_add_t2.obj (.text)
                  000006de    0000009c                                   : memcpy_t2.obj (.text)
                  0000077a    00000002     --HOLE-- [fill = 0]
                  0000077c    00000094                                   : auto_init.obj (.text)
                  00000810    00000086                                   : fd_cmp_t2.obj (.text:__aeabi_cdcmple)
                  00000896    0000005e                                   : copy_decompress_rle.obj (.text)
                  000008f4    00000048                                   : boot.obj (.text)
                  0000093c    00000044                                   : cpy_tbl.obj (.text)
                  00000980    00000044                                   : exit.obj (.text)
                  000009c4    00000018                                   : args_main.obj (.text)
                  000009dc    00000014                                   : _lock.obj (.text)
                  000009f0    00000012                                   : copy_zero_init.obj (.text:decompress:ZI)
                  00000a02    0000000e                                   : copy_decompress_none.obj (.text:decompress:none)
                  00000a10    0000000c     tm4c123gh6pge_startup_ccs.obj (.text)
                  00000a1c    00000006     rtsv7M4_T_le_v4SPD16_eabi.lib : copy_decompress_rle.obj (.text:decompress:rle24)

.cinit     0    00000a28    00000038     
                  00000a28    00000013     (.cinit..data.load) [load image, compression = rle]
                  00000a3b    00000001     --HOLE-- [fill = 0]
                  00000a3c    0000000c     (__TI_handler_table)
                  00000a48    00000008     (.cinit..bss.load) [load image, compression = zero_init]
                  00000a50    00000010     (__TI_cinit_table)

.stack     0    20000000    00000200     UNINITIALIZED
                  20000000    00000200     --HOLE--

.data      0    20000200    0000001c     UNINITIALIZED
                  20000200    00000008     main.obj (.data)
                  20000208    00000008     rtsv7M4_T_le_v4SPD16_eabi.lib : _lock.obj (.data)
                  20000210    00000008                                   : exit.obj (.data)
                  20000218    00000004                                   : stkdepth_vars.obj (.data)

.bss       0    2000021c    00000004     UNINITIALIZED
                  2000021c    00000004     (.common:load)


LINKER GENERATED COPY TABLES

__TI_cinit_table @ 00000a50 records: 2, size/record: 8, table size: 16
	.data: load addr=00000a28, load size=00000013 bytes, run addr=20000200, run size=0000001c bytes, compression=rle
	.bss: load addr=00000a48, load size=00000008 bytes, run addr=2000021c, run size=00000004 bytes, compression=zero_init


LINKER GENERATED HANDLER TABLE

__TI_handler_table @ 00000a3c records: 3, size/record: 4, table size: 12
	index: 0, handler: __TI_decompress_rle24
	index: 1, handler: __TI_decompress_none
	index: 2, handler: __TI_zero_init


GLOBAL SYMBOLS: SORTED ALPHABETICALLY BY Name 

address    name
--------   ----
00000981   C$$EXIT
00000a11   ResetISR
UNDEFED    SHT$$INIT_ARRAY$$Base
UNDEFED    SHT$$INIT_ARRAY$$Limit
000002c1   System80Mhz
20000200   __STACK_END
00000200   __STACK_SIZE
20000200   __STACK_TOP
00000a50   __TI_CINIT_Base
00000a60   __TI_CINIT_Limit
00000a3c   __TI_Handler_Table_Base
00000a48   __TI_Handler_Table_Limit
00000001   __TI_args_main
0000077d   __TI_auto_init
20000210   __TI_cleanup_ptr
00000a03   __TI_decompress_none
00000a1d   __TI_decompress_rle24
20000214   __TI_dtors_ptr
00000000   __TI_static_base__
000009f1   __TI_zero_init
00000811   __aeabi_cdcmpeq
00000811   __aeabi_cdcmple
00000533   __aeabi_dadd
00000529   __aeabi_dsub
000006df   __aeabi_memcpy
000006df   __aeabi_memcpy4
000006df   __aeabi_memcpy8
ffffffff   __binit__
ffffffff   __c_args__
20000000   __stack
000009c5   _args_main
000008f5   _c_int00
20000208   _lock
000009eb   _nop
000009e3   _register_lock
000009dd   _register_unlock
2000020c   _unlock
00000985   abort
ffffffff   binit
0000093d   copy_in
0000026d   delay
20000200   duty
0000098d   exit
00000000   g_pfnVectors
20000204   j
2000021c   load
000003cf   main
20000218   main_func_sp
000006df   memcpy


GLOBAL SYMBOLS: SORTED BY Symbol Address 

address    name
--------   ----
00000000   __TI_static_base__
00000000   g_pfnVectors
00000001   __TI_args_main
00000200   __STACK_SIZE
0000026d   delay
000002c1   System80Mhz
000003cf   main
00000529   __aeabi_dsub
00000533   __aeabi_dadd
000006df   __aeabi_memcpy
000006df   __aeabi_memcpy4
000006df   __aeabi_memcpy8
000006df   memcpy
0000077d   __TI_auto_init
00000811   __aeabi_cdcmpeq
00000811   __aeabi_cdcmple
000008f5   _c_int00
0000093d   copy_in
00000981   C$$EXIT
00000985   abort
0000098d   exit
000009c5   _args_main
000009dd   _register_unlock
000009e3   _register_lock
000009eb   _nop
000009f1   __TI_zero_init
00000a03   __TI_decompress_none
00000a11   ResetISR
00000a1d   __TI_decompress_rle24
00000a3c   __TI_Handler_Table_Base
00000a48   __TI_Handler_Table_Limit
00000a50   __TI_CINIT_Base
00000a60   __TI_CINIT_Limit
20000000   __stack
20000200   __STACK_END
20000200   __STACK_TOP
20000200   duty
20000204   j
20000208   _lock
2000020c   _unlock
20000210   __TI_cleanup_ptr
20000214   __TI_dtors_ptr
20000218   main_func_sp
2000021c   load
ffffffff   __binit__
ffffffff   __c_args__
ffffffff   binit
UNDEFED    SHT$$INIT_ARRAY$$Base
UNDEFED    SHT$$INIT_ARRAY$$Limit

[49 symbols]
