******************************************************************************
                  TI ARM Linker PC v5.1.6                      
******************************************************************************
>> Linked Sun Feb 05 14:25:05 2017

OUTPUT FILE NAME:   <UART(tran_multiple).out>
ENTRY POINT SYMBOL: "_c_int00"  address: 000009e1


MEMORY CONFIGURATION

         name            origin    length      used     unused   attr    fill
----------------------  --------  ---------  --------  --------  ----  --------
  FLASH                 00000000   00040000  00000b56  0003f4aa  R  X
  SRAM                  20000000   00008000  0000027c  00007d84  RW X


SEGMENT ALLOCATION MAP

run origin  load origin   length   init length attrs members
----------  ----------- ---------- ----------- ----- -------
00000000    00000000    00000b58   00000b58    r-x
  00000000    00000000    0000026c   0000026c    r-- .intvecs
  0000026c    0000026c    000008a2   000008a2    r-x .text
  00000b10    00000b10    00000048   00000048    r-- .cinit
20000000    20000000    0000027c   00000000    rw-
  20000000    20000000    00000200   00000000    rw- .stack
  20000200    20000200    00000070   00000000    rw- .data
  20000270    20000270    0000000c   00000000    rw- .bss


SECTION ALLOCATION MAP

 output                                  attributes/
section   page    origin      length       input sections
--------  ----  ----------  ----------   ----------------
.intvecs   0    00000000    0000026c     
                  00000000    0000026c     tm4c123gh6pge_startup_ccs.obj (.intvecs)

.init_array 
*          0    00000000    00000000     UNINITIALIZED

.text      0    0000026c    000008a2     
                  0000026c    000003a8     main.obj (.text)
                  00000614    000001b6     rtsv7M4_T_le_v4SPD16_eabi.lib : fd_add_t2.obj (.text)
                  000007ca    0000009c                                   : memcpy_t2.obj (.text)
                  00000866    00000002     --HOLE-- [fill = 0]
                  00000868    00000094                                   : auto_init.obj (.text)
                  000008fc    00000086                                   : fd_cmp_t2.obj (.text:__aeabi_cdcmple)
                  00000982    0000005e                                   : copy_decompress_rle.obj (.text)
                  000009e0    00000048                                   : boot.obj (.text)
                  00000a28    00000044                                   : cpy_tbl.obj (.text)
                  00000a6c    00000044                                   : exit.obj (.text)
                  00000ab0    00000018                                   : args_main.obj (.text)
                  00000ac8    00000014                                   : _lock.obj (.text)
                  00000adc    00000012                                   : copy_zero_init.obj (.text:decompress:ZI)
                  00000aee    0000000e                                   : copy_decompress_none.obj (.text:decompress:none)
                  00000afc    0000000c     tm4c123gh6pge_startup_ccs.obj (.text)
                  00000b08    00000006     rtsv7M4_T_le_v4SPD16_eabi.lib : copy_decompress_rle.obj (.text:decompress:rle24)

.cinit     0    00000b10    00000048     
                  00000b10    0000001e     (.cinit..data.load) [load image, compression = rle]
                  00000b2e    00000002     --HOLE-- [fill = 0]
                  00000b30    0000000c     (__TI_handler_table)
                  00000b3c    00000004     --HOLE-- [fill = 0]
                  00000b40    00000008     (.cinit..bss.load) [load image, compression = zero_init]
                  00000b48    00000010     (__TI_cinit_table)

.stack     0    20000000    00000200     UNINITIALIZED
                  20000000    00000200     --HOLE--

.data      0    20000200    00000070     UNINITIALIZED
                  20000200    0000005c     main.obj (.data)
                  2000025c    00000008     rtsv7M4_T_le_v4SPD16_eabi.lib : _lock.obj (.data)
                  20000264    00000008                                   : exit.obj (.data)
                  2000026c    00000004                                   : stkdepth_vars.obj (.data)

.bss       0    20000270    0000000c     UNINITIALIZED
                  20000270    00000004     (.common:imu_data)
                  20000274    00000004     (.common:intger)
                  20000278    00000004     (.common:next_byte)


LINKER GENERATED COPY TABLES

__TI_cinit_table @ 00000b48 records: 2, size/record: 8, table size: 16
	.data: load addr=00000b10, load size=0000001e bytes, run addr=20000200, run size=00000070 bytes, compression=rle
	.bss: load addr=00000b40, load size=00000008 bytes, run addr=20000270, run size=0000000c bytes, compression=zero_init


LINKER GENERATED HANDLER TABLE

__TI_handler_table @ 00000b30 records: 3, size/record: 4, table size: 12
	index: 0, handler: __TI_decompress_rle24
	index: 1, handler: __TI_decompress_none
	index: 2, handler: __TI_zero_init


GLOBAL SYMBOLS: SORTED ALPHABETICALLY BY Name 

address    name
--------   ----
00000a6d   C$$EXIT
000004c5   IMU_init
000003cf   ISR_IMU
00000afd   ResetISR
UNDEFED    SHT$$INIT_ARRAY$$Base
UNDEFED    SHT$$INIT_ARRAY$$Limit
000002c1   System80Mhz
20000200   __STACK_END
00000200   __STACK_SIZE
20000200   __STACK_TOP
00000b48   __TI_CINIT_Base
00000b58   __TI_CINIT_Limit
00000b30   __TI_Handler_Table_Base
00000b3c   __TI_Handler_Table_Limit
00000001   __TI_args_main
00000869   __TI_auto_init
20000264   __TI_cleanup_ptr
00000aef   __TI_decompress_none
00000b09   __TI_decompress_rle24
20000268   __TI_dtors_ptr
00000000   __TI_static_base__
00000add   __TI_zero_init
000008fd   __aeabi_cdcmpeq
000008fd   __aeabi_cdcmple
0000061f   __aeabi_dadd
00000615   __aeabi_dsub
000007cb   __aeabi_memcpy
000007cb   __aeabi_memcpy4
000007cb   __aeabi_memcpy8
ffffffff   __binit__
ffffffff   __c_args__
20000000   __stack
00000ab1   _args_main
000009e1   _c_int00
2000025c   _lock
00000ad7   _nop
00000acf   _register_lock
00000ac9   _register_unlock
20000260   _unlock
00000a71   abort
20000200   angle
ffffffff   binit
00000a29   copy_in
20000234   crpm1
20000238   crpm2
2000023c   crpm3
20000204   curr1
20000210   curr2
20000248   data
0000026d   delay
2000020c   enc_count1
20000218   enc_count2
00000a79   exit
00000000   g_pfnVectors
20000258   i
20000270   imu_data
20000274   intger
00000521   main
2000026c   main_func_sp
000007cb   memcpy
20000278   next_byte
20000208   prev1
20000214   prev2
20000228   rpm1
2000022c   rpm2
20000230   rpm3
00000483   uart
2000021c   v1
20000220   v2
20000224   v3
20000240   vel_x
20000244   vel_y


GLOBAL SYMBOLS: SORTED BY Symbol Address 

address    name
--------   ----
00000000   __TI_static_base__
00000000   g_pfnVectors
00000001   __TI_args_main
00000200   __STACK_SIZE
0000026d   delay
000002c1   System80Mhz
000003cf   ISR_IMU
00000483   uart
000004c5   IMU_init
00000521   main
00000615   __aeabi_dsub
0000061f   __aeabi_dadd
000007cb   __aeabi_memcpy
000007cb   __aeabi_memcpy4
000007cb   __aeabi_memcpy8
000007cb   memcpy
00000869   __TI_auto_init
000008fd   __aeabi_cdcmpeq
000008fd   __aeabi_cdcmple
000009e1   _c_int00
00000a29   copy_in
00000a6d   C$$EXIT
00000a71   abort
00000a79   exit
00000ab1   _args_main
00000ac9   _register_unlock
00000acf   _register_lock
00000ad7   _nop
00000add   __TI_zero_init
00000aef   __TI_decompress_none
00000afd   ResetISR
00000b09   __TI_decompress_rle24
00000b30   __TI_Handler_Table_Base
00000b3c   __TI_Handler_Table_Limit
00000b48   __TI_CINIT_Base
00000b58   __TI_CINIT_Limit
20000000   __stack
20000200   __STACK_END
20000200   __STACK_TOP
20000200   angle
20000204   curr1
20000208   prev1
2000020c   enc_count1
20000210   curr2
20000214   prev2
20000218   enc_count2
2000021c   v1
20000220   v2
20000224   v3
20000228   rpm1
2000022c   rpm2
20000230   rpm3
20000234   crpm1
20000238   crpm2
2000023c   crpm3
20000240   vel_x
20000244   vel_y
20000248   data
20000258   i
2000025c   _lock
20000260   _unlock
20000264   __TI_cleanup_ptr
20000268   __TI_dtors_ptr
2000026c   main_func_sp
20000270   imu_data
20000274   intger
20000278   next_byte
ffffffff   __binit__
ffffffff   __c_args__
ffffffff   binit
UNDEFED    SHT$$INIT_ARRAY$$Base
UNDEFED    SHT$$INIT_ARRAY$$Limit

[72 symbols]
