******************************************************************************
                  TI ARM Linker PC v5.1.6                      
******************************************************************************
>> Linked Sun Jan 15 22:21:33 2017

OUTPUT FILE NAME:   <timer-wi.out>
ENTRY POINT SYMBOL: "_c_int00"  address: 000008a1


MEMORY CONFIGURATION

         name            origin    length      used     unused   attr    fill
----------------------  --------  ---------  --------  --------  ----  --------
  FLASH                 00000000   00040000  000009dc  0003f624  R  X
  SRAM                  20000000   00008000  00000218  00007de8  RW X


SEGMENT ALLOCATION MAP

run origin  load origin   length   init length attrs members
----------  ----------- ---------- ----------- ----- -------
00000000    00000000    000009e0   000009e0    r-x
  00000000    00000000    0000026c   0000026c    r-- .intvecs
  0000026c    0000026c    00000750   00000750    r-x .text
  000009c0    000009c0    00000020   00000020    r-- .cinit
20000000    20000000    00000218   00000000    rw-
  20000000    20000000    00000200   00000000    rw- .stack
  20000200    20000200    00000018   00000000    rw- .data


SECTION ALLOCATION MAP

 output                                  attributes/
section   page    origin      length       input sections
--------  ----  ----------  ----------   ----------------
.intvecs   0    00000000    0000026c     
                  00000000    0000026c     tm4c123gh6pge_startup_ccs.obj (.intvecs)

.init_array 
*          0    00000000    00000000     UNINITIALIZED

.text      0    0000026c    00000750     
                  0000026c    00000268     main.obj (.text)
                  000004d4    000001b6     rtsv7M4_T_le_v4SPD16_eabi.lib : fd_add_t2.obj (.text)
                  0000068a    0000009c                                   : memcpy_t2.obj (.text)
                  00000726    00000002     --HOLE-- [fill = 0]
                  00000728    00000094                                   : auto_init.obj (.text)
                  000007bc    00000086                                   : fd_cmp_t2.obj (.text:__aeabi_cdcmple)
                  00000842    0000005e                                   : copy_decompress_rle.obj (.text)
                  000008a0    00000048                                   : boot.obj (.text)
                  000008e8    00000044                                   : cpy_tbl.obj (.text)
                  0000092c    00000044                                   : exit.obj (.text)
                  00000970    00000018                                   : args_main.obj (.text)
                  00000988    00000014                                   : _lock.obj (.text)
                  0000099c    0000000e                                   : copy_decompress_none.obj (.text:decompress:none)
                  000009aa    0000000c     tm4c123gh6pge_startup_ccs.obj (.text)
                  000009b6    00000006     rtsv7M4_T_le_v4SPD16_eabi.lib : copy_decompress_rle.obj (.text:decompress:rle24)

.cinit     0    000009c0    00000020     
                  000009c0    0000000f     (.cinit..data.load) [load image, compression = rle]
                  000009cf    00000001     --HOLE-- [fill = 0]
                  000009d0    00000008     (__TI_handler_table)
                  000009d8    00000008     (__TI_cinit_table)

.stack     0    20000000    00000200     UNINITIALIZED
                  20000000    00000200     --HOLE--

.data      0    20000200    00000018     UNINITIALIZED
                  20000200    00000008     rtsv7M4_T_le_v4SPD16_eabi.lib : _lock.obj (.data)
                  20000208    00000008                                   : exit.obj (.data)
                  20000210    00000004     main.obj (.data)
                  20000214    00000004     rtsv7M4_T_le_v4SPD16_eabi.lib : stkdepth_vars.obj (.data)


LINKER GENERATED COPY TABLES

__TI_cinit_table @ 000009d8 records: 1, size/record: 8, table size: 8
	.data: load addr=000009c0, load size=0000000f bytes, run addr=20000200, run size=00000018 bytes, compression=rle


LINKER GENERATED HANDLER TABLE

__TI_handler_table @ 000009d0 records: 2, size/record: 4, table size: 8
	index: 0, handler: __TI_decompress_rle24
	index: 1, handler: __TI_decompress_none


GLOBAL SYMBOLS: SORTED ALPHABETICALLY BY Name 

address    name
--------   ----
0000092d   C$$EXIT
000003cf   ISR
000009ab   ResetISR
UNDEFED    SHT$$INIT_ARRAY$$Base
UNDEFED    SHT$$INIT_ARRAY$$Limit
000002c1   System80Mhz
20000200   __STACK_END
00000200   __STACK_SIZE
20000200   __STACK_TOP
000009d8   __TI_CINIT_Base
000009e0   __TI_CINIT_Limit
000009d0   __TI_Handler_Table_Base
000009d8   __TI_Handler_Table_Limit
00000001   __TI_args_main
00000729   __TI_auto_init
20000208   __TI_cleanup_ptr
0000099d   __TI_decompress_none
000009b7   __TI_decompress_rle24
2000020c   __TI_dtors_ptr
00000000   __TI_static_base__
000007bd   __aeabi_cdcmpeq
000007bd   __aeabi_cdcmple
000004df   __aeabi_dadd
000004d5   __aeabi_dsub
0000068b   __aeabi_memcpy
0000068b   __aeabi_memcpy4
0000068b   __aeabi_memcpy8
ffffffff   __binit__
ffffffff   __c_args__
20000000   __stack
00000971   _args_main
000008a1   _c_int00
20000200   _lock
00000997   _nop
0000098f   _register_lock
00000989   _register_unlock
20000204   _unlock
00000931   abort
ffffffff   binit
000008e9   copy_in
0000026d   delay
00000939   exit
00000000   g_pfnVectors
20000210   i
000003e9   main
20000214   main_func_sp
0000068b   memcpy


GLOBAL SYMBOLS: SORTED BY Symbol Address 

address    name
--------   ----
00000000   __TI_static_base__
00000000   g_pfnVectors
00000001   __TI_args_main
00000200   __STACK_SIZE
0000026d   delay
000002c1   System80Mhz
000003cf   ISR
000003e9   main
000004d5   __aeabi_dsub
000004df   __aeabi_dadd
0000068b   __aeabi_memcpy
0000068b   __aeabi_memcpy4
0000068b   __aeabi_memcpy8
0000068b   memcpy
00000729   __TI_auto_init
000007bd   __aeabi_cdcmpeq
000007bd   __aeabi_cdcmple
000008a1   _c_int00
000008e9   copy_in
0000092d   C$$EXIT
00000931   abort
00000939   exit
00000971   _args_main
00000989   _register_unlock
0000098f   _register_lock
00000997   _nop
0000099d   __TI_decompress_none
000009ab   ResetISR
000009b7   __TI_decompress_rle24
000009d0   __TI_Handler_Table_Base
000009d8   __TI_CINIT_Base
000009d8   __TI_Handler_Table_Limit
000009e0   __TI_CINIT_Limit
20000000   __stack
20000200   __STACK_END
20000200   __STACK_TOP
20000200   _lock
20000204   _unlock
20000208   __TI_cleanup_ptr
2000020c   __TI_dtors_ptr
20000210   i
20000214   main_func_sp
ffffffff   __binit__
ffffffff   __c_args__
ffffffff   binit
UNDEFED    SHT$$INIT_ARRAY$$Base
UNDEFED    SHT$$INIT_ARRAY$$Limit

[47 symbols]
