******************************************************************************
                  TI ARM Linker PC v5.1.6                      
******************************************************************************
>> Linked Sun Feb 05 00:51:56 2017

OUTPUT FILE NAME:   <UART(transmitter).out>
ENTRY POINT SYMBOL: "_c_int00"  address: 00000855


MEMORY CONFIGURATION

         name            origin    length      used     unused   attr    fill
----------------------  --------  ---------  --------  --------  ----  --------
  FLASH                 00000000   00040000  00000990  0003f670  R  X
  SRAM                  20000000   00008000  00000214  00007dec  RW X


SEGMENT ALLOCATION MAP

run origin  load origin   length   init length attrs members
----------  ----------- ---------- ----------- ----- -------
00000000    00000000    00000990   00000990    r-x
  00000000    00000000    0000026c   0000026c    r-- .intvecs
  0000026c    0000026c    00000704   00000704    r-x .text
  00000970    00000970    00000020   00000020    r-- .cinit
20000000    20000000    00000214   00000000    rw-
  20000000    20000000    00000200   00000000    rw- .stack
  20000200    20000200    00000014   00000000    rw- .data


SECTION ALLOCATION MAP

 output                                  attributes/
section   page    origin      length       input sections
--------  ----  ----------  ----------   ----------------
.intvecs   0    00000000    0000026c     
                  00000000    0000026c     tm4c123gh6pge_startup_ccs.obj (.intvecs)

.init_array 
*          0    00000000    00000000     UNINITIALIZED

.text      0    0000026c    00000704     
                  0000026c    0000021c     main.obj (.text)
                  00000488    000001b6     rtsv7M4_T_le_v4SPD16_eabi.lib : fd_add_t2.obj (.text)
                  0000063e    0000009c                                   : memcpy_t2.obj (.text)
                  000006da    00000002     --HOLE-- [fill = 0]
                  000006dc    00000094                                   : auto_init.obj (.text)
                  00000770    00000086                                   : fd_cmp_t2.obj (.text:__aeabi_cdcmple)
                  000007f6    0000005e                                   : copy_decompress_rle.obj (.text)
                  00000854    00000048                                   : boot.obj (.text)
                  0000089c    00000044                                   : cpy_tbl.obj (.text)
                  000008e0    00000044                                   : exit.obj (.text)
                  00000924    00000018                                   : args_main.obj (.text)
                  0000093c    00000014                                   : _lock.obj (.text)
                  00000950    0000000e                                   : copy_decompress_none.obj (.text:decompress:none)
                  0000095e    0000000c     tm4c123gh6pge_startup_ccs.obj (.text)
                  0000096a    00000006     rtsv7M4_T_le_v4SPD16_eabi.lib : copy_decompress_rle.obj (.text:decompress:rle24)

.cinit     0    00000970    00000020     
                  00000970    0000000f     (.cinit..data.load) [load image, compression = rle]
                  0000097f    00000001     --HOLE-- [fill = 0]
                  00000980    00000008     (__TI_handler_table)
                  00000988    00000008     (__TI_cinit_table)

.stack     0    20000000    00000200     UNINITIALIZED
                  20000000    00000200     --HOLE--

.data      0    20000200    00000014     UNINITIALIZED
                  20000200    00000008     rtsv7M4_T_le_v4SPD16_eabi.lib : _lock.obj (.data)
                  20000208    00000008                                   : exit.obj (.data)
                  20000210    00000004                                   : stkdepth_vars.obj (.data)


LINKER GENERATED COPY TABLES

__TI_cinit_table @ 00000988 records: 1, size/record: 8, table size: 8
	.data: load addr=00000970, load size=0000000f bytes, run addr=20000200, run size=00000014 bytes, compression=rle


LINKER GENERATED HANDLER TABLE

__TI_handler_table @ 00000980 records: 2, size/record: 4, table size: 8
	index: 0, handler: __TI_decompress_rle24
	index: 1, handler: __TI_decompress_none


GLOBAL SYMBOLS: SORTED ALPHABETICALLY BY Name 

address    name
--------   ----
000008e1   C$$EXIT
0000095f   ResetISR
UNDEFED    SHT$$INIT_ARRAY$$Base
UNDEFED    SHT$$INIT_ARRAY$$Limit
000002c1   System80Mhz
20000200   __STACK_END
00000200   __STACK_SIZE
20000200   __STACK_TOP
00000988   __TI_CINIT_Base
00000990   __TI_CINIT_Limit
00000980   __TI_Handler_Table_Base
00000988   __TI_Handler_Table_Limit
00000001   __TI_args_main
000006dd   __TI_auto_init
20000208   __TI_cleanup_ptr
00000951   __TI_decompress_none
0000096b   __TI_decompress_rle24
2000020c   __TI_dtors_ptr
00000000   __TI_static_base__
00000771   __aeabi_cdcmpeq
00000771   __aeabi_cdcmple
00000493   __aeabi_dadd
00000489   __aeabi_dsub
0000063f   __aeabi_memcpy
0000063f   __aeabi_memcpy4
0000063f   __aeabi_memcpy8
ffffffff   __binit__
ffffffff   __c_args__
20000000   __stack
00000925   _args_main
00000855   _c_int00
20000200   _lock
0000094b   _nop
00000943   _register_lock
0000093d   _register_unlock
20000204   _unlock
000008e5   abort
ffffffff   binit
0000089d   copy_in
0000026d   delay
000008ed   exit
00000000   g_pfnVectors
000003cf   main
20000210   main_func_sp
0000063f   memcpy


GLOBAL SYMBOLS: SORTED BY Symbol Address 

address    name
--------   ----
00000000   __TI_static_base__
00000000   g_pfnVectors
00000001   __TI_args_main
00000200   __STACK_SIZE
0000026d   delay
000002c1   System80Mhz
000003cf   main
00000489   __aeabi_dsub
00000493   __aeabi_dadd
0000063f   __aeabi_memcpy
0000063f   __aeabi_memcpy4
0000063f   __aeabi_memcpy8
0000063f   memcpy
000006dd   __TI_auto_init
00000771   __aeabi_cdcmpeq
00000771   __aeabi_cdcmple
00000855   _c_int00
0000089d   copy_in
000008e1   C$$EXIT
000008e5   abort
000008ed   exit
00000925   _args_main
0000093d   _register_unlock
00000943   _register_lock
0000094b   _nop
00000951   __TI_decompress_none
0000095f   ResetISR
0000096b   __TI_decompress_rle24
00000980   __TI_Handler_Table_Base
00000988   __TI_CINIT_Base
00000988   __TI_Handler_Table_Limit
00000990   __TI_CINIT_Limit
20000000   __stack
20000200   __STACK_END
20000200   __STACK_TOP
20000200   _lock
20000204   _unlock
20000208   __TI_cleanup_ptr
2000020c   __TI_dtors_ptr
20000210   main_func_sp
ffffffff   __binit__
ffffffff   __c_args__
ffffffff   binit
UNDEFED    SHT$$INIT_ARRAY$$Base
UNDEFED    SHT$$INIT_ARRAY$$Limit

[45 symbols]
