******************************************************************************
                  TI ARM Linker PC v5.1.6                      
******************************************************************************
>> Linked Tue Feb 07 01:12:01 2017

OUTPUT FILE NAME:   <3-wheel_omni(trans).out>
ENTRY POINT SYMBOL: "_c_int00"  address: 00001c75


MEMORY CONFIGURATION

         name            origin    length      used     unused   attr    fill
----------------------  --------  ---------  --------  --------  ----  --------
  FLASH                 00000000   00040000  000020ba  0003df46  R  X
  SRAM                  20000000   00008000  00000410  00007bf0  RW X


SEGMENT ALLOCATION MAP

run origin  load origin   length   init length attrs members
----------  ----------- ---------- ----------- ----- -------
00000000    00000000    000020c0   000020c0    r-x
  00000000    00000000    0000026c   0000026c    r-- .intvecs
  0000026c    0000026c    00001d2e   00001d2e    r-x .text
  00001fa0    00001fa0    000000b0   000000b0    r-- .const
  00002050    00002050    00000070   00000070    r-- .cinit
20000000    20000000    00000410   00000000    rw-
  20000000    20000000    00000200   00000000    rw- .stack
  20000200    20000200    000001b8   00000000    rw- .data
  200003b8    200003b8    00000058   00000000    rw- .bss


SECTION ALLOCATION MAP

 output                                  attributes/
section   page    origin      length       input sections
--------  ----  ----------  ----------   ----------------
.intvecs   0    00000000    0000026c     
                  00000000    0000026c     tm4c123gh6pge_startup_ccs.obj (.intvecs)

.init_array 
*          0    00000000    00000000     UNINITIALIZED

.text      0    0000026c    00001d2e     
                  0000026c    00000de0     main.obj (.text)
                  0000104c    000002a8     rtsv7M4_T_le_v4SPD16_eabi.lib : xsin.obj (.text)
                  000012f4    000001b6                                   : fd_add_t2.obj (.text)
                  000014aa    00000002     --HOLE-- [fill = 0]
                  000014ac    0000016c                                   : fmod.obj (.text)
                  00001618    00000110                                   : xdscale.obj (.text)
                  00001728    000000fc                                   : fd_mul_t2.obj (.text)
                  00001824    000000c4                                   : xdint.obj (.text)
                  000018e8    000000c4                                   : xdnorm.obj (.text)
                  000019ac    0000009c                                   : memcpy_t2.obj (.text)
                  00001a48    00000094                                   : auto_init.obj (.text)
                  00001adc    00000086                                   : fd_cmp_t2.obj (.text:__aeabi_cdcmple)
                  00001b62    00000002     --HOLE-- [fill = 0]
                  00001b64    00000068                                   : round.obj (.text)
                  00001bcc    0000005e                                   : copy_decompress_rle.obj (.text)
                  00001c2a    0000004a                                   : fd_tos_t2.obj (.text)
                  00001c74    00000048                                   : boot.obj (.text)
                  00001cbc    00000048                                   : fd_toi_t2.obj (.text)
                  00001d04    00000044                                   : cpy_tbl.obj (.text)
                  00001d48    00000044                                   : exit.obj (.text)
                  00001d8c    00000044                                   : xdtest.obj (.text)
                  00001dd0    00000040                                   : signal.obj (.text)
                  00001e10    00000038                                   : fs_tod_t2.obj (.text)
                  00001e48    00000034                                   : feraiseexcept.obj (.text)
                  00001e7c    00000030                                   : xferaise.obj (.text)
                  00001eac    0000002e                                   : i_tofd_t2.obj (.text)
                  00001eda    0000002e                                   : raise.obj (.text)
                  00001f08    0000001a                                   : cos.obj (.text)
                  00001f22    0000001a                                   : sin.obj (.text)
                  00001f3c    00000018                                   : args_main.obj (.text)
                  00001f54    00000014                                   : _lock.obj (.text)
                  00001f68    00000012                                   : copy_zero_init.obj (.text:decompress:ZI)
                  00001f7a    0000000e                                   : copy_decompress_none.obj (.text:decompress:none)
                  00001f88    0000000c     tm4c123gh6pge_startup_ccs.obj (.text)
                  00001f94    00000006     rtsv7M4_T_le_v4SPD16_eabi.lib : copy_decompress_rle.obj (.text:decompress:rle24)

.const     0    00001fa0    000000b0     
                  00001fa0    00000080     rtsv7M4_T_le_v4SPD16_eabi.lib : xsin.obj (.const)
                  00002020    00000030                                   : xdint.obj (.const)

.cinit     0    00002050    00000070     
                  00002050    00000045     (.cinit..data.load) [load image, compression = rle]
                  00002095    00000003     --HOLE-- [fill = 0]
                  00002098    0000000c     (__TI_handler_table)
                  000020a4    00000004     --HOLE-- [fill = 0]
                  000020a8    00000008     (.cinit..bss.load) [load image, compression = zero_init]
                  000020b0    00000010     (__TI_cinit_table)

.stack     0    20000000    00000200     UNINITIALIZED
                  20000000    00000200     --HOLE--

.data      0    20000200    000001b8     UNINITIALIZED
                  20000200    000000b0     rtsv7M4_T_le_v4SPD16_eabi.lib : signal.obj (.data:sigtable)
                  200002b0    00000080                                   : xvalues.obj (.data)
                  20000330    00000068     main.obj (.data)
                  20000398    00000008     rtsv7M4_T_le_v4SPD16_eabi.lib : _lock.obj (.data)
                  200003a0    00000008                                   : exit.obj (.data)
                  200003a8    00000008                                   : feraiseexcept.obj (.data)
                  200003b0    00000004                                   : errno.obj (.data)
                  200003b4    00000004                                   : stkdepth_vars.obj (.data)

.bss       0    200003b8    00000058     UNINITIALIZED
                  200003b8    00000004     (.common:duty1)
                  200003bc    00000004     (.common:duty2)
                  200003c0    00000004     (.common:error1)
                  200003c4    00000004     (.common:error2)
                  200003c8    00000004     (.common:imu_data)
                  200003cc    00000004     (.common:intger)
                  200003d0    00000004     (.common:k)
                  200003d4    00000004     (.common:next_byte)
                  200003d8    00000004     (.common:p)
                  200003dc    00000004     (.common:p1)
                  200003e0    00000004     (.common:p2)
                  200003e4    00000004     (.common:setpoint1)
                  200003e8    00000004     (.common:setpoint2)
                  200003ec    00000004     (.common:theta)
                  200003f0    00000004     (.common:value1)
                  200003f4    00000004     (.common:value2)
                  200003f8    00000004     (.common:x)
                  200003fc    00000004     (.common:x1)
                  20000400    00000004     (.common:x2)
                  20000404    00000004     (.common:y)
                  20000408    00000004     (.common:y1)
                  2000040c    00000004     (.common:y2)


LINKER GENERATED COPY TABLES

__TI_cinit_table @ 000020b0 records: 2, size/record: 8, table size: 16
	.data: load addr=00002050, load size=00000045 bytes, run addr=20000200, run size=000001b8 bytes, compression=rle
	.bss: load addr=000020a8, load size=00000008 bytes, run addr=200003b8, run size=00000058 bytes, compression=zero_init


LINKER GENERATED HANDLER TABLE

__TI_handler_table @ 00002098 records: 3, size/record: 4, table size: 12
	index: 0, handler: __TI_decompress_rle24
	index: 1, handler: __TI_decompress_none
	index: 2, handler: __TI_zero_init


GLOBAL SYMBOLS: SORTED ALPHABETICALLY BY Name 

address    name
--------   ----
00001d49   C$$EXIT
00000c51   IMU_init
0000042f   ISR_IMU
000003cf   ISR_encoder1
000003ff   ISR_encoder2
0000051d   ISR_timer
00000d4f   PWM_init
00001f89   ResetISR
UNDEFED    SHT$$INIT_ARRAY$$Base
UNDEFED    SHT$$INIT_ARRAY$$Limit
000002c1   System80Mhz
200002b0   _Denorm
00001825   _Dint
000018e9   _Dnorm
00001619   _Dscale
00001d8d   _Dtest
200002c0   _Eps
200003b0   _Errno
200003a8   _Fenv
00001e7d   _Feraise
200002d0   _Hugeval
200002e0   _Inf
200002f0   _Nan
20000310   _Rteps
0000104d   _Sin
20000300   _Snan
200003ac   _Tls_setup__Fenv
20000320   _Xbig
20000328   _Zero
20000200   __STACK_END
00000200   __STACK_SIZE
20000200   __STACK_TOP
000020b0   __TI_CINIT_Base
000020c0   __TI_CINIT_Limit
00002098   __TI_Handler_Table_Base
000020a4   __TI_Handler_Table_Limit
00000001   __TI_args_main
00001a49   __TI_auto_init
200003a0   __TI_cleanup_ptr
00001f7b   __TI_decompress_none
00001f95   __TI_decompress_rle24
200003a4   __TI_dtors_ptr
00000000   __TI_static_base__
00001f69   __TI_zero_init
00001add   __aeabi_cdcmpeq
00001add   __aeabi_cdcmple
00001c2b   __aeabi_d2f
00001cbd   __aeabi_d2iz
000012ff   __aeabi_dadd
00001729   __aeabi_dmul
000012f5   __aeabi_dsub
00001e11   __aeabi_f2d
00001ead   __aeabi_i2d
000019ad   __aeabi_memcpy
000019ad   __aeabi_memcpy4
000019ad   __aeabi_memcpy8
ffffffff   __binit__
ffffffff   __c_args__
20000000   __stack
00001f3d   _args_main
00001c75   _c_int00
20000398   _lock
00001f63   _nop
00001f5b   _register_lock
00001f55   _register_unlock
2000039c   _unlock
00001d4d   abort
20000330   angle
ffffffff   binit
00001d05   copy_in
00001f09   cos
20000368   crpm1
2000036c   crpm2
20000370   crpm3
20000334   curr1
20000340   curr2
2000037c   data
0000026d   delay
00000e05   dir
200003b8   duty1
200003bc   duty2
2000034c   enc_count
2000033c   enc_count1
20000348   enc_count2
00000cb9   encoder_init
00000835   equations
20000390   er
200003c0   error1
200003c4   error2
00001d55   exit
00001e49   feraiseexcept
000014ad   fmod
00000000   g_pfnVectors
2000038c   i
200003c8   imu_data
200003cc   intger
200003d0   k
20000394   kp
00000e8d   main
200003b4   main_func_sp
000019ad   memcpy
200003d4   next_byte
200003d8   p
200003dc   p1
200003e0   p2
20000338   prev1
20000344   prev2
00001edb   raise
00001b65   round
2000035c   rpm1
20000360   rpm2
20000364   rpm3
200003e4   setpoint1
200003e8   setpoint2
00001dd1   signal
00001f23   sin
200003ec   theta
00000db5   timer_init
00000c05   uart
20000350   v1
20000354   v2
20000358   v3
200003f0   value1
200003f4   value2
20000374   vel_x
20000378   vel_y
200003f8   x
200003fc   x1
20000400   x2
20000404   y
20000408   y1
2000040c   y2


GLOBAL SYMBOLS: SORTED BY Symbol Address 

address    name
--------   ----
00000000   __TI_static_base__
00000000   g_pfnVectors
00000001   __TI_args_main
00000200   __STACK_SIZE
0000026d   delay
000002c1   System80Mhz
000003cf   ISR_encoder1
000003ff   ISR_encoder2
0000042f   ISR_IMU
0000051d   ISR_timer
00000835   equations
00000c05   uart
00000c51   IMU_init
00000cb9   encoder_init
00000d4f   PWM_init
00000db5   timer_init
00000e05   dir
00000e8d   main
0000104d   _Sin
000012f5   __aeabi_dsub
000012ff   __aeabi_dadd
000014ad   fmod
00001619   _Dscale
00001729   __aeabi_dmul
00001825   _Dint
000018e9   _Dnorm
000019ad   __aeabi_memcpy
000019ad   __aeabi_memcpy4
000019ad   __aeabi_memcpy8
000019ad   memcpy
00001a49   __TI_auto_init
00001add   __aeabi_cdcmpeq
00001add   __aeabi_cdcmple
00001b65   round
00001c2b   __aeabi_d2f
00001c75   _c_int00
00001cbd   __aeabi_d2iz
00001d05   copy_in
00001d49   C$$EXIT
00001d4d   abort
00001d55   exit
00001d8d   _Dtest
00001dd1   signal
00001e11   __aeabi_f2d
00001e49   feraiseexcept
00001e7d   _Feraise
00001ead   __aeabi_i2d
00001edb   raise
00001f09   cos
00001f23   sin
00001f3d   _args_main
00001f55   _register_unlock
00001f5b   _register_lock
00001f63   _nop
00001f69   __TI_zero_init
00001f7b   __TI_decompress_none
00001f89   ResetISR
00001f95   __TI_decompress_rle24
00002098   __TI_Handler_Table_Base
000020a4   __TI_Handler_Table_Limit
000020b0   __TI_CINIT_Base
000020c0   __TI_CINIT_Limit
20000000   __stack
20000200   __STACK_END
20000200   __STACK_TOP
200002b0   _Denorm
200002c0   _Eps
200002d0   _Hugeval
200002e0   _Inf
200002f0   _Nan
20000300   _Snan
20000310   _Rteps
20000320   _Xbig
20000328   _Zero
20000330   angle
20000334   curr1
20000338   prev1
2000033c   enc_count1
20000340   curr2
20000344   prev2
20000348   enc_count2
2000034c   enc_count
20000350   v1
20000354   v2
20000358   v3
2000035c   rpm1
20000360   rpm2
20000364   rpm3
20000368   crpm1
2000036c   crpm2
20000370   crpm3
20000374   vel_x
20000378   vel_y
2000037c   data
2000038c   i
20000390   er
20000394   kp
20000398   _lock
2000039c   _unlock
200003a0   __TI_cleanup_ptr
200003a4   __TI_dtors_ptr
200003a8   _Fenv
200003ac   _Tls_setup__Fenv
200003b0   _Errno
200003b4   main_func_sp
200003b8   duty1
200003bc   duty2
200003c0   error1
200003c4   error2
200003c8   imu_data
200003cc   intger
200003d0   k
200003d4   next_byte
200003d8   p
200003dc   p1
200003e0   p2
200003e4   setpoint1
200003e8   setpoint2
200003ec   theta
200003f0   value1
200003f4   value2
200003f8   x
200003fc   x1
20000400   x2
20000404   y
20000408   y1
2000040c   y2
ffffffff   __binit__
ffffffff   __c_args__
ffffffff   binit
UNDEFED    SHT$$INIT_ARRAY$$Base
UNDEFED    SHT$$INIT_ARRAY$$Limit

[132 symbols]
