******************************************************************************
                  TI ARM Linker PC v5.1.6                      
******************************************************************************
>> Linked Tue Feb 07 01:52:37 2017

OUTPUT FILE NAME:   <3 wheel omni(reci).out>
ENTRY POINT SYMBOL: "_c_int00"  address: 00000fc9


MEMORY CONFIGURATION

         name            origin    length      used     unused   attr    fill
----------------------  --------  ---------  --------  --------  ----  --------
  FLASH                 00000000   00040000  000011e2  0003ee1e  R  X
  SRAM                  20000000   00008000  0000026c  00007d94  RW X


SEGMENT ALLOCATION MAP

run origin  load origin   length   init length attrs members
----------  ----------- ---------- ----------- ----- -------
00000000    00000000    000011e8   000011e8    r-x
  00000000    00000000    0000026c   0000026c    r-- .intvecs
  0000026c    0000026c    00000f06   00000f06    r-x .text
  00001174    00001174    00000030   00000030    r-- .const
  000011a8    000011a8    00000040   00000040    r-- .cinit
20000000    20000000    0000026c   00000000    rw-
  20000000    20000000    00000200   00000000    rw- .stack
  20000200    20000200    00000038   00000000    rw- .data
  20000238    20000238    00000034   00000000    rw- .bss


SECTION ALLOCATION MAP

 output                                  attributes/
section   page    origin      length       input sections
--------  ----  ----------  ----------   ----------------
.intvecs   0    00000000    0000026c     
                  00000000    0000026c     tm4c123gh6pge_startup_ccs.obj (.intvecs)

.init_array 
*          0    00000000    00000000     UNINITIALIZED

.text      0    0000026c    00000f06     
                  0000026c    0000071c     main.obj (.text)
                  00000988    000001b6     rtsv7M4_T_le_v4SPD16_eabi.lib : fd_add_t2.obj (.text)
                  00000b3e    000000fc                                   : fd_mul_t2.obj (.text)
                  00000c3a    00000002     --HOLE-- [fill = 0]
                  00000c3c    000000c4                                   : xdint.obj (.text)
                  00000d00    0000009c                                   : memcpy_t2.obj (.text)
                  00000d9c    00000094                                   : auto_init.obj (.text)
                  00000e30    00000086                                   : fd_cmp_t2.obj (.text:__aeabi_cdcmple)
                  00000eb6    00000002     --HOLE-- [fill = 0]
                  00000eb8    00000068                                   : round.obj (.text)
                  00000f20    0000005e                                   : copy_decompress_rle.obj (.text)
                  00000f7e    0000004a                                   : fd_tos_t2.obj (.text)
                  00000fc8    00000048                                   : boot.obj (.text)
                  00001010    00000044                                   : cpy_tbl.obj (.text)
                  00001054    00000044                                   : exit.obj (.text)
                  00001098    00000044                                   : xdtest.obj (.text)
                  000010dc    00000038                                   : fs_tod_t2.obj (.text)
                  00001114    00000018                                   : args_main.obj (.text)
                  0000112c    00000014                                   : _lock.obj (.text)
                  00001140    00000012                                   : copy_zero_init.obj (.text:decompress:ZI)
                  00001152    0000000e                                   : copy_decompress_none.obj (.text:decompress:none)
                  00001160    0000000c     tm4c123gh6pge_startup_ccs.obj (.text)
                  0000116c    00000006     rtsv7M4_T_le_v4SPD16_eabi.lib : copy_decompress_rle.obj (.text:decompress:rle24)

.const     0    00001174    00000030     
                  00001174    00000030     rtsv7M4_T_le_v4SPD16_eabi.lib : xdint.obj (.const)

.cinit     0    000011a8    00000040     
                  000011a8    00000016     (.cinit..data.load) [load image, compression = rle]
                  000011be    00000002     --HOLE-- [fill = 0]
                  000011c0    0000000c     (__TI_handler_table)
                  000011cc    00000004     --HOLE-- [fill = 0]
                  000011d0    00000008     (.cinit..bss.load) [load image, compression = zero_init]
                  000011d8    00000010     (__TI_cinit_table)

.stack     0    20000000    00000200     UNINITIALIZED
                  20000000    00000200     --HOLE--

.data      0    20000200    00000038     UNINITIALIZED
                  20000200    00000024     main.obj (.data)
                  20000224    00000008     rtsv7M4_T_le_v4SPD16_eabi.lib : _lock.obj (.data)
                  2000022c    00000008                                   : exit.obj (.data)
                  20000234    00000004                                   : stkdepth_vars.obj (.data)

.bss       0    20000238    00000034     UNINITIALIZED
                  20000238    00000010     (.common:data)
                  20000248    00000004     (.common:duty3)
                  2000024c    00000004     (.common:error3)
                  20000250    00000004     (.common:p3)
                  20000254    00000004     (.common:rpm3)
                  20000258    00000004     (.common:setpoint3)
                  2000025c    00000004     (.common:sign)
                  20000260    00000004     (.common:value3)
                  20000264    00000004     (.common:x3)
                  20000268    00000004     (.common:y3)


LINKER GENERATED COPY TABLES

__TI_cinit_table @ 000011d8 records: 2, size/record: 8, table size: 16
	.data: load addr=000011a8, load size=00000016 bytes, run addr=20000200, run size=00000038 bytes, compression=rle
	.bss: load addr=000011d0, load size=00000008 bytes, run addr=20000238, run size=00000034 bytes, compression=zero_init


LINKER GENERATED HANDLER TABLE

__TI_handler_table @ 000011c0 records: 3, size/record: 4, table size: 12
	index: 0, handler: __TI_decompress_rle24
	index: 1, handler: __TI_decompress_none
	index: 2, handler: __TI_zero_init


GLOBAL SYMBOLS: SORTED ALPHABETICALLY BY Name 

address    name
--------   ----
00001055   C$$EXIT
0000053f   ISR_encoder3
0000059d   ISR_timer
000003cf   ISR_uart
000006e1   PWM_init
00001161   ResetISR
UNDEFED    SHT$$INIT_ARRAY$$Base
UNDEFED    SHT$$INIT_ARRAY$$Limit
000002c1   System80Mhz
00000c3d   _Dint
00001099   _Dtest
20000200   __STACK_END
00000200   __STACK_SIZE
20000200   __STACK_TOP
000011d8   __TI_CINIT_Base
000011e8   __TI_CINIT_Limit
000011c0   __TI_Handler_Table_Base
000011cc   __TI_Handler_Table_Limit
00000001   __TI_args_main
00000d9d   __TI_auto_init
2000022c   __TI_cleanup_ptr
00001153   __TI_decompress_none
0000116d   __TI_decompress_rle24
20000230   __TI_dtors_ptr
00000000   __TI_static_base__
00001141   __TI_zero_init
00000e31   __aeabi_cdcmpeq
00000e31   __aeabi_cdcmple
00000f7f   __aeabi_d2f
00000993   __aeabi_dadd
00000b3f   __aeabi_dmul
00000989   __aeabi_dsub
000010dd   __aeabi_f2d
00000d01   __aeabi_memcpy
00000d01   __aeabi_memcpy4
00000d01   __aeabi_memcpy8
ffffffff   __binit__
ffffffff   __c_args__
20000000   __stack
00001115   _args_main
00000fc9   _c_int00
20000224   _lock
0000113b   _nop
00001133   _register_lock
0000112d   _register_unlock
20000228   _unlock
00001059   abort
ffffffff   binit
00001011   copy_in
2000021c   crpm3
20000210   curr3
20000238   data
0000026d   delay
20000248   duty3
20000218   enc_count3
0000073d   encoder_init
2000024c   error3
00001061   exit
00000000   g_pfnVectors
20000200   i
20000220   kp
0000084d   main
20000234   main_func_sp
00000d01   memcpy
20000250   p3
20000214   prev3
00000eb9   round
20000254   rpm3
20000258   setpoint3
2000025c   sign
000007b5   timer_init
000007eb   uart_init
2000020c   v3
20000208   v3_frac
20000204   v3_int
20000260   value3
20000264   x3
20000268   y3


GLOBAL SYMBOLS: SORTED BY Symbol Address 

address    name
--------   ----
00000000   __TI_static_base__
00000000   g_pfnVectors
00000001   __TI_args_main
00000200   __STACK_SIZE
0000026d   delay
000002c1   System80Mhz
000003cf   ISR_uart
0000053f   ISR_encoder3
0000059d   ISR_timer
000006e1   PWM_init
0000073d   encoder_init
000007b5   timer_init
000007eb   uart_init
0000084d   main
00000989   __aeabi_dsub
00000993   __aeabi_dadd
00000b3f   __aeabi_dmul
00000c3d   _Dint
00000d01   __aeabi_memcpy
00000d01   __aeabi_memcpy4
00000d01   __aeabi_memcpy8
00000d01   memcpy
00000d9d   __TI_auto_init
00000e31   __aeabi_cdcmpeq
00000e31   __aeabi_cdcmple
00000eb9   round
00000f7f   __aeabi_d2f
00000fc9   _c_int00
00001011   copy_in
00001055   C$$EXIT
00001059   abort
00001061   exit
00001099   _Dtest
000010dd   __aeabi_f2d
00001115   _args_main
0000112d   _register_unlock
00001133   _register_lock
0000113b   _nop
00001141   __TI_zero_init
00001153   __TI_decompress_none
00001161   ResetISR
0000116d   __TI_decompress_rle24
000011c0   __TI_Handler_Table_Base
000011cc   __TI_Handler_Table_Limit
000011d8   __TI_CINIT_Base
000011e8   __TI_CINIT_Limit
20000000   __stack
20000200   __STACK_END
20000200   __STACK_TOP
20000200   i
20000204   v3_int
20000208   v3_frac
2000020c   v3
20000210   curr3
20000214   prev3
20000218   enc_count3
2000021c   crpm3
20000220   kp
20000224   _lock
20000228   _unlock
2000022c   __TI_cleanup_ptr
20000230   __TI_dtors_ptr
20000234   main_func_sp
20000238   data
20000248   duty3
2000024c   error3
20000250   p3
20000254   rpm3
20000258   setpoint3
2000025c   sign
20000260   value3
20000264   x3
20000268   y3
ffffffff   __binit__
ffffffff   __c_args__
ffffffff   binit
UNDEFED    SHT$$INIT_ARRAY$$Base
UNDEFED    SHT$$INIT_ARRAY$$Limit

[78 symbols]
